###############################################################################
#
# IAR ELF Linker V8.22.2.15995/W32 for ARM                09/Apr/2018  15:40:12
# Copyright 2007-2018 IAR Systems AB.
#
#    Output file  =  
#        C:\Users\orange\iCloudDrive\CH\CH_HOME_RO_CODE\CH_HOME_RO_CODE\EWARM\CH_HOME_RO_CODE\Exe\CH_HOME_RO_CODE.out
#    Map file     =  
#        C:\Users\orange\iCloudDrive\CH\CH_HOME_RO_CODE\CH_HOME_RO_CODE\EWARM\CH_HOME_RO_CODE\List\CH_HOME_RO_CODE.map
#    Command line =  
#        -f C:\Users\orange\AppData\Local\Temp\EW3A57.tmp
#        (C:\Users\orange\iCloudDrive\CH\CH_HOME_RO_CODE\CH_HOME_RO_CODE\EWARM\CH_HOME_RO_CODE\Obj\adc.o
#        C:\Users\orange\iCloudDrive\CH\CH_HOME_RO_CODE\CH_HOME_RO_CODE\EWARM\CH_HOME_RO_CODE\Obj\app.o
#        C:\Users\orange\iCloudDrive\CH\CH_HOME_RO_CODE\CH_HOME_RO_CODE\EWARM\CH_HOME_RO_CODE\Obj\bc95.o
#        C:\Users\orange\iCloudDrive\CH\CH_HOME_RO_CODE\CH_HOME_RO_CODE\EWARM\CH_HOME_RO_CODE\Obj\cmsis_os.o
#        C:\Users\orange\iCloudDrive\CH\CH_HOME_RO_CODE\CH_HOME_RO_CODE\EWARM\CH_HOME_RO_CODE\Obj\config.o
#        C:\Users\orange\iCloudDrive\CH\CH_HOME_RO_CODE\CH_HOME_RO_CODE\EWARM\CH_HOME_RO_CODE\Obj\croutine.o
#        C:\Users\orange\iCloudDrive\CH\CH_HOME_RO_CODE\CH_HOME_RO_CODE\EWARM\CH_HOME_RO_CODE\Obj\dma.o
#        C:\Users\orange\iCloudDrive\CH\CH_HOME_RO_CODE\CH_HOME_RO_CODE\EWARM\CH_HOME_RO_CODE\Obj\event_groups.o
#        C:\Users\orange\iCloudDrive\CH\CH_HOME_RO_CODE\CH_HOME_RO_CODE\EWARM\CH_HOME_RO_CODE\Obj\freertos.o
#        C:\Users\orange\iCloudDrive\CH\CH_HOME_RO_CODE\CH_HOME_RO_CODE\EWARM\CH_HOME_RO_CODE\Obj\gpio.o
#        C:\Users\orange\iCloudDrive\CH\CH_HOME_RO_CODE\CH_HOME_RO_CODE\EWARM\CH_HOME_RO_CODE\Obj\heap_4.o
#        C:\Users\orange\iCloudDrive\CH\CH_HOME_RO_CODE\CH_HOME_RO_CODE\EWARM\CH_HOME_RO_CODE\Obj\i2c_eeprom.o
#        C:\Users\orange\iCloudDrive\CH\CH_HOME_RO_CODE\CH_HOME_RO_CODE\EWARM\CH_HOME_RO_CODE\Obj\list.o
#        C:\Users\orange\iCloudDrive\CH\CH_HOME_RO_CODE\CH_HOME_RO_CODE\EWARM\CH_HOME_RO_CODE\Obj\main.o
#        C:\Users\orange\iCloudDrive\CH\CH_HOME_RO_CODE\CH_HOME_RO_CODE\EWARM\CH_HOME_RO_CODE\Obj\port.o
#        C:\Users\orange\iCloudDrive\CH\CH_HOME_RO_CODE\CH_HOME_RO_CODE\EWARM\CH_HOME_RO_CODE\Obj\portasm.o
#        C:\Users\orange\iCloudDrive\CH\CH_HOME_RO_CODE\CH_HOME_RO_CODE\EWARM\CH_HOME_RO_CODE\Obj\queue.o
#        C:\Users\orange\iCloudDrive\CH\CH_HOME_RO_CODE\CH_HOME_RO_CODE\EWARM\CH_HOME_RO_CODE\Obj\startup_stm32f103xb.o
#        C:\Users\orange\iCloudDrive\CH\CH_HOME_RO_CODE\CH_HOME_RO_CODE\EWARM\CH_HOME_RO_CODE\Obj\stm32f1xx_hal.o
#        C:\Users\orange\iCloudDrive\CH\CH_HOME_RO_CODE\CH_HOME_RO_CODE\EWARM\CH_HOME_RO_CODE\Obj\stm32f1xx_hal_adc.o
#        C:\Users\orange\iCloudDrive\CH\CH_HOME_RO_CODE\CH_HOME_RO_CODE\EWARM\CH_HOME_RO_CODE\Obj\stm32f1xx_hal_adc_ex.o
#        C:\Users\orange\iCloudDrive\CH\CH_HOME_RO_CODE\CH_HOME_RO_CODE\EWARM\CH_HOME_RO_CODE\Obj\stm32f1xx_hal_cortex.o
#        C:\Users\orange\iCloudDrive\CH\CH_HOME_RO_CODE\CH_HOME_RO_CODE\EWARM\CH_HOME_RO_CODE\Obj\stm32f1xx_hal_dma.o
#        C:\Users\orange\iCloudDrive\CH\CH_HOME_RO_CODE\CH_HOME_RO_CODE\EWARM\CH_HOME_RO_CODE\Obj\stm32f1xx_hal_flash.o
#        C:\Users\orange\iCloudDrive\CH\CH_HOME_RO_CODE\CH_HOME_RO_CODE\EWARM\CH_HOME_RO_CODE\Obj\stm32f1xx_hal_flash_ex.o
#        C:\Users\orange\iCloudDrive\CH\CH_HOME_RO_CODE\CH_HOME_RO_CODE\EWARM\CH_HOME_RO_CODE\Obj\stm32f1xx_hal_gpio.o
#        C:\Users\orange\iCloudDrive\CH\CH_HOME_RO_CODE\CH_HOME_RO_CODE\EWARM\CH_HOME_RO_CODE\Obj\stm32f1xx_hal_gpio_ex.o
#        C:\Users\orange\iCloudDrive\CH\CH_HOME_RO_CODE\CH_HOME_RO_CODE\EWARM\CH_HOME_RO_CODE\Obj\stm32f1xx_hal_msp.o
#        C:\Users\orange\iCloudDrive\CH\CH_HOME_RO_CODE\CH_HOME_RO_CODE\EWARM\CH_HOME_RO_CODE\Obj\stm32f1xx_hal_pwr.o
#        C:\Users\orange\iCloudDrive\CH\CH_HOME_RO_CODE\CH_HOME_RO_CODE\EWARM\CH_HOME_RO_CODE\Obj\stm32f1xx_hal_rcc.o
#        C:\Users\orange\iCloudDrive\CH\CH_HOME_RO_CODE\CH_HOME_RO_CODE\EWARM\CH_HOME_RO_CODE\Obj\stm32f1xx_hal_rcc_ex.o
#        C:\Users\orange\iCloudDrive\CH\CH_HOME_RO_CODE\CH_HOME_RO_CODE\EWARM\CH_HOME_RO_CODE\Obj\stm32f1xx_hal_tim.o
#        C:\Users\orange\iCloudDrive\CH\CH_HOME_RO_CODE\CH_HOME_RO_CODE\EWARM\CH_HOME_RO_CODE\Obj\stm32f1xx_hal_tim_ex.o
#        C:\Users\orange\iCloudDrive\CH\CH_HOME_RO_CODE\CH_HOME_RO_CODE\EWARM\CH_HOME_RO_CODE\Obj\stm32f1xx_hal_timebase_TIM.o
#        C:\Users\orange\iCloudDrive\CH\CH_HOME_RO_CODE\CH_HOME_RO_CODE\EWARM\CH_HOME_RO_CODE\Obj\stm32f1xx_hal_uart.o
#        C:\Users\orange\iCloudDrive\CH\CH_HOME_RO_CODE\CH_HOME_RO_CODE\EWARM\CH_HOME_RO_CODE\Obj\stm32f1xx_it.o
#        C:\Users\orange\iCloudDrive\CH\CH_HOME_RO_CODE\CH_HOME_RO_CODE\EWARM\CH_HOME_RO_CODE\Obj\system_stm32f1xx.o
#        C:\Users\orange\iCloudDrive\CH\CH_HOME_RO_CODE\CH_HOME_RO_CODE\EWARM\CH_HOME_RO_CODE\Obj\tasks.o
#        C:\Users\orange\iCloudDrive\CH\CH_HOME_RO_CODE\CH_HOME_RO_CODE\EWARM\CH_HOME_RO_CODE\Obj\tim.o
#        C:\Users\orange\iCloudDrive\CH\CH_HOME_RO_CODE\CH_HOME_RO_CODE\EWARM\CH_HOME_RO_CODE\Obj\timers.o
#        C:\Users\orange\iCloudDrive\CH\CH_HOME_RO_CODE\CH_HOME_RO_CODE\EWARM\CH_HOME_RO_CODE\Obj\tools.o
#        C:\Users\orange\iCloudDrive\CH\CH_HOME_RO_CODE\CH_HOME_RO_CODE\EWARM\CH_HOME_RO_CODE\Obj\usart.o
#        --redirect _Printf=_PrintfFull --redirect _Scanf=_ScanfFull -o
#        C:\Users\orange\iCloudDrive\CH\CH_HOME_RO_CODE\CH_HOME_RO_CODE\EWARM\CH_HOME_RO_CODE\Exe\CH_HOME_RO_CODE.out
#        --map
#        C:\Users\orange\iCloudDrive\CH\CH_HOME_RO_CODE\CH_HOME_RO_CODE\EWARM\CH_HOME_RO_CODE\List\CH_HOME_RO_CODE.map
#        --config
#        C:\Users\orange\iCloudDrive\CH\CH_HOME_RO_CODE\CH_HOME_RO_CODE\EWARM/stm32f103xb_flash.icf
#        --semihosting --entry __iar_program_start --vfe --text_out locale)
#
###############################################################################

*******************************************************************************
*** RUNTIME MODEL ATTRIBUTES
***

CppFlavor       = *
__SystemLibrary = DLib
__dlib_version  = 6


*******************************************************************************
*** HEAP SELECTION
***

The basic heap was selected because no calls to memory allocation
functions were found in the application outside of system library
functions, and there are calls to deallocation functions in the
application.


*******************************************************************************
*** PLACEMENT SUMMARY
***

"A0":  place at 0x08000000 { ro section .intvec };
"P1":  place in [from 0x08000000 to 0x0801ffff] { ro };
define block CSTACK with size = 1K, alignment = 8 { };
define block HEAP with size = 512, alignment = 8 { };
"P2":  place in [from 0x20000000 to 0x20004fff] {
          rw, block CSTACK, block HEAP };
initialize by copy { rw };

  Section            Kind        Address    Size  Object
  -------            ----        -------    ----  ------
"A0":                                       0xec
  .intvec            ro code  0x08000000    0xec  startup_stm32f103xb.o [1]
                            - 0x080000ec    0xec

"P1":                                     0x852f
  .text              ro code  0x080000ec   0xf96  xprintffull.o [3]
  .text              ro code  0x08001082    0x7a  lz77_init_single.o [5]
  .text              ro code  0x080010fc   0x108  xlocale_c.o [3]
  .text              ro code  0x08001204    0x16  strchr.o [5]
  .text              ro code  0x0800121a    0x26  xencoding_8859_1.o [3]
  .text              ro code  0x08001240    0x40  xfail_s.o [3]
  .text              ro code  0x08001280    0x36  strlen.o [5]
  .text              ro code  0x080012b6    0x1e  xsscin.o [3]
  .text              ro code  0x080012d4    0x58  memchr.o [5]
  .text              ro code  0x0800132c     0xa  xmbcurmax.o [3]
  .text              ro code  0x08001336     0xa  xsprout.o [3]
  .text              ro code  0x08001340    0xa6  ABImemcpy.o [5]
  .text              ro code  0x080013e8   0x22e  I64DivMod.o [5]
  .text              ro code  0x08001618   0x1a2  DblMul.o [4]
  .text              ro code  0x080017bc    0x70  frexp.o [4]
  .text              ro code  0x0800182c    0x2e  DblCmpLe.o [4]
  .text              ro code  0x0800185c    0x2e  DblCmpGe.o [4]
  .text              ro code  0x0800188c   0x13a  ldexp.o [4]
  .text              ro code  0x080019c8    0x3a  DblToS32.o [4]
  .text              ro code  0x08001a04    0x22  S32ToDbl.o [4]
  .text              ro code  0x08001a28    0xe2  DblSub.o [4]
  .text              ro code  0x08001b0c   0x246  DblDiv.o [4]
  .text              ro code  0x08001d54    0x28  DblToU32.o [4]
  .text              ro code  0x08001d7c    0x1a  U32ToDbl.o [4]
  .text              ro code  0x08001d96     0x6  abort.o [3]
  .text              ro code  0x08001d9c     0x2  I64DivZer.o [5]
  .text              ro code  0x08001da0   0x178  DblAdd.o [4]
  .text              ro code  0x08001f18    0x14  exit.o [6]
  .text              ro code  0x08001f2c   0xee8  xscanffull.o [3]
  .text              ro code  0x08002e14    0x3c  wctob.o [3]
  .text              ro code  0x08002e50    0x14  isspace.o [3]
  .text              ro code  0x08002e64    0x9c  iar_Stollx.o [3]
  .text              ro code  0x08002f00   0x1b8  iar_Stoullx.o [3]
  .text              ro code  0x080030b8    0x5c  system_stm32f1xx.o [1]
  .text              ro code  0x08003118   0x460  strto64.o [4]
  .text              ro code  0x08003578    0x14  isalpha.o [3]
  .text              ro code  0x0800358c    0x68  DblToFlt.o [4]
  .text              ro code  0x080035f4    0x14  tolower.o [3]
  .text              ro code  0x08003608   0x122  iar_Stopfx.o [3]
  .text              ro code  0x0800372c   0x1c8  iar_Stoflt.o [3]
  .text              ro code  0x080038f4   0x21c  iar_Stoxflt.o [3]
  .text              ro code  0x08003b10   0x658  tasks.o [1]
  .text              ro code  0x08004168   0x1b0  heap_4.o [1]
  .text              ro code  0x08004318    0x8e  list.o [1]
  .text              ro code  0x080043a8   0x158  port.o [1]
  CODE               ro code  0x08004500    0x88  portasm.o [1]
  .text              ro code  0x08004588   0x650  bc95.o [1]
  .text              ro code  0x08004bd8    0x30  app.o [1]
  .text              ro code  0x08004c08   0x5ac  stm32f1xx_hal_uart.o [1]
  .text              ro code  0x080051b4    0x66  cmsis_os.o [1]
  .text              ro code  0x0800521c   0x1d8  stm32f1xx_hal_gpio.o [1]
  .text              ro code  0x080053f4     0x6  ABImemclr4.o [5]
  .text              ro code  0x080053fa    0x30  strstr.o [3]
  .text              ro code  0x0800542c    0x96  ABImemmove.o [5]
  .text              ro code  0x080054c4   0x174  iar_Stoulx.o [3]
  .text              ro code  0x08005638    0x20  strcat.o [3]
  .text              ro code  0x08005658    0x40  sprintf.o [3]
  .text              ro code  0x08005698   0x4e4  tools.o [1]
  .text              ro code  0x08005b7c   0x234  usart.o [1]
  .text              ro code  0x08005db0   0x32e  stm32f1xx_hal_dma.o [1]
  .text              ro code  0x080060de     0x2  stm32f1xx_hal_uart.o [1]
  .text              ro code  0x080060e0     0x2  stm32f1xx_hal_uart.o [1]
  .text              ro code  0x080060e2     0x2  stm32f1xx_hal_uart.o [1]
  .text              ro code  0x080060e4     0x2  stm32f1xx_hal_uart.o [1]
  .text              ro code  0x080060e6     0x2  stm32f1xx_hal_uart.o [1]
  .text              ro code  0x080060e8   0x516  stm32f1xx_hal_rcc.o [1]
  .text              ro code  0x08006600    0x32  ABImemset48.o [5]
  .text              ro code  0x08006634   0x266  i2c_eeprom.o [1]
  .text              ro code  0x0800689c    0xd4  stm32f1xx_hal_adc_ex.o [1]
  .text              ro code  0x08006970   0x436  stm32f1xx_hal_adc.o [1]
  .text              ro code  0x08006da8    0x28  sscanf.o [3]
  .text              ro code  0x08006dd0   0x5fe  stm32f1xx_hal_tim.o [1]
  .text              ro code  0x080073d0   0x13e  main.o [1]
  .text              ro code  0x08007510    0xe0  stm32f1xx_hal_cortex.o [1]
  .text              ro code  0x080075f0     0xc  stm32f1xx_hal.o [1]
  .text              ro code  0x080075fc    0x78  stm32f1xx_hal_timebase_TIM.o [1]
  .text              ro code  0x08007674   0x1b2  stm32f1xx_hal_rcc_ex.o [1]
  .text              ro code  0x08007828   0x170  adc.o [1]
  .text              ro code  0x08007998     0x2  stm32f1xx_hal_adc.o [1]
  .text              ro code  0x0800799a     0x2  stm32f1xx_hal_adc.o [1]
  .text              ro code  0x0800799c     0x2  stm32f1xx_hal_adc.o [1]
  .text              ro code  0x080079a0   0x26c  tim.o [1]
  .text              ro code  0x08007c0c     0x2  stm32f1xx_hal_tim.o [1]
  .text              ro code  0x08007c0e     0x2  stm32f1xx_hal_tim_ex.o [1]
  .text              ro code  0x08007c10     0x2  stm32f1xx_hal_tim.o [1]
  .text              ro code  0x08007c12     0x2  stm32f1xx_hal_tim_ex.o [1]
  .text              ro code  0x08007c14     0x2  stm32f1xx_hal_tim.o [1]
  .text              ro code  0x08007c18    0x24  stm32f1xx_hal.o [1]
  .text              ro code  0x08007c3c   0x11a  gpio.o [1]
  .text              ro code  0x08007d58    0x70  dma.o [1]
  .text              ro code  0x08007dc8    0x28  stm32f1xx_hal.o [1]
  .text              ro code  0x08007df0   0x3e4  freertos.o [1]
  .text              ro code  0x080081d4    0x10  stm32f1xx_hal.o [1]
  .text              ro code  0x080081e4    0x4a  stm32f1xx_hal_tim_ex.o [1]
  .text              ro code  0x08008230    0x88  stm32f1xx_hal_msp.o [1]
  .text              ro code  0x080082b8    0x94  stm32f1xx_it.o [1]
  .rodata            const    0x0800834c    0x54  freertos.o [1]
  .text              ro code  0x080083a0    0x40  zero_init3.o [5]
  .text              ro code  0x080083e0    0x28  data_init.o [5]
  .iar.init_table    const    0x08008408    0x20  - Linker created -
  .text              ro code  0x08008428    0x1e  cmain.o [5]
  .text              ro code  0x08008446     0x4  low_level_init.o [3]
  .text              ro code  0x0800844a     0x4  exit.o [3]
  .text              ro code  0x08008450     0xa  cexit.o [5]
  .text              ro code  0x0800845c    0x10  startup_stm32f103xb.o [1]
  .text              ro code  0x0800846c     0xc  cstartup_M.o [5]
  .rodata            const    0x08008478     0x8  system_stm32f1xx.o [1]
  .rodata            const    0x08008480     0x6  xlocale_c.o [3]
  .text              ro code  0x08008486     0x4  startup_stm32f103xb.o [1]
  .text              ro code  0x0800848a     0x4  startup_stm32f103xb.o [1]
  .text              ro code  0x0800848e     0x4  startup_stm32f103xb.o [1]
  .text              ro code  0x08008492     0x4  startup_stm32f103xb.o [1]
  .text              ro code  0x08008496     0x4  startup_stm32f103xb.o [1]
  .text              ro code  0x0800849a     0x4  startup_stm32f103xb.o [1]
  .text              ro code  0x0800849e     0x4  startup_stm32f103xb.o [1]
  .text              ro code  0x080084a2     0x4  startup_stm32f103xb.o [1]
  .text              ro code  0x080084a6     0x4  startup_stm32f103xb.o [1]
  .text              ro code  0x080084aa     0x4  startup_stm32f103xb.o [1]
  .text              ro code  0x080084ae     0x4  startup_stm32f103xb.o [1]
  .text              ro code  0x080084b2     0x4  startup_stm32f103xb.o [1]
  .text              ro code  0x080084b6     0x4  startup_stm32f103xb.o [1]
  .text              ro code  0x080084ba     0x4  startup_stm32f103xb.o [1]
  .text              ro code  0x080084be     0x4  startup_stm32f103xb.o [1]
  .text              ro code  0x080084c2     0x4  startup_stm32f103xb.o [1]
  .text              ro code  0x080084c6     0x4  startup_stm32f103xb.o [1]
  .text              ro code  0x080084ca     0x4  startup_stm32f103xb.o [1]
  .text              ro code  0x080084ce     0x4  startup_stm32f103xb.o [1]
  .text              ro code  0x080084d2     0x4  startup_stm32f103xb.o [1]
  .text              ro code  0x080084d6     0x4  startup_stm32f103xb.o [1]
  .text              ro code  0x080084da     0x4  startup_stm32f103xb.o [1]
  .text              ro code  0x080084de     0x4  startup_stm32f103xb.o [1]
  .text              ro code  0x080084e2     0x4  startup_stm32f103xb.o [1]
  .text              ro code  0x080084e6     0x4  startup_stm32f103xb.o [1]
  .text              ro code  0x080084ea     0x4  startup_stm32f103xb.o [1]
  .text              ro code  0x080084ee     0x4  startup_stm32f103xb.o [1]
  .text              ro code  0x080084f2     0x4  startup_stm32f103xb.o [1]
  .text              ro code  0x080084f6     0x4  startup_stm32f103xb.o [1]
  .rodata            const    0x080084fa     0x0  zero_init3.o [5]
  .rodata            const    0x080084fa     0x0  lz77_init_single.o [5]
  Initializer bytes  const    0x080084fa   0x121  <for P2-1>
                            - 0x0800861b  0x852f

"P2", part 1 of 3:                         0x340
  P2-1                        0x20000000   0x340  <Init block>
    .data            inited   0x20000000   0x298  bc95.o [1]
    .data            inited   0x20000298     0xc  bc95.o [1]
    .data            inited   0x200002a4     0xc  port.o [1]
    .data            inited   0x200002b0     0xc  stm32f1xx_hal.o [1]
    .data            inited   0x200002bc     0x4  system_stm32f1xx.o [1]
    .data            inited   0x200002c0    0x38  xlocale_c.o [3]
    .data            inited   0x200002f8    0x48  xlocale_c.o [3]
                            - 0x20000340   0x340

"P2", part 2 of 3:                        0x47d4
  .bss               zero     0x20000340  0x4280  heap_4.o [1]
  .bss               zero     0x200045c0   0x110  usart.o [1]
  .bss               zero     0x200046d0    0xa0  tasks.o [1]
  .bss               zero     0x20004770    0x8c  tasks.o [1]
  .bss               zero     0x200047fc    0x84  app.o [1]
  .bss               zero     0x20004880    0x78  tools.o [1]
  .bss               zero     0x200048f8    0x44  adc.o [1]
  .bss               zero     0x2000493c    0x40  stm32f1xx_hal_timebase_TIM.o [1]
  .bss               zero     0x2000497c    0x40  tim.o [1]
  .bss               zero     0x200049bc    0x40  tim.o [1]
  .bss               zero     0x200049fc    0x40  tim.o [1]
  .bss               zero     0x20004a3c    0x40  usart.o [1]
  .bss               zero     0x20004a7c    0x40  usart.o [1]
  .bss               zero     0x20004abc    0x30  adc.o [1]
  .bss               zero     0x20004aec    0x10  freertos.o [1]
  .bss               zero     0x20004afc     0x8  app.o [1]
  .bss               zero     0x20004b04     0x8  freertos.o [1]
  .bss               zero     0x20004b0c     0x4  tools.o [1]
  .bss               zero     0x20004b10     0x4  xfail_s.o [3]
                            - 0x20004b14  0x47d4

"P2", part 3 of 3:                         0x400
  CSTACK                      0x20004b18   0x400  <Block>
    CSTACK           uninit   0x20004b18   0x400  <Block tail>
                            - 0x20004f18   0x400


*******************************************************************************
*** INIT TABLE
***

          Address     Size
          -------     ----
Zero (__iar_zero_init3)
    1 destination range, total size 0x47d4:
          0x20000340  0x47d4

Copy/lz77 (__iar_lz77_init_single3)
    1 source range, total size 0x121 (34% of destination):
          0x080084fa   0x121
    1 destination range, total size 0x340:
          0x20000000   0x340



*******************************************************************************
*** MODULE SUMMARY
***

    Module                        ro code  ro data  rw data
    ------                        -------  -------  -------
C:\Users\orange\iCloudDrive\CH\CH_HOME_RO_CODE\CH_HOME_RO_CODE\EWARM\CH_HOME_RO_CODE\Obj: [1]
    adc.o                             368               116
    app.o                              48               140
    bc95.o                          1 616      234      676
    cmsis_os.o                        102
    dma.o                             112
    freertos.o                        996       84       24
    gpio.o                            282
    heap_4.o                          432            17 024
    i2c_eeprom.o                      614
    list.o                            142
    main.o                            318
    port.o                            344        4       12
    portasm.o                         136
    startup_stm32f103xb.o             368
    stm32f1xx_hal.o                   104        5       12
    stm32f1xx_hal_adc.o             1 084
    stm32f1xx_hal_adc_ex.o            212
    stm32f1xx_hal_cortex.o            224
    stm32f1xx_hal_dma.o               814
    stm32f1xx_hal_gpio.o              472
    stm32f1xx_hal_msp.o               136
    stm32f1xx_hal_rcc.o             1 302
    stm32f1xx_hal_rcc_ex.o            434
    stm32f1xx_hal_tim.o             1 540
    stm32f1xx_hal_tim_ex.o             78
    stm32f1xx_hal_timebase_TIM.o      120                64
    stm32f1xx_hal_uart.o            1 462
    stm32f1xx_it.o                    148
    system_stm32f1xx.o                 92        9        4
    tasks.o                         1 624               300
    tim.o                             620               192
    tools.o                         1 252               124
    usart.o                           564               400
    -------------------------------------------------------
    Total:                         18 160      336   19 088

command line: [2]
    -------------------------------------------------------
    Total:

dl7M_tlf.a: [3]
    abort.o                             6
    exit.o                              4
    iar_Stoflt.o                      456
    iar_Stollx.o                      156
    iar_Stopfx.o                      290
    iar_Stoullx.o                     440
    iar_Stoulx.o                      372
    iar_Stoxflt.o                     540
    isalpha.o                          20
    isspace.o                          20
    low_level_init.o                    4
    sprintf.o                          64
    sscanf.o                           40
    strcat.o                           32
    strstr.o                           48
    tolower.o                          20
    wctob.o                            60
    xencoding_8859_1.o                 38
    xfail_s.o                          64                 4
    xlocale_c.o                       264       51      128
    xmbcurmax.o                        10
    xprintffull.o                   3 990
    xscanffull.o                    3 816
    xsprout.o                          10
    xsscin.o                           30
    -------------------------------------------------------
    Total:                         10 794       51      132

m7M_tl.a: [4]
    DblAdd.o                          376
    DblCmpGe.o                         46
    DblCmpLe.o                         46
    DblDiv.o                          582
    DblMul.o                          418
    DblSub.o                          226
    DblToFlt.o                        104
    DblToS32.o                         58
    DblToU32.o                         40
    S32ToDbl.o                         34
    U32ToDbl.o                         26
    frexp.o                           112
    ldexp.o                           314
    strto64.o                       1 120
    -------------------------------------------------------
    Total:                          3 502

rt7M_tl.a: [5]
    ABImemclr4.o                        6
    ABImemcpy.o                       166
    ABImemmove.o                      150
    ABImemset48.o                      50
    I64DivMod.o                       558
    I64DivZer.o                         2
    cexit.o                            10
    cmain.o                            30
    cstartup_M.o                       12
    data_init.o                        40
    lz77_init_single.o                122
    memchr.o                           88
    strchr.o                           22
    strlen.o                           54
    zero_init3.o                       64
    -------------------------------------------------------
    Total:                          1 374

shb_l.a: [6]
    exit.o                             20
    -------------------------------------------------------
    Total:                             20

    Gaps                               62
    Linker created                              32    1 024
-----------------------------------------------------------
    Grand Total:                   33 912      419   20 244


*******************************************************************************
*** ENTRY LIST
***

Entry                      Address    Size  Type      Object
-----                      -------    ----  ----      ------
.iar.init_table$$Base   0x08008408           --   Gb  - Linker created -
.iar.init_table$$Limit  0x08008428           --   Gb  - Linker created -
?main                   0x08008429          Code  Gb  cmain.o [5]
ADC_ConversionStop_Disable
                        0x08006cfd    0x44  Code  Gb  stm32f1xx_hal_adc.o [1]
ADC_DMAConvCplt         0x08006d41    0x48  Code  Gb  stm32f1xx_hal_adc.o [1]
ADC_DMAError            0x08006d91    0x16  Code  Gb  stm32f1xx_hal_adc.o [1]
ADC_DMAHalfConvCplt     0x08006d89     0x6  Code  Gb  stm32f1xx_hal_adc.o [1]
ADC_Enable              0x08006c6f    0x6a  Code  Gb  stm32f1xx_hal_adc.o [1]
AHBPrescTable           0x08003104    0x10  Data  Gb  system_stm32f1xx.o [1]
APBPrescTable           0x08008478     0x8  Data  Gb  system_stm32f1xx.o [1]
AppTaskHandle           0x20004aec     0x4  Data  Gb  freertos.o [1]
Bc95InitTaskHandle      0x20004b04     0x4  Data  Gb  freertos.o [1]
Bc95RecvTaskHandle      0x20004af8     0x4  Data  Gb  freertos.o [1]
Bc95SendTaskHandle      0x20004b08     0x4  Data  Gb  freertos.o [1]
BusFault_Handler        0x080082bf     0x2  Code  Gb  stm32f1xx_it.o [1]
ByteToHexStr            0x08005829    0x4a  Code  Gb  tools.o [1]
CSTACK$$Base            0x20004b18           --   Gb  - Linker created -
CSTACK$$Limit           0x20004f18           --   Gb  - Linker created -
CacheMore               0x0800113d    0x24  Code  Lc  xlocale_c.o [3]
ControlTaskHandle       0x20004af0     0x4  Data  Gb  freertos.o [1]
DMA1_Channel1_IRQHandler
                        0x080082c9     0x6  Code  Gb  stm32f1xx_it.o [1]
DMA1_Channel4_IRQHandler
                        0x080082cf     0x6  Code  Gb  stm32f1xx_it.o [1]
DMA1_Channel5_IRQHandler
                        0x080082d5     0x6  Code  Gb  stm32f1xx_it.o [1]
DMA1_Channel6_IRQHandler
                        0x080082db     0x6  Code  Gb  stm32f1xx_it.o [1]
DMA1_Channel7_IRQHandler
                        0x080082e1     0x6  Code  Gb  stm32f1xx_it.o [1]
DMA_SetConfig           0x080060bd    0x22  Code  Lc  stm32f1xx_hal_dma.o [1]
DebugMon_Handler        0x080082c3     0x2  Code  Gb  stm32f1xx_it.o [1]
Dtentox                 0x08003225   0x18c  Code  Lc  strto64.o [4]
EEPROM_CheckOk          0x080067af    0x16  Code  Gb  i2c_eeprom.o [1]
EEPROM_ReadBytes        0x080067c5    0x64  Code  Gb  i2c_eeprom.o [1]
EEPROM_WriteBytes       0x08006829    0x72  Code  Gb  i2c_eeprom.o [1]
ErrorCheckTaskHandle    0x20004af4     0x4  Data  Gb  freertos.o [1]
HAL_ADCEx_Calibration_Start
                        0x0800689d    0xba  Code  Gb  stm32f1xx_hal_adc_ex.o [1]
HAL_ADC_ConfigChannel   0x08006b73    0xe4  Code  Gb  stm32f1xx_hal_adc.o [1]
HAL_ADC_Init            0x08006971    0xf4  Code  Gb  stm32f1xx_hal_adc.o [1]
HAL_ADC_MspInit         0x080078b1    0x7e  Code  Gb  adc.o [1]
HAL_ADC_Start_DMA       0x08006a79    0xfa  Code  Gb  stm32f1xx_hal_adc.o [1]
HAL_DMA_Abort           0x08005e91    0x2c  Code  Gb  stm32f1xx_hal_dma.o [1]
HAL_DMA_Abort_IT        0x08005ebd    0x9a  Code  Gb  stm32f1xx_hal_dma.o [1]
HAL_DMA_IRQHandler      0x08005f57   0x140  Code  Gb  stm32f1xx_hal_dma.o [1]
HAL_DMA_Init            0x08005db1    0x64  Code  Gb  stm32f1xx_hal_dma.o [1]
HAL_DMA_Start_IT        0x08005e1d    0x74  Code  Gb  stm32f1xx_hal_dma.o [1]
HAL_Delay               0x08007dc9    0x28  Code  Wk  stm32f1xx_hal.o [1]
HAL_GPIO_Init           0x0800521d   0x182  Code  Gb  stm32f1xx_hal_gpio.o [1]
HAL_GPIO_ReadPin        0x0800539f     0xc  Code  Gb  stm32f1xx_hal_gpio.o [1]
HAL_GPIO_TogglePin      0x080053b7     0x8  Code  Gb  stm32f1xx_hal_gpio.o [1]
HAL_GPIO_WritePin       0x080053ab     0xc  Code  Gb  stm32f1xx_hal_gpio.o [1]
HAL_GetTick             0x080075f1     0xc  Code  Wk  stm32f1xx_hal.o [1]
HAL_IncTick             0x080081d5    0x10  Code  Wk  stm32f1xx_hal.o [1]
HAL_Init                0x08007c19    0x20  Code  Gb  stm32f1xx_hal.o [1]
HAL_InitTick            0x080075fd    0x68  Code  Gb  stm32f1xx_hal_timebase_TIM.o [1]
HAL_MspInit             0x08008231    0x88  Code  Gb  stm32f1xx_hal_msp.o [1]
HAL_NVIC_EnableIRQ      0x08007583     0xa  Code  Gb  stm32f1xx_hal_cortex.o [1]
HAL_NVIC_SetPriority    0x08007549    0x3a  Code  Gb  stm32f1xx_hal_cortex.o [1]
HAL_NVIC_SetPriorityGrouping
                        0x0800752f    0x1a  Code  Gb  stm32f1xx_hal_cortex.o [1]
HAL_RCCEx_GetPeriphCLKFreq
                        0x08007751    0xaa  Code  Gb  stm32f1xx_hal_rcc_ex.o [1]
HAL_RCCEx_GetPeriphCLKFreq::aPLLMULFactorTable
                        0x08007814    0x10  Data  Lc  stm32f1xx_hal_rcc_ex.o [1]
HAL_RCCEx_GetPeriphCLKFreq::aPredivFactorTable
                        0x08007824     0x2  Data  Lc  stm32f1xx_hal_rcc_ex.o [1]
HAL_RCCEx_PeriphCLKConfig
                        0x08007675    0xda  Code  Gb  stm32f1xx_hal_rcc_ex.o [1]
HAL_RCC_ClockConfig     0x08006405   0x10c  Code  Gb  stm32f1xx_hal_rcc.o [1]
HAL_RCC_GetClockConfig  0x0800658b    0x36  Code  Gb  stm32f1xx_hal_rcc.o [1]
HAL_RCC_GetHCLKFreq     0x08006561     0x6  Code  Gb  stm32f1xx_hal_rcc.o [1]
HAL_RCC_GetPCLK1Freq    0x08006567    0x10  Code  Gb  stm32f1xx_hal_rcc.o [1]
HAL_RCC_GetPCLK2Freq    0x08006577     0xe  Code  Gb  stm32f1xx_hal_rcc.o [1]
HAL_RCC_GetSysClockFreq
                        0x08006525    0x3c  Code  Gb  stm32f1xx_hal_rcc.o [1]
HAL_RCC_GetSysClockFreq::aPLLMULFactorTable
                        0x080065ec    0x10  Data  Lc  stm32f1xx_hal_rcc.o [1]
HAL_RCC_GetSysClockFreq::aPredivFactorTable
                        0x080065fc     0x2  Data  Lc  stm32f1xx_hal_rcc.o [1]
HAL_RCC_OscConfig       0x080060e9   0x314  Code  Gb  stm32f1xx_hal_rcc.o [1]
HAL_SYSTICK_CLKSourceConfig
                        0x080075bf    0x1a  Code  Gb  stm32f1xx_hal_cortex.o [1]
HAL_SYSTICK_Config      0x08007597    0x28  Code  Gb  stm32f1xx_hal_cortex.o [1]
HAL_TIMEx_BreakCallback
                        0x08007c0f     0x2  Code  Wk  stm32f1xx_hal_tim_ex.o [1]
HAL_TIMEx_CommutationCallback
                        0x08007c13     0x2  Code  Wk  stm32f1xx_hal_tim_ex.o [1]
HAL_TIMEx_MasterConfigSynchronization
                        0x080081e5    0x4a  Code  Gb  stm32f1xx_hal_tim_ex.o [1]
HAL_TIM_Base_Init       0x08006dd1    0x1a  Code  Gb  stm32f1xx_hal_tim.o [1]
HAL_TIM_Base_MspInit    0x08007ac9    0x86  Code  Gb  tim.o [1]
HAL_TIM_Base_Start_IT   0x08006deb    0x16  Code  Gb  stm32f1xx_hal_tim.o [1]
HAL_TIM_Base_Stop_IT    0x08006e01    0x2e  Code  Gb  stm32f1xx_hal_tim.o [1]
HAL_TIM_ConfigClockSource
                        0x08007183    0xac  Code  Gb  stm32f1xx_hal_tim.o [1]
HAL_TIM_IC_CaptureCallback
                        0x08005699    0x26  Code  Gb  tools.o [1]
HAL_TIM_IC_ConfigChannel
                        0x08007051   0x104  Code  Gb  stm32f1xx_hal_tim.o [1]
HAL_TIM_IC_Init         0x08006e8b    0x1a  Code  Gb  stm32f1xx_hal_tim.o [1]
HAL_TIM_IC_MspInit      0x08007b4f    0x48  Code  Gb  tim.o [1]
HAL_TIM_IC_Start_IT     0x08006eb5    0x3a  Code  Gb  stm32f1xx_hal_tim.o [1]
HAL_TIM_IRQHandler      0x08006f09   0x142  Code  Gb  stm32f1xx_hal_tim.o [1]
HAL_TIM_PeriodElapsedCallback
                        0x080074cd    0x28  Code  Gb  main.o [1]
HAL_UART_DMAStop        0x08004d8b    0x48  Code  Gb  stm32f1xx_hal_uart.o [1]
HAL_UART_IRQHandler     0x08004deb   0x152  Code  Gb  stm32f1xx_hal_uart.o [1]
HAL_UART_Init           0x08004c09    0x1e  Code  Gb  stm32f1xx_hal_uart.o [1]
HAL_UART_MspInit        0x08005bcf   0x14c  Code  Gb  usart.o [1]
HAL_UART_Receive_DMA    0x08004cf9    0x92  Code  Gb  stm32f1xx_hal_uart.o [1]
HAL_UART_Transmit_DMA   0x08004c81    0x78  Code  Gb  stm32f1xx_hal_uart.o [1]
HardFault_Handler       0x080082bb     0x2  Code  Gb  stm32f1xx_it.o [1]
I2C_Ack                 0x0800671f    0x14  Code  Gb  i2c_eeprom.o [1]
I2C_CheckDevice         0x0800678f    0x20  Code  Gb  i2c_eeprom.o [1]
I2C_Delay               0x08006635     0x2  Code  Lc  i2c_eeprom.o [1]
I2C_NAck                0x0800675d    0x10  Code  Gb  i2c_eeprom.o [1]
I2C_ReadByte            0x080066a3    0x32  Code  Gb  i2c_eeprom.o [1]
I2C_SendByte            0x08006657    0x42  Code  Gb  i2c_eeprom.o [1]
I2C_Start               0x08006637    0x16  Code  Gb  i2c_eeprom.o [1]
I2C_Stop                0x0800664d     0xa  Code  Gb  i2c_eeprom.o [1]
I2C_WaitAck             0x080066e1    0x30  Code  Gb  i2c_eeprom.o [1]
LoadInt                 0x080002db    0x7a  Code  Lc  xprintffull.o [3]
MX_ADC1_Init            0x08007829    0x74  Code  Gb  adc.o [1]
MX_DMA_Init             0x08007d59    0x70  Code  Gb  dma.o [1]
MX_FREERTOS_Init        0x08007df1    0x30  Code  Gb  freertos.o [1]
MX_GPIO_Init            0x08007c3d    0xfa  Code  Gb  gpio.o [1]
MX_TIM1_Init            0x080079a1    0x4a  Code  Gb  tim.o [1]
MX_TIM2_Init            0x080079ed    0x46  Code  Gb  tim.o [1]
MX_TIM3_Init            0x08007a61    0x68  Code  Gb  tim.o [1]
MX_USART1_UART_Init     0x08005b7d    0x16  Code  Gb  usart.o [1]
MX_USART2_UART_Init     0x08005b93    0x16  Code  Gb  usart.o [1]
MemManage_Handler       0x080082bd     0x2  Code  Gb  stm32f1xx_it.o [1]
NMI_Handler             0x080082b9     0x2  Code  Gb  stm32f1xx_it.o [1]
NVIC_SetPriority        0x08007511    0x1e  Code  Lc  stm32f1xx_hal_cortex.o [1]
PendSV_Handler          0x08004501          Code  Gb  portasm.o [1]
Region$$Table$$Base     0x08008408           --   Gb  - Linker created -
Region$$Table$$Limit    0x08008428           --   Gb  - Linker created -
SVC_Handler             0x08004547          Code  Gb  portasm.o [1]
StartAppTask            0x08007e21    0x4e  Code  Gb  freertos.o [1]
StartBc95InitTask       0x08007e6f    0x84  Code  Gb  freertos.o [1]
StartBc95RecvTask       0x08008075    0x4a  Code  Gb  freertos.o [1]
StartBc95SendTask       0x080080bf    0x52  Code  Gb  freertos.o [1]
StartControlTask        0x08007f03    0x90  Code  Gb  freertos.o [1]
StartErrorCheckTask     0x08007f93    0xe0  Code  Gb  freertos.o [1]
SysTick_Handler         0x080082c5     0x4  Code  Gb  stm32f1xx_it.o [1]
SystemClock_Config      0x08007447    0x86  Code  Gb  main.o [1]
SystemCoreClock         0x200002bc     0x4  Data  Gb  system_stm32f1xx.o [1]
SystemInit              0x080030b9    0x3a  Code  Gb  system_stm32f1xx.o [1]
TIM1_BRK_IRQHandler     0x080082e7     0x2  Code  Gb  stm32f1xx_it.o [1]
TIM1_CC_IRQHandler      0x080082f3     0x2  Code  Gb  stm32f1xx_it.o [1]
TIM1_TRG_COM_IRQHandler
                        0x080082f1     0x2  Code  Gb  stm32f1xx_it.o [1]
TIM1_UP_IRQHandler      0x080082e9     0x2  Code  Gb  stm32f1xx_it.o [1]
TIM2_IRQHandler         0x080082f5     0x6  Code  Gb  stm32f1xx_it.o [1]
TIM3_IRQHandler         0x080082fb     0x6  Code  Gb  stm32f1xx_it.o [1]
TIM4_IRQHandler         0x08008301     0x6  Code  Gb  stm32f1xx_it.o [1]
TIM_Base_SetConfig      0x08007259    0x5e  Code  Gb  stm32f1xx_hal_tim.o [1]
TIM_CCxChannelCmd       0x080073b7    0x12  Code  Gb  stm32f1xx_hal_tim.o [1]
TIM_ETR_SetConfig       0x080073a3    0x14  Code  Lc  stm32f1xx_hal_tim.o [1]
TIM_ITRx_SetConfig      0x08007393    0x10  Code  Lc  stm32f1xx_hal_tim.o [1]
TIM_TI1_ConfigInputStage
                        0x0800731d    0x1e  Code  Lc  stm32f1xx_hal_tim.o [1]
TIM_TI1_SetConfig       0x080072b7    0x4e  Code  Gb  stm32f1xx_hal_tim.o [1]
TIM_TI2_ConfigInputStage
                        0x0800736f    0x24  Code  Lc  stm32f1xx_hal_tim.o [1]
TIM_TI2_SetConfig       0x0800733b    0x34  Code  Lc  stm32f1xx_hal_tim.o [1]
UART_DMAAbortOnError    0x08005029     0xc  Code  Lc  stm32f1xx_hal_uart.o [1]
UART_DMAError           0x08004fb1    0x4a  Code  Lc  stm32f1xx_hal_uart.o [1]
UART_DMAReceiveCplt     0x08004f71    0x38  Code  Lc  stm32f1xx_hal_uart.o [1]
UART_DMARxHalfCplt      0x08004fa9     0x6  Code  Lc  stm32f1xx_hal_uart.o [1]
UART_DMATransmitCplt    0x08004f3d    0x2a  Code  Lc  stm32f1xx_hal_uart.o [1]
UART_DMATxHalfCplt      0x08004f69     0x6  Code  Lc  stm32f1xx_hal_uart.o [1]
UART_EndRxTransfer      0x0800500d    0x1c  Code  Lc  stm32f1xx_hal_uart.o [1]
UART_EndTxTransfer      0x08004ffb    0x12  Code  Lc  stm32f1xx_hal_uart.o [1]
UART_Receive_IT         0x08005035    0x96  Code  Lc  stm32f1xx_hal_uart.o [1]
UART_SetConfig          0x080050cb    0xde  Code  Lc  stm32f1xx_hal_uart.o [1]
USART1_IRQHandler       0x08008307     0x6  Code  Gb  stm32f1xx_it.o [1]
USART2_IRQHandler       0x0800830d     0x4  Code  Gb  stm32f1xx_it.o [1]
UsageFault_Handler      0x080082c1     0x2  Code  Gb  stm32f1xx_it.o [1]
_Encoding_8859_1_Mbrlen
                        0x08001235     0x2  Code  Gb  xencoding_8859_1.o [3]
_Encoding_8859_1_Mbtowc
                        0x0800122d     0x8  Code  Gb  xencoding_8859_1.o [3]
_Encoding_8859_1_Wctomb
                        0x0800121b    0x12  Code  Gb  xencoding_8859_1.o [3]
_Error_Handler          0x0800750d     0x2  Code  Gb  main.o [1]
_GenldFull              0x08000d5d   0x274  Code  Lc  xprintffull.o [3]
_GetN                   0x08001f2d    0x22  Code  Lc  xscanffull.o [3]
_GetfldFull             0x0800218d   0x132  Code  Lc  xscanffull.o [3]
_GetfloatFull           0x080027e5   0x54c  Code  Lc  xscanffull.o [3]
_GetintFull             0x080025b9   0x224  Code  Lc  xscanffull.o [3]
_GetstrFull             0x08002301   0x2b2  Code  Lc  xscanffull.o [3]
_LdtobFull              0x08000931   0x3fe  Code  Lc  xprintffull.o [3]
_LitobFull              0x080007d9   0x112  Code  Lc  xprintffull.o [3]
_LocaleC_isalpha        0x08001103     0xc  Code  Gb  xlocale_c.o [3]
_LocaleC_islower        0x080010fd     0x4  Code  Gb  xlocale_c.o [3]
_LocaleC_isspace        0x08001119    0x14  Code  Gb  xlocale_c.o [3]
_LocaleC_isupper        0x08001101     0x2  Code  Gb  xlocale_c.o [3]
_LocaleC_tolower        0x0800112d     0xc  Code  Gb  xlocale_c.o [3]
_Locale_lconv           0x200002c0    0x38  Data  Lc  xlocale_c.o [3]
_PrintfFull             0x080000ed   0x1d6  Code  Gb  xprintffull.o [3]
_PutcharsFull           0x08000fd1    0x2e  Code  Lc  xprintffull.o [3]
_PutfldFull             0x08000355   0x2d0  Code  Lc  xprintffull.o [3]
_PutstrFull             0x0800071b    0xbe  Code  Lc  xprintffull.o [3]
_PuttxtFull             0x08000625    0xf6  Code  Lc  xprintffull.o [3]
_SProut                 0x08001337     0xa  Code  Gb  xsprout.o [3]
_SScin                  0x080012b7    0x1e  Code  Gb  xsscin.o [3]
_ScanfFull              0x08001f69   0x200  Code  Gb  xscanffull.o [3]
_UngetN                 0x08001f4f    0x1a  Code  Lc  xscanffull.o [3]
__aeabi_cdcmple         0x0800182d          Code  Gb  DblCmpLe.o [4]
__aeabi_cdrcmple        0x0800185d          Code  Gb  DblCmpGe.o [4]
__aeabi_d2f             0x0800358d          Code  Gb  DblToFlt.o [4]
__aeabi_d2iz            0x080019c9          Code  Gb  DblToS32.o [4]
__aeabi_d2uiz           0x08001d55          Code  Gb  DblToU32.o [4]
__aeabi_dadd            0x08001da1          Code  Gb  DblAdd.o [4]
__aeabi_ddiv            0x08001b0d          Code  Gb  DblDiv.o [4]
__aeabi_dmul            0x08001619          Code  Gb  DblMul.o [4]
__aeabi_dsub            0x08001a29          Code  Gb  DblSub.o [4]
__aeabi_i2d             0x08001a05          Code  Gb  S32ToDbl.o [4]
__aeabi_ldiv0           0x08001d9d          Code  Gb  I64DivZer.o [5]
__aeabi_memclr4         0x080053f5          Code  Gb  ABImemclr4.o [5]
__aeabi_memcpy          0x08001341          Code  Gb  ABImemcpy.o [5]
__aeabi_memcpy4         0x08001361          Code  Gb  ABImemcpy.o [5]
__aeabi_memcpy8         0x08001361          Code  Gb  ABImemcpy.o [5]
__aeabi_memmove         0x0800542d          Code  Gb  ABImemmove.o [5]
__aeabi_memmove4        0x0800542d          Code  Gb  ABImemmove.o [5]
__aeabi_memmove8        0x0800542d          Code  Gb  ABImemmove.o [5]
__aeabi_ui2d            0x08001d7d          Code  Gb  U32ToDbl.o [4]
__aeabi_uldivmod        0x080013e9          Code  Gb  I64DivMod.o [5]
__cmain                 0x08008429          Code  Gb  cmain.o [5]
__exit                  0x08001f19    0x14  Code  Gb  exit.o [6]
__iar_Fail_s            0x08001241    0x1c  Code  Gb  xfail_s.o [3]
__iar_Mbcurmax          0x0800132d     0xa  Code  Gb  xmbcurmax.o [3]
__iar_Memchr            0x080012d5          Code  Gb  memchr.o [5]
__iar_Memset4_word      0x08006601          Code  Gb  ABImemset48.o [5]
__iar_Memset8_word      0x08006601          Code  Gb  ABImemset48.o [5]
__iar_Sto64             0x080033b1   0x154  Code  Gb  strto64.o [4]
__iar_Stoflt            0x0800372d   0x1c8  Code  Gb  iar_Stoflt.o [3]
__iar_Stollx            0x08002e65    0x96  Code  Gb  iar_Stollx.o [3]
__iar_Stopfx            0x08003609   0x122  Code  Gb  iar_Stopfx.o [3]
__iar_Stoullx           0x08002f01   0x15c  Code  Gb  iar_Stoullx.o [3]
__iar_Stoulx            0x080054c5   0x112  Code  Gb  iar_Stoulx.o [3]
__iar_Stoxflt           0x080038f5   0x1e6  Code  Gb  iar_Stoxflt.o [3]
__iar_Stoxflt::digits   0x08003ae0    0x18  Data  Lc  iar_Stoxflt.o [3]
__iar_Stoxflt::vals     0x08003af8    0x18  Data  Lc  iar_Stoxflt.o [3]
__iar_Strchr            0x08001205          Code  Gb  strchr.o [5]
__iar_dadd              0x08001a39          Code  Gb  DblSub.o [4]
__iar_data_init3        0x080083e1    0x28  Code  Gb  data_init.o [5]
__iar_dsub              0x08001db1          Code  Gb  DblAdd.o [4]
__iar_dsubStart         0x08001dc3          Code  Gb  DblAdd.o [4]
__iar_frexp             0x080017c9          Code  Gb  frexp.o [4]
__iar_frexp64           0x080017bd          Code  Gb  frexp.o [4]
__iar_frexpl            0x080017c9          Code  Gb  frexp.o [4]
__iar_globLocale        0x200002f8    0x48  Data  Lc  xlocale_c.o [3]
__iar_global_Locale     0x08001139     0x4  Code  Gb  xlocale_c.o [3]
__iar_ldexp64           0x0800188d          Code  Gb  ldexp.o [4]
__iar_lz77_init_single3
                        0x08001083    0x7a  Code  Gb  lz77_init_single.o [5]
__iar_program_start     0x0800846d          Code  Gb  cstartup_M.o [5]
__iar_scalbln64         0x0800188d          Code  Gb  ldexp.o [4]
__iar_scalbn64          0x0800188d          Code  Gb  ldexp.o [4]
__iar_systems$$module {Abs}
                        0x00000001          Data  Gb  command line/config [2]
__iar_zero_init3        0x080083a1    0x40  Code  Gb  zero_init3.o [5]
__low_level_init        0x08008447     0x4  Code  Gb  low_level_init.o [3]
__vector_table          0x08000000          Data  Gb  startup_stm32f103xb.o [1]
_call_main              0x08008435          Code  Gb  cmain.o [5]
_exit                   0x08008451          Code  Gb  cexit.o [5]
_gLocale_mblen          0x080011e3     0x4  Code  Gb  xlocale_c.o [3]
_gLocale_mblenInt       0x08001161    0x34  Code  Gb  xlocale_c.o [3]
_gLocale_mbtowc         0x080011e7     0xc  Code  Gb  xlocale_c.o [3]
_gLocale_mbtowcInt      0x08001195    0x4a  Code  Gb  xlocale_c.o [3]
_gLocale_wctomb         0x080011f3     0x4  Code  Gb  xlocale_c.o [3]
_gLocale_wctombInt      0x080011df     0x4  Code  Gb  xlocale_c.o [3]
_main                   0x08008443          Code  Gb  cmain.o [5]
abort                   0x08001d97     0x6  Code  Gb  abort.o [3]
adc_value               0x20004880    0x78  Data  Gb  tools.o [1]
atoi                    0x080055dd     0x2  Code  Gb  iar_Stoulx.o [3]
bc95_check_ack          0x0800470d    0x20  Code  Gb  bc95.o [1]
bc95_check_recv         0x08004a69    0x66  Code  Gb  bc95.o [1]
bc95_get_csq            0x08004805    0x60  Code  Gb  bc95.o [1]
bc95_get_iccid          0x0800477d    0x48  Code  Gb  bc95.o [1]
bc95_get_imsi           0x0800472d    0x46  Code  Gb  bc95.o [1]
bc95_get_profile_status
                        0x080047cb    0x30  Code  Gb  bc95.o [1]
bc95_init               0x08004589    0xd2  Code  Gb  bc95.o [1]
bc95_open_recv          0x080046ed    0x20  Code  Gb  bc95.o [1]
bc95_read_coap          0x08004a0f    0x52  Code  Gb  bc95.o [1]
bc95_reboot             0x080048db    0x1c  Code  Gb  bc95.o [1]
bc95_recv               0x20000000   0x134  Data  Gb  bc95.o [1]
bc95_recv_idle_callback
                        0x08004acf    0x5e  Code  Gb  bc95.o [1]
bc95_send_coap          0x08004901    0xfe  Code  Gb  bc95.o [1]
bc95_send_command       0x08004671    0x7c  Code  Gb  bc95.o [1]
bc95_set_server_ip      0x08004865    0x6e  Code  Gb  bc95.o [1]
bc95_status             0x20000134    0x3c  Data  Gb  bc95.o [1]
beep                    0x08005b13    0x28  Code  Gb  tools.o [1]
cmd_check               0x20000170     0x8  Data  Gb  bc95.o [1]
cmd_check_recv          0x200001e0     0xc  Data  Gb  bc95.o [1]
cmd_coap_get_data       0x20000238     0xc  Data  Gb  bc95.o [1]
cmd_coap_have_recv      0x20000260     0x8  Data  Gb  bc95.o [1]
cmd_coap_send_ok        0x20000298     0xc  Data  Gb  bc95.o [1]
cmd_disconnect          0x20000244     0xc  Data  Gb  bc95.o [1]
cmd_get_csq             0x200001c8     0xc  Data  Gb  bc95.o [1]
cmd_get_iccid           0x200001d4     0xc  Data  Gb  bc95.o [1]
cmd_get_imei            0x200001bc     0xc  Data  Gb  bc95.o [1]
cmd_get_imsi            0x200001b0     0xc  Data  Gb  bc95.o [1]
cmd_get_profile_status  0x200001a4     0xc  Data  Gb  bc95.o [1]
cmd_get_server_ip       0x2000022c     0xc  Data  Gb  bc95.o [1]
cmd_ok                  0x2000025c     0x4  Data  Gb  bc95.o [1]
cmd_set_fully_funtion   0x20000250     0xc  Data  Gb  bc95.o [1]
cmd_set_pdp             0x20000194    0x10  Data  Gb  bc95.o [1]
cmd_set_pdp_context     0x20000204    0x28  Data  Gb  bc95.o [1]
cmd_set_recv_flag       0x200001f8     0xc  Data  Gb  bc95.o [1]
cmd_set_sended_flag     0x200001ec     0xc  Data  Gb  bc95.o [1]
cmd_unset_back          0x20000178     0xc  Data  Gb  bc95.o [1]
cmd_unset_psm           0x20000184    0x10  Data  Gb  bc95.o [1]
ddiv                    0x08003193    0x7a  Code  Lc  strto64.o [4]
device_error            0x20004afc     0x8  Data  Gb  app.o [1]
device_status           0x200047fc    0x84  Data  Gb  app.o [1]
digits                  0x080055e8    0x28  Data  Lc  iar_Stoulx.o [3]
digits                  0x08003068    0x28  Data  Lc  iar_Stoullx.o [3]
dmul                    0x08003119    0x7a  Code  Lc  strto64.o [4]
eeprom_2_word           0x080056cf    0x18  Code  Gb  tools.o [1]
eeprom_read_device_status
                        0x0800577f    0x7e  Code  Gb  tools.o [1]
eeprom_save_device_status
                        0x080056e7    0x8e  Code  Gb  tools.o [1]
exit                    0x0800844b     0x4  Code  Gb  exit.o [3]
feed_wdi                0x08005b0b     0x8  Code  Gb  tools.o [1]
flow_count              0x20004b0c     0x4  Data  Gb  tools.o [1]
frexp                   0x080017bd          Code  Gb  frexp.o [4]
frexpl                  0x080017bd          Code  Gb  frexp.o [4]
get_high_switch         0x0800581f     0x4  Code  Gb  tools.o [1]
get_low_switch          0x08005819     0x6  Code  Gb  tools.o [1]
hadc1                   0x20004abc    0x30  Data  Gb  adc.o [1]
hdma_adc1               0x200048f8    0x44  Data  Gb  adc.o [1]
hdma_usart1_rx          0x200045c0    0x44  Data  Gb  usart.o [1]
hdma_usart1_tx          0x20004604    0x44  Data  Gb  usart.o [1]
hdma_usart2_rx          0x20004648    0x44  Data  Gb  usart.o [1]
hdma_usart2_tx          0x2000468c    0x44  Data  Gb  usart.o [1]
header                  0x2000027c     0xc  Data  Gb  bc95.o [1]
htim1                   0x2000497c    0x40  Data  Gb  tim.o [1]
htim2                   0x200049bc    0x40  Data  Gb  tim.o [1]
htim3                   0x200049fc    0x40  Data  Gb  tim.o [1]
htim4                   0x2000493c    0x40  Data  Gb  stm32f1xx_hal_timebase_TIM.o [1]
huart1                  0x20004a3c    0x40  Data  Gb  usart.o [1]
huart2                  0x20004a7c    0x40  Data  Gb  usart.o [1]
isalpha                 0x08003579    0x14  Code  Gb  isalpha.o [3]
isspace                 0x08002e51    0x14  Code  Gb  isspace.o [3]
ldexp                   0x0800188d          Code  Gb  ldexp.o [4]
ldexpl                  0x0800188d          Code  Gb  ldexp.o [4]
localeconv              0x080011f7     0x4  Code  Gb  xlocale_c.o [3]
main                    0x080073d1    0x76  Code  Gb  main.o [1]
makeFreeRtosPriority    0x080051b5     0xc  Code  Lc  cmsis_os.o [1]
memchr                  0x080012d5          Code  Gb  memchr.o [5]
ndigs                   0x08005610    0x28  Data  Lc  iar_Stoulx.o [3]
ndigs                   0x08003090    0x28  Data  Lc  iar_Stoullx.o [3]
open_pump               0x08005a67     0xc  Code  Gb  tools.o [1]
osDelay                 0x080051f9     0xe  Code  Gb  cmsis_os.o [1]
osKernelStart           0x080051c1     0xa  Code  Gb  cmsis_os.o [1]
osSystickHandler        0x08005207    0x14  Code  Gb  cmsis_os.o [1]
osThreadCreate          0x080051cb    0x2e  Code  Gb  cmsis_os.o [1]
pows                    0x08003530    0x48  Data  Lc  strto64.o [4]
processing_server_command
                        0x08005875   0x1d4  Code  Gb  tools.o [1]
prvAddCurrentTaskToDelayedList
                        0x080040ed    0x64  Code  Lc  tasks.o [1]
prvAddNewTaskToReadyList
                        0x08003be1    0xa6  Code  Lc  tasks.o [1]
prvDeleteTCB            0x08004061    0x14  Code  Lc  tasks.o [1]
prvIdleTask             0x08003ff9    0x62  Code  Lc  tasks.o [1]
prvInitialiseNewTask    0x08003b69    0x78  Code  Lc  tasks.o [1]
prvInsertBlockIntoFreeList
                        0x080042cd    0x46  Code  Lc  heap_4.o [1]
prvResetNextTaskUnblockTime
                        0x08004075    0x1c  Code  Lc  tasks.o [1]
prvTaskExitError        0x080043c9    0x28  Code  Lc  port.o [1]
pvPortMalloc            0x08004169   0x102  Code  Gb  heap_4.o [1]
pxCurrentTCB            0x200046f8     0x4  Data  Gb  tasks.o [1]
pxDelayedTaskList       0x200046fc     0x4  Data  Lc  tasks.o [1]
pxEnd                   0x20000348     0x4  Data  Lc  heap_4.o [1]
pxOverflowDelayedTaskList
                        0x20004700     0x4  Data  Lc  tasks.o [1]
pxPortInitialiseStack   0x080043a9    0x20  Code  Gb  port.o [1]
pxReadyTasksLists       0x20004770    0x8c  Data  Lc  tasks.o [1]
ranmatch                0x080022bf    0x42  Code  Lc  xscanffull.o [3]
registe_device          0x08004bd9    0x24  Code  Gb  app.o [1]
scalbln                 0x0800188d          Code  Gb  ldexp.o [4]
scalblnl                0x0800188d          Code  Gb  ldexp.o [4]
scalbn                  0x0800188d          Code  Gb  ldexp.o [4]
scalbnl                 0x0800188d          Code  Gb  ldexp.o [4]
scale                   0x080008eb    0x46  Code  Lc  xprintffull.o [3]
sec_hand                0x20004b10     0x4  Data  Lc  xfail_s.o [3]
server_ip               0x20000268    0x14  Data  Gb  bc95.o [1]
shut_pump               0x08005a81     0xc  Code  Gb  tools.o [1]
sprintf                 0x08005659    0x40  Code  Gb  sprintf.o [3]
sscanf                  0x08006da9    0x28  Code  Gb  sscanf.o [3]
start_adc               0x080057fd    0x1c  Code  Gb  tools.o [1]
start_create_water      0x08005a93    0x1c  Code  Gb  tools.o [1]
start_rinse             0x08005abf    0x26  Code  Gb  tools.o [1]
status_error_led        0x08005aed     0x8  Code  Gb  tools.o [1]
status_network_led      0x08005ae5     0x8  Code  Gb  tools.o [1]
stop_create_water       0x08005aaf    0x10  Code  Gb  tools.o [1]
stop_rinse              0x08005af5     0xa  Code  Gb  tools.o [1]
strcat                  0x08005639    0x20  Code  Gb  strcat.o [3]
strchr                  0x08001205          Code  Gb  strchr.o [5]
strlen                  0x08001281          Code  Gb  strlen.o [5]
strstr                  0x080053fb    0x30  Code  Gb  strstr.o [3]
strtoll                 0x08002efb     0x2  Code  Gb  iar_Stollx.o [3]
strtoull                0x08003063     0x2  Code  Gb  iar_Stoullx.o [3]
test                    0x20000288    0x10  Data  Gb  bc95.o [1]
tolower                 0x080035f5    0x14  Code  Gb  tolower.o [3]
ucHeap                  0x20000358  0x4268  Data  Lc  heap_4.o [1]
ucMaxSysCallPriority    0x200002a4     0x1  Data  Lc  port.o [1]
ulMaxPRIGROUPValue      0x200002ac     0x4  Data  Lc  port.o [1]
uwTick                  0x200002b4     0x4  Data  Gb  stm32f1xx_hal.o [1]
uwTickFreq              0x200002b0     0x1  Data  Gb  stm32f1xx_hal.o [1]
uwTickPrio              0x200002b8     0x4  Data  Gb  stm32f1xx_hal.o [1]
uxCriticalNesting       0x200002a8     0x4  Data  Lc  port.o [1]
uxCurrentNumberOfTasks  0x2000471c     0x4  Data  Lc  tasks.o [1]
uxDeletedTasksWaitingCleanUp
                        0x20004704     0x4  Data  Lc  tasks.o [1]
uxListRemove            0x08004383    0x24  Code  Gb  list.o [1]
uxPendedTicks           0x2000472c     0x4  Data  Lc  tasks.o [1]
uxSchedulerSuspended    0x20004740     0x4  Data  Lc  tasks.o [1]
uxTaskNumber            0x20004738     0x4  Data  Lc  tasks.o [1]
uxTopReadyPriority      0x20004724     0x4  Data  Lc  tasks.o [1]
vListInitialise         0x08004319    0x1a  Code  Gb  list.o [1]
vListInitialiseItem     0x08004333     0x6  Code  Gb  list.o [1]
vListInsert             0x08004351    0x32  Code  Gb  list.o [1]
vListInsertEnd          0x08004339    0x18  Code  Gb  list.o [1]
vPortEnterCritical      0x08004455    0x32  Code  Gb  port.o [1]
vPortExitCritical       0x08004487    0x22  Code  Gb  port.o [1]
vPortFree               0x08004279    0x46  Code  Gb  heap_4.o [1]
vPortStartFirstTask     0x08004567          Code  Gb  portasm.o [1]
vTaskDelay              0x08003ce7    0x2a  Code  Gb  tasks.o [1]
vTaskDelete             0x08003c87    0x60  Code  Gb  tasks.o [1]
vTaskStartScheduler     0x08003de1    0x54  Code  Gb  tasks.o [1]
vTaskSuspend            0x08003d2b    0x62  Code  Gb  tasks.o [1]
vTaskSuspendAll         0x08003e35     0xc  Code  Gb  tasks.o [1]
vTaskSwitchContext      0x08003fa3    0x56  Code  Gb  tasks.o [1]
wctob                   0x08002e15    0x32  Code  Gb  wctob.o [3]
word_2_eeprom           0x080056bf    0x10  Code  Gb  tools.o [1]
xBlockAllocatedBit      0x20000354     0x4  Data  Lc  heap_4.o [1]
xDelayedTaskList1       0x20004744    0x14  Data  Lc  tasks.o [1]
xDelayedTaskList2       0x20004758    0x14  Data  Lc  tasks.o [1]
xFreeBytesRemaining     0x2000034c     0x4  Data  Lc  heap_4.o [1]
xIdleTaskHandle         0x2000476c     0x4  Data  Lc  tasks.o [1]
xMinimumEverFreeBytesRemaining
                        0x20000350     0x4  Data  Lc  heap_4.o [1]
xNextTaskUnblockTime    0x2000473c     0x4  Data  Lc  tasks.o [1]
xNumOfOverflows         0x20004734     0x4  Data  Lc  tasks.o [1]
xPendingReadyList       0x200046d0    0x14  Data  Lc  tasks.o [1]
xPortStartScheduler     0x080043f1    0x64  Code  Gb  port.o [1]
xPortSysTickHandler     0x080044a9    0x26  Code  Gb  port.o [1]
xSchedulerRunning       0x20004728     0x4  Data  Lc  tasks.o [1]
xStart                  0x20000340     0x8  Data  Lc  heap_4.o [1]
xSuspendedTaskList      0x20004708    0x14  Data  Lc  tasks.o [1]
xTaskCreate             0x08003b11    0x58  Code  Gb  tasks.o [1]
xTaskGetSchedulerState  0x08004091    0x18  Code  Gb  tasks.o [1]
xTaskIncrementTick      0x08003ee5    0xbe  Code  Gb  tasks.o [1]
xTaskResumeAll          0x08003e41    0x9c  Code  Gb  tasks.o [1]
xTasksWaitingTermination
                        0x200046e4    0x14  Data  Lc  tasks.o [1]
xTickCount              0x20004720     0x4  Data  Lc  tasks.o [1]
xYieldPending           0x20004730     0x4  Data  Lc  tasks.o [1]


[1] = C:\Users\orange\iCloudDrive\CH\CH_HOME_RO_CODE\CH_HOME_RO_CODE\EWARM\CH_HOME_RO_CODE\Obj
[2] = command line
[3] = dl7M_tlf.a
[4] = m7M_tl.a
[5] = rt7M_tl.a
[6] = shb_l.a

  33 912 bytes of readonly  code memory
     419 bytes of readonly  data memory
  20 244 bytes of readwrite data memory

Errors: none
Warnings: none
