###############################################################################
#
# IAR ELF Linker V8.22.2.15995/W32 for ARM                09/Apr/2018  09:55:04
# Copyright 2007-2018 IAR Systems AB.
#
#    Output file  =  
#        C:\Users\orange\iCloudDrive\CH\CH_HOME_RO_CODE\CH_HOME_RO_CODE\EWARM\CH_RHY_HOME_RO_CODE\Exe\CH_RHY_HOME_RO_CODE.out
#    Map file     =  
#        C:\Users\orange\iCloudDrive\CH\CH_HOME_RO_CODE\CH_HOME_RO_CODE\EWARM\CH_RHY_HOME_RO_CODE\List\CH_RHY_HOME_RO_CODE.map
#    Command line =  
#        -f C:\Users\orange\AppData\Local\Temp\EW3832.tmp
#        (C:\Users\orange\iCloudDrive\CH\CH_HOME_RO_CODE\CH_HOME_RO_CODE\EWARM\CH_RHY_HOME_RO_CODE\Obj\adc.o
#        C:\Users\orange\iCloudDrive\CH\CH_HOME_RO_CODE\CH_HOME_RO_CODE\EWARM\CH_RHY_HOME_RO_CODE\Obj\app.o
#        C:\Users\orange\iCloudDrive\CH\CH_HOME_RO_CODE\CH_HOME_RO_CODE\EWARM\CH_RHY_HOME_RO_CODE\Obj\bc95.o
#        C:\Users\orange\iCloudDrive\CH\CH_HOME_RO_CODE\CH_HOME_RO_CODE\EWARM\CH_RHY_HOME_RO_CODE\Obj\cmsis_os.o
#        C:\Users\orange\iCloudDrive\CH\CH_HOME_RO_CODE\CH_HOME_RO_CODE\EWARM\CH_RHY_HOME_RO_CODE\Obj\config.o
#        C:\Users\orange\iCloudDrive\CH\CH_HOME_RO_CODE\CH_HOME_RO_CODE\EWARM\CH_RHY_HOME_RO_CODE\Obj\croutine.o
#        C:\Users\orange\iCloudDrive\CH\CH_HOME_RO_CODE\CH_HOME_RO_CODE\EWARM\CH_RHY_HOME_RO_CODE\Obj\dma.o
#        C:\Users\orange\iCloudDrive\CH\CH_HOME_RO_CODE\CH_HOME_RO_CODE\EWARM\CH_RHY_HOME_RO_CODE\Obj\event_groups.o
#        C:\Users\orange\iCloudDrive\CH\CH_HOME_RO_CODE\CH_HOME_RO_CODE\EWARM\CH_RHY_HOME_RO_CODE\Obj\freertos.o
#        C:\Users\orange\iCloudDrive\CH\CH_HOME_RO_CODE\CH_HOME_RO_CODE\EWARM\CH_RHY_HOME_RO_CODE\Obj\gpio.o
#        C:\Users\orange\iCloudDrive\CH\CH_HOME_RO_CODE\CH_HOME_RO_CODE\EWARM\CH_RHY_HOME_RO_CODE\Obj\heap_4.o
#        C:\Users\orange\iCloudDrive\CH\CH_HOME_RO_CODE\CH_HOME_RO_CODE\EWARM\CH_RHY_HOME_RO_CODE\Obj\i2c_eeprom.o
#        C:\Users\orange\iCloudDrive\CH\CH_HOME_RO_CODE\CH_HOME_RO_CODE\EWARM\CH_RHY_HOME_RO_CODE\Obj\list.o
#        C:\Users\orange\iCloudDrive\CH\CH_HOME_RO_CODE\CH_HOME_RO_CODE\EWARM\CH_RHY_HOME_RO_CODE\Obj\main.o
#        C:\Users\orange\iCloudDrive\CH\CH_HOME_RO_CODE\CH_HOME_RO_CODE\EWARM\CH_RHY_HOME_RO_CODE\Obj\port.o
#        C:\Users\orange\iCloudDrive\CH\CH_HOME_RO_CODE\CH_HOME_RO_CODE\EWARM\CH_RHY_HOME_RO_CODE\Obj\portasm.o
#        C:\Users\orange\iCloudDrive\CH\CH_HOME_RO_CODE\CH_HOME_RO_CODE\EWARM\CH_RHY_HOME_RO_CODE\Obj\queue.o
#        C:\Users\orange\iCloudDrive\CH\CH_HOME_RO_CODE\CH_HOME_RO_CODE\EWARM\CH_RHY_HOME_RO_CODE\Obj\startup_stm32f103xb.o
#        C:\Users\orange\iCloudDrive\CH\CH_HOME_RO_CODE\CH_HOME_RO_CODE\EWARM\CH_RHY_HOME_RO_CODE\Obj\stm32f1xx_hal.o
#        C:\Users\orange\iCloudDrive\CH\CH_HOME_RO_CODE\CH_HOME_RO_CODE\EWARM\CH_RHY_HOME_RO_CODE\Obj\stm32f1xx_hal_adc.o
#        C:\Users\orange\iCloudDrive\CH\CH_HOME_RO_CODE\CH_HOME_RO_CODE\EWARM\CH_RHY_HOME_RO_CODE\Obj\stm32f1xx_hal_adc_ex.o
#        C:\Users\orange\iCloudDrive\CH\CH_HOME_RO_CODE\CH_HOME_RO_CODE\EWARM\CH_RHY_HOME_RO_CODE\Obj\stm32f1xx_hal_cortex.o
#        C:\Users\orange\iCloudDrive\CH\CH_HOME_RO_CODE\CH_HOME_RO_CODE\EWARM\CH_RHY_HOME_RO_CODE\Obj\stm32f1xx_hal_dma.o
#        C:\Users\orange\iCloudDrive\CH\CH_HOME_RO_CODE\CH_HOME_RO_CODE\EWARM\CH_RHY_HOME_RO_CODE\Obj\stm32f1xx_hal_flash.o
#        C:\Users\orange\iCloudDrive\CH\CH_HOME_RO_CODE\CH_HOME_RO_CODE\EWARM\CH_RHY_HOME_RO_CODE\Obj\stm32f1xx_hal_flash_ex.o
#        C:\Users\orange\iCloudDrive\CH\CH_HOME_RO_CODE\CH_HOME_RO_CODE\EWARM\CH_RHY_HOME_RO_CODE\Obj\stm32f1xx_hal_gpio.o
#        C:\Users\orange\iCloudDrive\CH\CH_HOME_RO_CODE\CH_HOME_RO_CODE\EWARM\CH_RHY_HOME_RO_CODE\Obj\stm32f1xx_hal_gpio_ex.o
#        C:\Users\orange\iCloudDrive\CH\CH_HOME_RO_CODE\CH_HOME_RO_CODE\EWARM\CH_RHY_HOME_RO_CODE\Obj\stm32f1xx_hal_msp.o
#        C:\Users\orange\iCloudDrive\CH\CH_HOME_RO_CODE\CH_HOME_RO_CODE\EWARM\CH_RHY_HOME_RO_CODE\Obj\stm32f1xx_hal_pwr.o
#        C:\Users\orange\iCloudDrive\CH\CH_HOME_RO_CODE\CH_HOME_RO_CODE\EWARM\CH_RHY_HOME_RO_CODE\Obj\stm32f1xx_hal_rcc.o
#        C:\Users\orange\iCloudDrive\CH\CH_HOME_RO_CODE\CH_HOME_RO_CODE\EWARM\CH_RHY_HOME_RO_CODE\Obj\stm32f1xx_hal_rcc_ex.o
#        C:\Users\orange\iCloudDrive\CH\CH_HOME_RO_CODE\CH_HOME_RO_CODE\EWARM\CH_RHY_HOME_RO_CODE\Obj\stm32f1xx_hal_tim.o
#        C:\Users\orange\iCloudDrive\CH\CH_HOME_RO_CODE\CH_HOME_RO_CODE\EWARM\CH_RHY_HOME_RO_CODE\Obj\stm32f1xx_hal_tim_ex.o
#        C:\Users\orange\iCloudDrive\CH\CH_HOME_RO_CODE\CH_HOME_RO_CODE\EWARM\CH_RHY_HOME_RO_CODE\Obj\stm32f1xx_hal_timebase_TIM.o
#        C:\Users\orange\iCloudDrive\CH\CH_HOME_RO_CODE\CH_HOME_RO_CODE\EWARM\CH_RHY_HOME_RO_CODE\Obj\stm32f1xx_hal_uart.o
#        C:\Users\orange\iCloudDrive\CH\CH_HOME_RO_CODE\CH_HOME_RO_CODE\EWARM\CH_RHY_HOME_RO_CODE\Obj\stm32f1xx_it.o
#        C:\Users\orange\iCloudDrive\CH\CH_HOME_RO_CODE\CH_HOME_RO_CODE\EWARM\CH_RHY_HOME_RO_CODE\Obj\system_stm32f1xx.o
#        C:\Users\orange\iCloudDrive\CH\CH_HOME_RO_CODE\CH_HOME_RO_CODE\EWARM\CH_RHY_HOME_RO_CODE\Obj\tasks.o
#        C:\Users\orange\iCloudDrive\CH\CH_HOME_RO_CODE\CH_HOME_RO_CODE\EWARM\CH_RHY_HOME_RO_CODE\Obj\tim.o
#        C:\Users\orange\iCloudDrive\CH\CH_HOME_RO_CODE\CH_HOME_RO_CODE\EWARM\CH_RHY_HOME_RO_CODE\Obj\timers.o
#        C:\Users\orange\iCloudDrive\CH\CH_HOME_RO_CODE\CH_HOME_RO_CODE\EWARM\CH_RHY_HOME_RO_CODE\Obj\tools.o
#        C:\Users\orange\iCloudDrive\CH\CH_HOME_RO_CODE\CH_HOME_RO_CODE\EWARM\CH_RHY_HOME_RO_CODE\Obj\usart.o
#        --redirect _Printf=_PrintfFull --redirect _Scanf=_ScanfFull -o
#        C:\Users\orange\iCloudDrive\CH\CH_HOME_RO_CODE\CH_HOME_RO_CODE\EWARM\CH_RHY_HOME_RO_CODE\Exe\CH_RHY_HOME_RO_CODE.out
#        --map
#        C:\Users\orange\iCloudDrive\CH\CH_HOME_RO_CODE\CH_HOME_RO_CODE\EWARM\CH_RHY_HOME_RO_CODE\List\CH_RHY_HOME_RO_CODE.map
#        --config
#        C:\Users\orange\iCloudDrive\CH\CH_HOME_RO_CODE\CH_HOME_RO_CODE\EWARM/stm32f103xb_flash.icf
#        --semihosting --entry __iar_program_start --vfe --text_out locale)
#
###############################################################################

*******************************************************************************
*** RUNTIME MODEL ATTRIBUTES
***

CppFlavor       = *
__Heap_Handler  = Basic
__SystemLibrary = DLib
__dlib_version  = 6


*******************************************************************************
*** HEAP SELECTION
***

The basic heap was selected because no calls to memory allocation
functions were found in the application outside of system library
functions, and there are calls to deallocation functions in the
application.


*******************************************************************************
*** PLACEMENT SUMMARY
***

"A0":  place at 0x08000000 { ro section .intvec };
"P1":  place in [from 0x08000000 to 0x0801ffff] { ro };
define block CSTACK with size = 1K, alignment = 8 { };
define block HEAP with size = 512, alignment = 8 { };
"P2":  place in [from 0x20000000 to 0x20004fff] {
          rw, block CSTACK, block HEAP };
initialize by copy { rw };

  Section            Kind        Address    Size  Object
  -------            ----        -------    ----  ------
"A0":                                       0xec
  .intvec            ro code  0x08000000    0xec  startup_stm32f103xb.o [1]
                            - 0x080000ec    0xec

"P1":                                     0x8d7b
  .text              ro code  0x080000ec   0xf96  xprintffull.o [3]
  .text              ro code  0x08001082    0x7a  lz77_init_single.o [5]
  .text              ro code  0x080010fc   0x108  xlocale_c.o [3]
  .text              ro code  0x08001204    0x16  strchr.o [5]
  .text              ro code  0x0800121a    0x26  xencoding_8859_1.o [3]
  .text              ro code  0x08001240    0x40  xfail_s.o [3]
  .text              ro code  0x08001280    0x36  strlen.o [5]
  .text              ro code  0x080012b6    0x1e  xsscin.o [3]
  .text              ro code  0x080012d4    0x58  memchr.o [5]
  .text              ro code  0x0800132c     0xa  xmbcurmax.o [3]
  .text              ro code  0x08001336     0xa  xsprout.o [3]
  .text              ro code  0x08001340    0xa6  ABImemcpy.o [5]
  .text              ro code  0x080013e8   0x22e  I64DivMod.o [5]
  .text              ro code  0x08001618   0x1a2  DblMul.o [4]
  .text              ro code  0x080017bc    0x70  frexp.o [4]
  .text              ro code  0x0800182c    0x2e  DblCmpLe.o [4]
  .text              ro code  0x0800185c    0x2e  DblCmpGe.o [4]
  .text              ro code  0x0800188c   0x13a  ldexp.o [4]
  .text              ro code  0x080019c8    0x3a  DblToS32.o [4]
  .text              ro code  0x08001a04    0x22  S32ToDbl.o [4]
  .text              ro code  0x08001a28    0xe2  DblSub.o [4]
  .text              ro code  0x08001b0c   0x246  DblDiv.o [4]
  .text              ro code  0x08001d54    0x28  DblToU32.o [4]
  .text              ro code  0x08001d7c    0x1a  U32ToDbl.o [4]
  .text              ro code  0x08001d96     0x6  abort.o [3]
  .text              ro code  0x08001d9c     0x2  I64DivZer.o [5]
  .text              ro code  0x08001da0   0x178  DblAdd.o [4]
  .text              ro code  0x08001f18    0x14  exit.o [6]
  .text              ro code  0x08001f2c    0x7c  iarttio.o [6]
  .text              ro code  0x08001fa8    0x3c  XShttio.o [3]
  .text              ro code  0x08001fe4   0xee8  xscanffull.o [3]
  .text              ro code  0x08002ecc    0x3c  wctob.o [3]
  .text              ro code  0x08002f08    0x14  isspace.o [3]
  .text              ro code  0x08002f1c    0x9c  iar_Stollx.o [3]
  .text              ro code  0x08002fb8   0x1b8  iar_Stoullx.o [3]
  .text              ro code  0x08003170    0x5c  system_stm32f1xx.o [1]
  .text              ro code  0x080031d0   0x460  strto64.o [4]
  .text              ro code  0x08003630    0x14  isalpha.o [3]
  .text              ro code  0x08003644    0x68  DblToFlt.o [4]
  .text              ro code  0x080036ac    0x14  tolower.o [3]
  .text              ro code  0x080036c0   0x122  iar_Stopfx.o [3]
  .text              ro code  0x080037e4   0x1c8  iar_Stoflt.o [3]
  .text              ro code  0x080039ac   0x21c  iar_Stoxflt.o [3]
  .text              ro code  0x08003bc8   0x6a0  bc95.o [1]
  .text              ro code  0x08004268   0x658  tasks.o [1]
  .text              ro code  0x080048c0    0x30  app.o [1]
  .text              ro code  0x080048f0   0x5ac  stm32f1xx_hal_uart.o [1]
  .text              ro code  0x08004e9c    0x66  cmsis_os.o [1]
  .text              ro code  0x08004f04   0x1d8  stm32f1xx_hal_gpio.o [1]
  .text              ro code  0x080050dc     0x6  ABImemclr4.o [5]
  .text              ro code  0x080050e2    0x30  strstr.o [3]
  .text              ro code  0x08005114    0x96  ABImemmove.o [5]
  .text              ro code  0x080051ac   0x174  iar_Stoulx.o [3]
  .text              ro code  0x08005320    0x20  strcat.o [3]
  .text              ro code  0x08005340    0x40  sprintf.o [3]
  .text              ro code  0x08005380   0x4c4  tools.o [1]
  .text              ro code  0x08005844   0x1b0  heap_4.o [1]
  .text              ro code  0x080059f4    0x8e  list.o [1]
  .text              ro code  0x08005a84   0x158  port.o [1]
  .text              ro code  0x08005bdc   0x254  usart.o [1]
  .text              ro code  0x08005e30   0x32e  stm32f1xx_hal_dma.o [1]
  .text              ro code  0x0800615e     0x2  stm32f1xx_hal_uart.o [1]
  .text              ro code  0x08006160     0x2  stm32f1xx_hal_uart.o [1]
  .text              ro code  0x08006162     0x2  stm32f1xx_hal_uart.o [1]
  .text              ro code  0x08006164     0x2  stm32f1xx_hal_uart.o [1]
  .text              ro code  0x08006166     0x2  stm32f1xx_hal_uart.o [1]
  .text              ro code  0x08006168   0x516  stm32f1xx_hal_rcc.o [1]
  .text              ro code  0x08006680    0x32  ABImemset48.o [5]
  .text              ro code  0x080066b4   0x266  i2c_eeprom.o [1]
  .text              ro code  0x0800691c    0xd4  stm32f1xx_hal_adc_ex.o [1]
  .text              ro code  0x080069f0   0x436  stm32f1xx_hal_adc.o [1]
  .text              ro code  0x08006e28    0x28  sscanf.o [3]
  CODE               ro code  0x08006e50    0x88  portasm.o [1]
  .text              ro code  0x08006ed8   0x11e  main.o [1]
  .text              ro code  0x08006ff8    0xe0  stm32f1xx_hal_cortex.o [1]
  .text              ro code  0x080070d8     0xc  stm32f1xx_hal.o [1]
  .text              ro code  0x080070e4    0x78  stm32f1xx_hal_timebase_TIM.o [1]
  .text              ro code  0x0800715c   0x1b2  stm32f1xx_hal_rcc_ex.o [1]
  .text              ro code  0x08007310   0x170  adc.o [1]
  .text              ro code  0x08007480     0x2  stm32f1xx_hal_adc.o [1]
  .text              ro code  0x08007482     0x2  stm32f1xx_hal_adc.o [1]
  .text              ro code  0x08007484     0x2  stm32f1xx_hal_adc.o [1]
  .text              ro code  0x08007488    0x24  stm32f1xx_hal.o [1]
  .text              ro code  0x080074ac   0x11a  gpio.o [1]
  .text              ro code  0x080075c8    0x70  dma.o [1]
  .text              ro code  0x08007638   0x220  tim.o [1]
  .text              ro code  0x08007858   0x5ce  stm32f1xx_hal_tim.o [1]
  .text              ro code  0x08007e28    0x28  stm32f1xx_hal.o [1]
  .text              ro code  0x08007e50   0x40c  freertos.o [1]
  .text              ro code  0x0800825c    0x10  stm32f1xx_hal.o [1]
  .text              ro code  0x0800826c    0x88  stm32f1xx_hal_msp.o [1]
  .text              ro code  0x080082f4    0x4a  stm32f1xx_hal_tim_ex.o [1]
  .text              ro code  0x0800833e     0x2  stm32f1xx_hal_tim.o [1]
  .text              ro code  0x08008340     0x2  stm32f1xx_hal_tim_ex.o [1]
  .text              ro code  0x08008342     0x2  stm32f1xx_hal_tim.o [1]
  .text              ro code  0x08008344     0x2  stm32f1xx_hal_tim_ex.o [1]
  .text              ro code  0x08008346     0x2  stm32f1xx_hal_tim.o [1]
  .text              ro code  0x08008348    0x28  printf.o [3]
  .text              ro code  0x08008370   0x140  heap0.o [3]
  .text              ro code  0x080084b0    0x2c  xgetmemchunk.o [3]
  .text              ro code  0x080084dc    0xd8  xfspos.o [3]
  .text              ro code  0x080085b4    0xac  fflush.o [3]
  .text              ro code  0x08008660     0xc  xfgpos.o [3]
  .text              ro code  0x0800866c    0x4a  lseek.o [6]
  .text              ro code  0x080086b6    0x10  write.o [6]
  .text              ro code  0x080086c8    0xcc  XShHandles.o [3]
  .text              ro code  0x08008794    0x1e  dwrite.o [6]
  .text              ro code  0x080087b2    0x20  iarwstd.o [6]
  .text              ro code  0x080087d2    0x22  iarwrite.o [6]
  .text              ro code  0x080087f4    0xb4  xfwprep.o [3]
  .text              ro code  0x080088a8    0x24  fseek.o [3]
  .text              ro code  0x080088cc    0x84  stm32f1xx_it.o [1]
  .text              ro code  0x08008950    0x7e  fclose.o [3]
  .text              ro code  0x080089d0    0x7c  xfofind.o [3]
  .text              ro code  0x08008a4c     0x4  heaptramp0.o [3]
  .text              ro code  0x08008a50    0x18  close.o [6]
  .text              ro code  0x08008a68    0x14  remove.o [6]
  .rodata            const    0x08008a7c    0x54  freertos.o [1]
  .text              ro code  0x08008ad0    0x54  fputc.o [3]
  .text              ro code  0x08008b24    0x40  zero_init3.o [5]
  .text              ro code  0x08008b64    0x3c  xcloseall.o [3]
  .text              ro code  0x08008ba0    0x28  data_init.o [5]
  .iar.init_table    const    0x08008bc8    0x20  - Linker created -
  .text              ro code  0x08008be8    0x1e  cmain.o [5]
  .text              ro code  0x08008c06     0x4  low_level_init.o [3]
  .text              ro code  0x08008c0a     0x4  exit.o [3]
  .text              ro code  0x08008c10     0xe  cexit.o [5]
  .text              ro code  0x08008c1e    0x16  xprout.o [3]
  .text              ro code  0x08008c34     0xc  putchar.o [3]
  .text              ro code  0x08008c40    0x10  startup_stm32f103xb.o [1]
  .text              ro code  0x08008c50     0xc  cstartup_M.o [5]
  .rodata            const    0x08008c5c     0x8  system_stm32f1xx.o [1]
  .rodata            const    0x08008c64     0x6  xlocale_c.o [3]
  .text              ro code  0x08008c6a     0x4  startup_stm32f103xb.o [1]
  .text              ro code  0x08008c6e     0x4  startup_stm32f103xb.o [1]
  .text              ro code  0x08008c72     0x4  startup_stm32f103xb.o [1]
  .text              ro code  0x08008c76     0x4  startup_stm32f103xb.o [1]
  .text              ro code  0x08008c7a     0x4  startup_stm32f103xb.o [1]
  .text              ro code  0x08008c7e     0x4  startup_stm32f103xb.o [1]
  .text              ro code  0x08008c82     0x4  startup_stm32f103xb.o [1]
  .text              ro code  0x08008c86     0x4  startup_stm32f103xb.o [1]
  .text              ro code  0x08008c8a     0x4  startup_stm32f103xb.o [1]
  .text              ro code  0x08008c8e     0x4  startup_stm32f103xb.o [1]
  .text              ro code  0x08008c92     0x4  startup_stm32f103xb.o [1]
  .text              ro code  0x08008c96     0x4  startup_stm32f103xb.o [1]
  .text              ro code  0x08008c9a     0x4  startup_stm32f103xb.o [1]
  .text              ro code  0x08008c9e     0x4  startup_stm32f103xb.o [1]
  .text              ro code  0x08008ca2     0x4  startup_stm32f103xb.o [1]
  .text              ro code  0x08008ca6     0x4  startup_stm32f103xb.o [1]
  .text              ro code  0x08008caa     0x4  startup_stm32f103xb.o [1]
  .text              ro code  0x08008cae     0x4  startup_stm32f103xb.o [1]
  .text              ro code  0x08008cb2     0x4  startup_stm32f103xb.o [1]
  .text              ro code  0x08008cb6     0x4  startup_stm32f103xb.o [1]
  .text              ro code  0x08008cba     0x4  startup_stm32f103xb.o [1]
  .text              ro code  0x08008cbe     0x4  startup_stm32f103xb.o [1]
  .text              ro code  0x08008cc2     0x4  startup_stm32f103xb.o [1]
  .text              ro code  0x08008cc6     0x4  startup_stm32f103xb.o [1]
  .text              ro code  0x08008cca     0x4  startup_stm32f103xb.o [1]
  .text              ro code  0x08008cce     0x4  startup_stm32f103xb.o [1]
  .text              ro code  0x08008cd2     0x4  startup_stm32f103xb.o [1]
  .text              ro code  0x08008cd6     0x4  startup_stm32f103xb.o [1]
  .text              ro code  0x08008cda     0x4  startup_stm32f103xb.o [1]
  .text              ro code  0x08008cde     0x4  startup_stm32f103xb.o [1]
  .text              ro code  0x08008ce2     0x4  startup_stm32f103xb.o [1]
  .text              ro code  0x08008ce6     0x4  startup_stm32f103xb.o [1]
  .text              ro code  0x08008cea     0x4  startup_stm32f103xb.o [1]
  .text              ro code  0x08008cf0     0x0  cstart_closeall.o [5]
  .rodata            const    0x08008cf0     0x0  zero_init3.o [5]
  .rodata            const    0x08008cf0     0x0  lz77_init_single.o [5]
  Initializer bytes  const    0x08008cf0   0x177  <for P2-1>
                            - 0x08008e67  0x8d7b

"P2", part 1 of 3:                         0x440
  P2-1                        0x20000000   0x440  <Init block>
    .data            inited   0x20000000   0x298  bc95.o [1]
    .data            inited   0x20000298     0xc  bc95.o [1]
    .data            inited   0x200002a4     0xc  port.o [1]
    .data            inited   0x200002b0     0xc  stm32f1xx_hal.o [1]
    .data            inited   0x200002bc     0x4  system_stm32f1xx.o [1]
    .data            inited   0x200002c0    0x38  xlocale_c.o [3]
    .data            inited   0x200002f8    0x48  xlocale_c.o [3]
    .data            inited   0x20000340    0x48  xfiles.o [3]
    .data            inited   0x20000388    0x48  xfiles.o [3]
    .data            inited   0x200003d0    0x48  xfiles.o [3]
    .data            inited   0x20000418    0x20  xfiles.o [3]
    .data            inited   0x20000438     0x8  XShttio.o [3]
                            - 0x20000440   0x440

"P2", part 2 of 3:                        0x4108
  .bss               zero     0x20000440  0x3ab0  heap_4.o [1]
  .bss               zero     0x20003ef0   0x110  usart.o [1]
  .bss               zero     0x20004000    0xa0  tasks.o [1]
  .bss               zero     0x200040a0    0x8c  tasks.o [1]
  .bss               zero     0x2000412c    0x80  XShHandles.o [3]
  .bss               zero     0x200041ac    0x78  tools.o [1]
  .bss               zero     0x20004224    0x58  app.o [1]
  .bss               zero     0x2000427c    0x50  xfiles.o [3]
  .bss               zero     0x200042cc    0x50  xfiles.o [3]
  .bss               zero     0x2000431c    0x44  adc.o [1]
  .bss               zero     0x20004360    0x40  stm32f1xx_hal_timebase_TIM.o [1]
  .bss               zero     0x200043a0    0x40  tim.o [1]
  .bss               zero     0x200043e0    0x40  tim.o [1]
  .bss               zero     0x20004420    0x40  tim.o [1]
  .bss               zero     0x20004460    0x40  usart.o [1]
  .bss               zero     0x200044a0    0x40  usart.o [1]
  .bss               zero     0x200044e0    0x30  adc.o [1]
  .bss               zero     0x20004510    0x18  freertos.o [1]
  .bss               zero     0x20004528     0x8  app.o [1]
  .bss               zero     0x20004530     0x8  heap0.o [3]
  .bss               zero     0x20004538     0x4  tools.o [1]
  .bss               zero     0x2000453c     0x4  xfail_s.o [3]
  .bss               zero     0x20004540     0x4  xgetmemchunk.o [3]
  .bss               zero     0x20004544     0x1  XShttio.o [3]
                            - 0x20004545  0x4105

"P2", part 3 of 3:                         0x600
  CSTACK                      0x20004548   0x400  <Block>
    CSTACK           uninit   0x20004548   0x400  <Block tail>
  HEAP                        0x20004948   0x200  <Block>
    HEAP             uninit   0x20004948   0x200  <Block tail>
                            - 0x20004b48   0x600


*******************************************************************************
*** INIT TABLE
***

          Address     Size
          -------     ----
Zero (__iar_zero_init3)
    1 destination range, total size 0x4105:
          0x20000440  0x4105

Copy/lz77 (__iar_lz77_init_single3)
    1 source range, total size 0x177 (34% of destination):
          0x08008cf0   0x177
    1 destination range, total size 0x440:
          0x20000000   0x440



*******************************************************************************
*** MODULE SUMMARY
***

    Module                        ro code  ro data  rw data
    ------                        -------  -------  -------
C:\Users\orange\iCloudDrive\CH\CH_HOME_RO_CODE\CH_HOME_RO_CODE\EWARM\CH_RHY_HOME_RO_CODE\Obj: [1]
    adc.o                             368               116
    app.o                              48                96
    bc95.o                          1 696      232      676
    cmsis_os.o                        102
    dma.o                             112
    freertos.o                      1 036       84       24
    gpio.o                            282
    heap_4.o                          432            15 024
    i2c_eeprom.o                      614
    list.o                            142
    main.o                            286
    port.o                            344        5       12
    portasm.o                         136
    startup_stm32f103xb.o             384
    stm32f1xx_hal.o                   104        4       12
    stm32f1xx_hal_adc.o             1 084
    stm32f1xx_hal_adc_ex.o            212
    stm32f1xx_hal_cortex.o            224
    stm32f1xx_hal_dma.o               814
    stm32f1xx_hal_gpio.o              472
    stm32f1xx_hal_msp.o               136
    stm32f1xx_hal_rcc.o             1 302
    stm32f1xx_hal_rcc_ex.o            434
    stm32f1xx_hal_tim.o             1 492
    stm32f1xx_hal_tim_ex.o             78
    stm32f1xx_hal_timebase_TIM.o      120                64
    stm32f1xx_hal_uart.o            1 462
    stm32f1xx_it.o                    132
    system_stm32f1xx.o                 92        9        4
    tasks.o                         1 624               300
    tim.o                             544               192
    tools.o                         1 220               124
    usart.o                           596               400
    -------------------------------------------------------
    Total:                         18 124      334   17 044

command line: [2]
    -------------------------------------------------------
    Total:

dl7M_tlf.a: [3]
    XShHandles.o                      204               128
    XShttio.o                          60        3        9
    abort.o                             6
    exit.o                              4
    fclose.o                          126
    fflush.o                          172
    fputc.o                            84
    fseek.o                            36
    heap0.o                           320                 8
    heaptramp0.o                        4
    iar_Stoflt.o                      456
    iar_Stollx.o                      156
    iar_Stopfx.o                      290
    iar_Stoullx.o                     440
    iar_Stoulx.o                      372
    iar_Stoxflt.o                     540
    isalpha.o                          20
    isspace.o                          20
    low_level_init.o                    4
    printf.o                           40
    putchar.o                          12
    sprintf.o                          64
    sscanf.o                           40
    strcat.o                           32
    strstr.o                           48
    tolower.o                          20
    wctob.o                            60
    xcloseall.o                        60
    xencoding_8859_1.o                 38
    xfail_s.o                          64                 4
    xfgpos.o                           12
    xfiles.o                                    86      408
    xfofind.o                         124
    xfspos.o                          216
    xfwprep.o                         180
    xgetmemchunk.o                     44                 4
    xlocale_c.o                       264       50      128
    xmbcurmax.o                        10
    xprintffull.o                   3 990
    xprout.o                           22
    xscanffull.o                    3 816
    xsprout.o                          10
    xsscin.o                           30
    -------------------------------------------------------
    Total:                         12 510      139      689

m7M_tl.a: [4]
    DblAdd.o                          376
    DblCmpGe.o                         46
    DblCmpLe.o                         46
    DblDiv.o                          582
    DblMul.o                          418
    DblSub.o                          226
    DblToFlt.o                        104
    DblToS32.o                         58
    DblToU32.o                         40
    S32ToDbl.o                         34
    U32ToDbl.o                         26
    frexp.o                           112
    ldexp.o                           314
    strto64.o                       1 120
    -------------------------------------------------------
    Total:                          3 502

rt7M_tl.a: [5]
    ABImemclr4.o                        6
    ABImemcpy.o                       166
    ABImemmove.o                      150
    ABImemset48.o                      50
    I64DivMod.o                       558
    I64DivZer.o                         2
    cexit.o                            14
    cmain.o                            30
    cstart_closeall.o
    cstartup_M.o                       12
    data_init.o                        40
    lz77_init_single.o                122
    memchr.o                           88
    strchr.o                           22
    strlen.o                           54
    zero_init3.o                       64
    -------------------------------------------------------
    Total:                          1 378

shb_l.a: [6]
    close.o                            24
    dwrite.o                           30
    exit.o                             20
    iarttio.o                         124
    iarwrite.o                         34
    iarwstd.o                          32
    lseek.o                            74
    remove.o                           20
    write.o                            16
    -------------------------------------------------------
    Total:                            374

    Gaps                               62
    Linker created                              32    1 536
-----------------------------------------------------------
    Grand Total:                   35 950      505   19 269


*******************************************************************************
*** ENTRY LIST
***

Entry                      Address    Size  Type      Object
-----                      -------    ----  ----      ------
.iar.init_table$$Base   0x08008bc8           --   Gb  - Linker created -
.iar.init_table$$Limit  0x08008be8           --   Gb  - Linker created -
?main                   0x08008be9          Code  Gb  cmain.o [5]
ADC_ConversionStop_Disable
                        0x08006d7d    0x44  Code  Gb  stm32f1xx_hal_adc.o [1]
ADC_DMAConvCplt         0x08006dc1    0x48  Code  Gb  stm32f1xx_hal_adc.o [1]
ADC_DMAError            0x08006e11    0x16  Code  Gb  stm32f1xx_hal_adc.o [1]
ADC_DMAHalfConvCplt     0x08006e09     0x6  Code  Gb  stm32f1xx_hal_adc.o [1]
ADC_Enable              0x08006cef    0x6a  Code  Gb  stm32f1xx_hal_adc.o [1]
AHBPrescTable           0x080031bc    0x10  Data  Gb  system_stm32f1xx.o [1]
APBPrescTable           0x08008c5c     0x8  Data  Gb  system_stm32f1xx.o [1]
Aldata                  0x20004530     0x8  Data  Lc  heap0.o [3]
AppTaskHandle           0x20004510     0x4  Data  Gb  freertos.o [1]
Bc95InitTaskHandle      0x20004514     0x4  Data  Gb  freertos.o [1]
Bc95RecvTaskHandle      0x20004520     0x4  Data  Gb  freertos.o [1]
Bc95SendTaskHandle      0x20004524     0x4  Data  Gb  freertos.o [1]
BusFault_Handler        0x080088d3     0x2  Code  Gb  stm32f1xx_it.o [1]
ByteToHexStr            0x08005509    0x4a  Code  Gb  tools.o [1]
CSTACK$$Base            0x20004548           --   Gb  - Linker created -
CSTACK$$Limit           0x20004948           --   Gb  - Linker created -
CacheMore               0x0800113d    0x24  Code  Lc  xlocale_c.o [3]
ControlTaskHandle       0x20004518     0x4  Data  Gb  freertos.o [1]
DMA1_Channel1_IRQHandler
                        0x080088dd     0x6  Code  Gb  stm32f1xx_it.o [1]
DMA1_Channel4_IRQHandler
                        0x080088e3     0x6  Code  Gb  stm32f1xx_it.o [1]
DMA1_Channel5_IRQHandler
                        0x080088e9     0x6  Code  Gb  stm32f1xx_it.o [1]
DMA1_Channel6_IRQHandler
                        0x080088ef     0x6  Code  Gb  stm32f1xx_it.o [1]
DMA1_Channel7_IRQHandler
                        0x080088f5     0x6  Code  Gb  stm32f1xx_it.o [1]
DMA_SetConfig           0x0800613d    0x22  Code  Lc  stm32f1xx_hal_dma.o [1]
DebugMon_Handler        0x080088d7     0x2  Code  Gb  stm32f1xx_it.o [1]
Dtentox                 0x080032dd   0x18c  Code  Lc  strto64.o [4]
EEPROM_CheckOk          0x0800682f    0x16  Code  Gb  i2c_eeprom.o [1]
EEPROM_ReadBytes        0x08006845    0x64  Code  Gb  i2c_eeprom.o [1]
EEPROM_WriteBytes       0x080068a9    0x72  Code  Gb  i2c_eeprom.o [1]
ErrorCheckTaskHandle    0x2000451c     0x4  Data  Gb  freertos.o [1]
HAL_ADCEx_Calibration_Start
                        0x0800691d    0xba  Code  Gb  stm32f1xx_hal_adc_ex.o [1]
HAL_ADC_ConfigChannel   0x08006bf3    0xe4  Code  Gb  stm32f1xx_hal_adc.o [1]
HAL_ADC_Init            0x080069f1    0xf4  Code  Gb  stm32f1xx_hal_adc.o [1]
HAL_ADC_MspInit         0x08007399    0x7e  Code  Gb  adc.o [1]
HAL_ADC_Start_DMA       0x08006af9    0xfa  Code  Gb  stm32f1xx_hal_adc.o [1]
HAL_DMA_Abort           0x08005f11    0x2c  Code  Gb  stm32f1xx_hal_dma.o [1]
HAL_DMA_Abort_IT        0x08005f3d    0x9a  Code  Gb  stm32f1xx_hal_dma.o [1]
HAL_DMA_IRQHandler      0x08005fd7   0x140  Code  Gb  stm32f1xx_hal_dma.o [1]
HAL_DMA_Init            0x08005e31    0x64  Code  Gb  stm32f1xx_hal_dma.o [1]
HAL_DMA_Start_IT        0x08005e9d    0x74  Code  Gb  stm32f1xx_hal_dma.o [1]
HAL_Delay               0x08007e29    0x28  Code  Wk  stm32f1xx_hal.o [1]
HAL_GPIO_Init           0x08004f05   0x182  Code  Gb  stm32f1xx_hal_gpio.o [1]
HAL_GPIO_ReadPin        0x08005087     0xc  Code  Gb  stm32f1xx_hal_gpio.o [1]
HAL_GPIO_TogglePin      0x0800509f     0x8  Code  Gb  stm32f1xx_hal_gpio.o [1]
HAL_GPIO_WritePin       0x08005093     0xc  Code  Gb  stm32f1xx_hal_gpio.o [1]
HAL_GetTick             0x080070d9     0xc  Code  Wk  stm32f1xx_hal.o [1]
HAL_IncTick             0x0800825d    0x10  Code  Wk  stm32f1xx_hal.o [1]
HAL_Init                0x08007489    0x20  Code  Gb  stm32f1xx_hal.o [1]
HAL_InitTick            0x080070e5    0x68  Code  Gb  stm32f1xx_hal_timebase_TIM.o [1]
HAL_MspInit             0x0800826d    0x88  Code  Gb  stm32f1xx_hal_msp.o [1]
HAL_NVIC_EnableIRQ      0x0800706b     0xa  Code  Gb  stm32f1xx_hal_cortex.o [1]
HAL_NVIC_SetPriority    0x08007031    0x3a  Code  Gb  stm32f1xx_hal_cortex.o [1]
HAL_NVIC_SetPriorityGrouping
                        0x08007017    0x1a  Code  Gb  stm32f1xx_hal_cortex.o [1]
HAL_RCCEx_GetPeriphCLKFreq
                        0x08007239    0xaa  Code  Gb  stm32f1xx_hal_rcc_ex.o [1]
HAL_RCCEx_GetPeriphCLKFreq::aPLLMULFactorTable
                        0x080072fc    0x10  Data  Lc  stm32f1xx_hal_rcc_ex.o [1]
HAL_RCCEx_GetPeriphCLKFreq::aPredivFactorTable
                        0x0800730c     0x2  Data  Lc  stm32f1xx_hal_rcc_ex.o [1]
HAL_RCCEx_PeriphCLKConfig
                        0x0800715d    0xda  Code  Gb  stm32f1xx_hal_rcc_ex.o [1]
HAL_RCC_ClockConfig     0x08006485   0x10c  Code  Gb  stm32f1xx_hal_rcc.o [1]
HAL_RCC_GetClockConfig  0x0800660b    0x36  Code  Gb  stm32f1xx_hal_rcc.o [1]
HAL_RCC_GetHCLKFreq     0x080065e1     0x6  Code  Gb  stm32f1xx_hal_rcc.o [1]
HAL_RCC_GetPCLK1Freq    0x080065e7    0x10  Code  Gb  stm32f1xx_hal_rcc.o [1]
HAL_RCC_GetPCLK2Freq    0x080065f7     0xe  Code  Gb  stm32f1xx_hal_rcc.o [1]
HAL_RCC_GetSysClockFreq
                        0x080065a5    0x3c  Code  Gb  stm32f1xx_hal_rcc.o [1]
HAL_RCC_GetSysClockFreq::aPLLMULFactorTable
                        0x0800666c    0x10  Data  Lc  stm32f1xx_hal_rcc.o [1]
HAL_RCC_GetSysClockFreq::aPredivFactorTable
                        0x0800667c     0x2  Data  Lc  stm32f1xx_hal_rcc.o [1]
HAL_RCC_OscConfig       0x08006169   0x314  Code  Gb  stm32f1xx_hal_rcc.o [1]
HAL_SYSTICK_CLKSourceConfig
                        0x080070a7    0x1a  Code  Gb  stm32f1xx_hal_cortex.o [1]
HAL_SYSTICK_Config      0x0800707f    0x28  Code  Gb  stm32f1xx_hal_cortex.o [1]
HAL_TIMEx_BreakCallback
                        0x08008341     0x2  Code  Wk  stm32f1xx_hal_tim_ex.o [1]
HAL_TIMEx_CommutationCallback
                        0x08008345     0x2  Code  Wk  stm32f1xx_hal_tim_ex.o [1]
HAL_TIMEx_MasterConfigSynchronization
                        0x080082f5    0x4a  Code  Gb  stm32f1xx_hal_tim_ex.o [1]
HAL_TIM_Base_Init       0x08007859    0x1a  Code  Gb  stm32f1xx_hal_tim.o [1]
HAL_TIM_Base_MspInit    0x08007757    0x4e  Code  Gb  tim.o [1]
HAL_TIM_Base_Start_IT   0x08007873    0x16  Code  Gb  stm32f1xx_hal_tim.o [1]
HAL_TIM_ConfigClockSource
                        0x08007bdb    0xac  Code  Gb  stm32f1xx_hal_tim.o [1]
HAL_TIM_IC_CaptureCallback
                        0x08005381    0x26  Code  Gb  tools.o [1]
HAL_TIM_IC_ConfigChannel
                        0x08007aa9   0x104  Code  Gb  stm32f1xx_hal_tim.o [1]
HAL_TIM_IC_Init         0x080078e5    0x1a  Code  Gb  stm32f1xx_hal_tim.o [1]
HAL_TIM_IC_MspInit      0x080077a5    0x48  Code  Gb  tim.o [1]
HAL_TIM_IC_Start_IT     0x0800790f    0x3a  Code  Gb  stm32f1xx_hal_tim.o [1]
HAL_TIM_IRQHandler      0x08007961   0x142  Code  Gb  stm32f1xx_hal_tim.o [1]
HAL_TIM_PeriodElapsedCallback
                        0x08006fd5     0xe  Code  Gb  main.o [1]
HAL_UART_DMAStop        0x08004a73    0x48  Code  Gb  stm32f1xx_hal_uart.o [1]
HAL_UART_IRQHandler     0x08004ad3   0x152  Code  Gb  stm32f1xx_hal_uart.o [1]
HAL_UART_Init           0x080048f1    0x1e  Code  Gb  stm32f1xx_hal_uart.o [1]
HAL_UART_MspInit        0x08005c4f   0x14c  Code  Gb  usart.o [1]
HAL_UART_Receive_DMA    0x080049e1    0x92  Code  Gb  stm32f1xx_hal_uart.o [1]
HAL_UART_Transmit_DMA   0x08004969    0x78  Code  Gb  stm32f1xx_hal_uart.o [1]
HEAP$$Base              0x20004948           --   Gb  - Linker created -
HEAP$$Limit             0x20004b48           --   Gb  - Linker created -
HardFault_Handler       0x080088cf     0x2  Code  Gb  stm32f1xx_it.o [1]
I2C_Ack                 0x0800679f    0x14  Code  Gb  i2c_eeprom.o [1]
I2C_CheckDevice         0x0800680f    0x20  Code  Gb  i2c_eeprom.o [1]
I2C_Delay               0x080066b5     0x2  Code  Lc  i2c_eeprom.o [1]
I2C_NAck                0x080067dd    0x10  Code  Gb  i2c_eeprom.o [1]
I2C_ReadByte            0x08006723    0x32  Code  Gb  i2c_eeprom.o [1]
I2C_SendByte            0x080066d7    0x42  Code  Gb  i2c_eeprom.o [1]
I2C_Start               0x080066b7    0x16  Code  Gb  i2c_eeprom.o [1]
I2C_Stop                0x080066cd     0xa  Code  Gb  i2c_eeprom.o [1]
I2C_WaitAck             0x08006761    0x30  Code  Gb  i2c_eeprom.o [1]
LoadInt                 0x080002db    0x7a  Code  Lc  xprintffull.o [3]
MX_ADC1_Init            0x08007311    0x74  Code  Gb  adc.o [1]
MX_DMA_Init             0x080075c9    0x70  Code  Gb  dma.o [1]
MX_FREERTOS_Init        0x08007e51    0x46  Code  Gb  freertos.o [1]
MX_GPIO_Init            0x080074ad    0xfa  Code  Gb  gpio.o [1]
MX_TIM1_Init            0x08007639    0x40  Code  Gb  tim.o [1]
MX_TIM2_Init            0x08007679    0x4e  Code  Gb  tim.o [1]
MX_TIM3_Init            0x080076e9    0x62  Code  Gb  tim.o [1]
MX_USART1_UART_Init     0x08005bdd    0x34  Code  Gb  usart.o [1]
MX_USART2_UART_Init     0x08005c11    0x3e  Code  Gb  usart.o [1]
MemManage_Handler       0x080088d1     0x2  Code  Gb  stm32f1xx_it.o [1]
NMI_Handler             0x080088cd     0x2  Code  Gb  stm32f1xx_it.o [1]
NVIC_SetPriority        0x08006ff9    0x1e  Code  Lc  stm32f1xx_hal_cortex.o [1]
PendSV_Handler          0x08006e51          Code  Gb  portasm.o [1]
Region$$Table$$Base     0x08008bc8           --   Gb  - Linker created -
Region$$Table$$Limit    0x08008be8           --   Gb  - Linker created -
SVC_Handler             0x08006e97          Code  Gb  portasm.o [1]
StartAppTask            0x08007e97    0x3c  Code  Gb  freertos.o [1]
StartBc95InitTask       0x08007ed3    0x7c  Code  Gb  freertos.o [1]
StartBc95RecvTask       0x080080d5    0x4a  Code  Gb  freertos.o [1]
StartBc95SendTask       0x0800811f    0x52  Code  Gb  freertos.o [1]
StartControlTask        0x08007f5f    0x94  Code  Gb  freertos.o [1]
StartErrorCheckTask     0x08007ff3    0xe0  Code  Gb  freertos.o [1]
SysTick_Handler         0x080088d9     0x4  Code  Gb  stm32f1xx_it.o [1]
SystemClock_Config      0x08006f4f    0x86  Code  Gb  main.o [1]
SystemCoreClock         0x200002bc     0x4  Data  Gb  system_stm32f1xx.o [1]
SystemInit              0x08003171    0x3a  Code  Gb  system_stm32f1xx.o [1]
TIM2_IRQHandler         0x080088fb     0x6  Code  Gb  stm32f1xx_it.o [1]
TIM3_IRQHandler         0x08008901     0x6  Code  Gb  stm32f1xx_it.o [1]
TIM4_IRQHandler         0x08008907     0x6  Code  Gb  stm32f1xx_it.o [1]
TIM_Base_SetConfig      0x08007cb1    0x5e  Code  Gb  stm32f1xx_hal_tim.o [1]
TIM_CCxChannelCmd       0x08007e0f    0x12  Code  Gb  stm32f1xx_hal_tim.o [1]
TIM_ETR_SetConfig       0x08007dfb    0x14  Code  Lc  stm32f1xx_hal_tim.o [1]
TIM_ITRx_SetConfig      0x08007deb    0x10  Code  Lc  stm32f1xx_hal_tim.o [1]
TIM_TI1_ConfigInputStage
                        0x08007d75    0x1e  Code  Lc  stm32f1xx_hal_tim.o [1]
TIM_TI1_SetConfig       0x08007d0f    0x4e  Code  Gb  stm32f1xx_hal_tim.o [1]
TIM_TI2_ConfigInputStage
                        0x08007dc7    0x24  Code  Lc  stm32f1xx_hal_tim.o [1]
TIM_TI2_SetConfig       0x08007d93    0x34  Code  Lc  stm32f1xx_hal_tim.o [1]
UART_DMAAbortOnError    0x08004d11     0xc  Code  Lc  stm32f1xx_hal_uart.o [1]
UART_DMAError           0x08004c99    0x4a  Code  Lc  stm32f1xx_hal_uart.o [1]
UART_DMAReceiveCplt     0x08004c59    0x38  Code  Lc  stm32f1xx_hal_uart.o [1]
UART_DMARxHalfCplt      0x08004c91     0x6  Code  Lc  stm32f1xx_hal_uart.o [1]
UART_DMATransmitCplt    0x08004c25    0x2a  Code  Lc  stm32f1xx_hal_uart.o [1]
UART_DMATxHalfCplt      0x08004c51     0x6  Code  Lc  stm32f1xx_hal_uart.o [1]
UART_EndRxTransfer      0x08004cf5    0x1c  Code  Lc  stm32f1xx_hal_uart.o [1]
UART_EndTxTransfer      0x08004ce3    0x12  Code  Lc  stm32f1xx_hal_uart.o [1]
UART_Receive_IT         0x08004d1d    0x96  Code  Lc  stm32f1xx_hal_uart.o [1]
UART_SetConfig          0x08004db3    0xde  Code  Lc  stm32f1xx_hal_uart.o [1]
USART1_IRQHandler       0x0800890d     0x6  Code  Gb  stm32f1xx_it.o [1]
USART2_IRQHandler       0x08008913     0x4  Code  Gb  stm32f1xx_it.o [1]
UsageFault_Handler      0x080088d5     0x2  Code  Gb  stm32f1xx_it.o [1]
_Close_all              0x08008b65    0x3c  Code  Gb  xcloseall.o [3]
_Encoding_8859_1_Mbrlen
                        0x08001235     0x2  Code  Gb  xencoding_8859_1.o [3]
_Encoding_8859_1_Mbtowc
                        0x0800122d     0x8  Code  Gb  xencoding_8859_1.o [3]
_Encoding_8859_1_Wctomb
                        0x0800121b    0x12  Code  Gb  xencoding_8859_1.o [3]
_Error_Handler          0x08006ff5     0x2  Code  Gb  main.o [1]
_Files                  0x20000418    0x20  Data  Gb  xfiles.o [3]
_Fofree                 0x080089d1    0x78  Code  Gb  xfofind.o [3]
_Fspos                  0x080084dd    0xd8  Code  Gb  xfspos.o [3]
_Fwprep                 0x080087f5    0xb4  Code  Gb  xfwprep.o [3]
_GenldFull              0x08000d5d   0x274  Code  Lc  xprintffull.o [3]
_GetN                   0x08001fe5    0x22  Code  Lc  xscanffull.o [3]
_GetfldFull             0x08002245   0x132  Code  Lc  xscanffull.o [3]
_GetfloatFull           0x0800289d   0x54c  Code  Lc  xscanffull.o [3]
_GetintFull             0x08002671   0x224  Code  Lc  xscanffull.o [3]
_GetstrFull             0x080023b9   0x2b2  Code  Lc  xscanffull.o [3]
_LdtobFull              0x08000931   0x3fe  Code  Lc  xprintffull.o [3]
_LitobFull              0x080007d9   0x112  Code  Lc  xprintffull.o [3]
_LocaleC_isalpha        0x08001103     0xc  Code  Gb  xlocale_c.o [3]
_LocaleC_islower        0x080010fd     0x4  Code  Gb  xlocale_c.o [3]
_LocaleC_isspace        0x08001119    0x14  Code  Gb  xlocale_c.o [3]
_LocaleC_isupper        0x08001101     0x2  Code  Gb  xlocale_c.o [3]
_LocaleC_tolower        0x0800112d     0xc  Code  Gb  xlocale_c.o [3]
_Locale_lconv           0x200002c0    0x38  Data  Lc  xlocale_c.o [3]
_Nnl                    0x08008661     0xc  Code  Gb  xfgpos.o [3]
_PrintfFull             0x080000ed   0x1d6  Code  Gb  xprintffull.o [3]
_Prout                  0x08008c1f    0x16  Code  Gb  xprout.o [3]
_PutcharsFull           0x08000fd1    0x2e  Code  Lc  xprintffull.o [3]
_PutfldFull             0x08000355   0x2d0  Code  Lc  xprintffull.o [3]
_PutstrFull             0x0800071b    0xbe  Code  Lc  xprintffull.o [3]
_PuttxtFull             0x08000625    0xf6  Code  Lc  xprintffull.o [3]
_SProut                 0x08001337     0xa  Code  Gb  xsprout.o [3]
_SScin                  0x080012b7    0x1e  Code  Gb  xsscin.o [3]
_ScanfFull              0x08002021   0x200  Code  Gb  xscanffull.o [3]
_UngetN                 0x08002007    0x1a  Code  Lc  xscanffull.o [3]
__aeabi_cdcmple         0x0800182d          Code  Gb  DblCmpLe.o [4]
__aeabi_cdrcmple        0x0800185d          Code  Gb  DblCmpGe.o [4]
__aeabi_d2f             0x08003645          Code  Gb  DblToFlt.o [4]
__aeabi_d2iz            0x080019c9          Code  Gb  DblToS32.o [4]
__aeabi_d2uiz           0x08001d55          Code  Gb  DblToU32.o [4]
__aeabi_dadd            0x08001da1          Code  Gb  DblAdd.o [4]
__aeabi_ddiv            0x08001b0d          Code  Gb  DblDiv.o [4]
__aeabi_dmul            0x08001619          Code  Gb  DblMul.o [4]
__aeabi_dsub            0x08001a29          Code  Gb  DblSub.o [4]
__aeabi_i2d             0x08001a05          Code  Gb  S32ToDbl.o [4]
__aeabi_ldiv0           0x08001d9d          Code  Gb  I64DivZer.o [5]
__aeabi_memclr4         0x080050dd          Code  Gb  ABImemclr4.o [5]
__aeabi_memcpy          0x08001341          Code  Gb  ABImemcpy.o [5]
__aeabi_memcpy4         0x08001361          Code  Gb  ABImemcpy.o [5]
__aeabi_memcpy8         0x08001361          Code  Gb  ABImemcpy.o [5]
__aeabi_memmove         0x08005115          Code  Gb  ABImemmove.o [5]
__aeabi_memmove4        0x08005115          Code  Gb  ABImemmove.o [5]
__aeabi_memmove8        0x08005115          Code  Gb  ABImemmove.o [5]
__aeabi_ui2d            0x08001d7d          Code  Gb  U32ToDbl.o [4]
__aeabi_uldivmod        0x080013e9          Code  Gb  I64DivMod.o [5]
__basic_free            0x0800841d    0x16  Code  Gb  heap0.o [3]
__basic_free_intern     0x08008433    0x7a  Code  Lc  heap0.o [3]
__basic_malloc          0x08008371    0x18  Code  Gb  heap0.o [3]
__basic_malloc_intern   0x08008389    0x94  Code  Lc  heap0.o [3]
__cexit_closeall        0x08008c13          Code  Gb  cexit.o [5]
__close                 0x08008a51    0x18  Code  Gb  close.o [6]
__cmain                 0x08008be9          Code  Gb  cmain.o [5]
__cstart_closeall       0x08008cf0          Data  Gb  cstart_closeall.o [5]
__data_GetMemChunk      0x080084b1    0x2c  Code  Gb  xgetmemchunk.o [3]
__data_GetMemChunk::start
                        0x20004540     0x4  Data  Lc  xgetmemchunk.o [3]
__dwrite                0x08008795    0x1e  Code  Gb  dwrite.o [6]
__exit                  0x08001f19    0x14  Code  Gb  exit.o [6]
__iar_Fail_s            0x08001241    0x1c  Code  Gb  xfail_s.o [3]
__iar_Mbcurmax          0x0800132d     0xa  Code  Gb  xmbcurmax.o [3]
__iar_Memchr            0x080012d5          Code  Gb  memchr.o [5]
__iar_Memset4_word      0x08006681          Code  Gb  ABImemset48.o [5]
__iar_Memset8_word      0x08006681          Code  Gb  ABImemset48.o [5]
__iar_Stderr            0x200003d0    0x48  Data  Gb  xfiles.o [3]
__iar_Stdin             0x20000340    0x48  Data  Gb  xfiles.o [3]
__iar_Stdout            0x20000388    0x48  Data  Gb  xfiles.o [3]
__iar_Sto64             0x08003469   0x154  Code  Gb  strto64.o [4]
__iar_Stoflt            0x080037e5   0x1c8  Code  Gb  iar_Stoflt.o [3]
__iar_Stollx            0x08002f1d    0x96  Code  Gb  iar_Stollx.o [3]
__iar_Stopfx            0x080036c1   0x122  Code  Gb  iar_Stopfx.o [3]
__iar_Stoullx           0x08002fb9   0x15c  Code  Gb  iar_Stoullx.o [3]
__iar_Stoulx            0x080051ad   0x112  Code  Gb  iar_Stoulx.o [3]
__iar_Stoxflt           0x080039ad   0x1e6  Code  Gb  iar_Stoxflt.o [3]
__iar_Stoxflt::digits   0x08003b98    0x18  Data  Lc  iar_Stoxflt.o [3]
__iar_Stoxflt::vals     0x08003bb0    0x18  Data  Lc  iar_Stoxflt.o [3]
__iar_Strchr            0x08001205          Code  Gb  strchr.o [5]
__iar_close_ttio        0x08001f2d    0x2c  Code  Gb  iarttio.o [6]
__iar_dadd              0x08001a39          Code  Gb  DblSub.o [4]
__iar_data_init3        0x08008ba1    0x28  Code  Gb  data_init.o [5]
__iar_dsub              0x08001db1          Code  Gb  DblAdd.o [4]
__iar_dsubStart         0x08001dc3          Code  Gb  DblAdd.o [4]
__iar_frexp             0x080017c9          Code  Gb  frexp.o [4]
__iar_frexp64           0x080017bd          Code  Gb  frexp.o [4]
__iar_frexpl            0x080017c9          Code  Gb  frexp.o [4]
__iar_get_ttio          0x08001f59    0x4c  Code  Gb  iarttio.o [6]
__iar_globLocale        0x200002f8    0x48  Data  Lc  xlocale_c.o [3]
__iar_global_Locale     0x08001139     0x4  Code  Gb  xlocale_c.o [3]
__iar_ldexp64           0x0800188d          Code  Gb  ldexp.o [4]
__iar_lookup_ttioh      0x08001fd7     0x4  Code  Gb  XShttio.o [3]
__iar_lz77_init_single3
                        0x08001083    0x7a  Code  Gb  lz77_init_single.o [5]
__iar_program_start     0x08008c51          Code  Gb  cstartup_M.o [5]
__iar_scalbln64         0x0800188d          Code  Gb  ldexp.o [4]
__iar_scalbn64          0x0800188d          Code  Gb  ldexp.o [4]
__iar_sh_Discard        0x080086c9    0x42  Code  Gb  XShHandles.o [3]
__iar_sh_Move           0x0800870b    0x46  Code  Gb  XShHandles.o [3]
__iar_sh_Pos            0x08008751    0x3e  Code  Gb  XShHandles.o [3]
__iar_sh_stdout         0x080087b3    0x20  Code  Gb  iarwstd.o [6]
__iar_sh_write          0x080087d3    0x22  Code  Gb  iarwrite.o [6]
__iar_systems$$module {Abs}
                        0x00000001          Data  Gb  command line/config [2]
__iar_ttio_guard_lock   0x08001fa9    0x1e  Code  Gb  XShttio.o [3]
__iar_ttio_guard_unlock
                        0x08001fc7    0x10  Code  Gb  XShttio.o [3]
__iar_ttio_handles      0x20000438     0x8  Data  Lc  XShttio.o [3]
__iar_zero_init3        0x08008b25    0x40  Code  Gb  zero_init3.o [5]
__low_level_init        0x08008c07     0x4  Code  Gb  low_level_init.o [3]
__lseek                 0x0800866d    0x4a  Code  Gb  lseek.o [6]
__vector_table          0x08000000          Data  Gb  startup_stm32f103xb.o [1]
__write                 0x080086b7    0x10  Code  Gb  write.o [6]
_call_main              0x08008bf5          Code  Gb  cmain.o [5]
_exit                   0x08008c11          Code  Gb  cexit.o [5]
_gLocale_mblen          0x080011e3     0x4  Code  Gb  xlocale_c.o [3]
_gLocale_mblenInt       0x08001161    0x34  Code  Gb  xlocale_c.o [3]
_gLocale_mbtowc         0x080011e7     0xc  Code  Gb  xlocale_c.o [3]
_gLocale_mbtowcInt      0x08001195    0x4a  Code  Gb  xlocale_c.o [3]
_gLocale_wctomb         0x080011f3     0x4  Code  Gb  xlocale_c.o [3]
_gLocale_wctombInt      0x080011df     0x4  Code  Gb  xlocale_c.o [3]
_main                   0x08008c03          Code  Gb  cmain.o [5]
abort                   0x08001d97     0x6  Code  Gb  abort.o [3]
adc_value               0x200041ac    0x78  Data  Gb  tools.o [1]
atoi                    0x080052c5     0x2  Code  Gb  iar_Stoulx.o [3]
bc95_check_ack          0x08003d55    0x20  Code  Gb  bc95.o [1]
bc95_check_recv         0x080040f9    0x66  Code  Gb  bc95.o [1]
bc95_get_csq            0x08003e95    0x60  Code  Gb  bc95.o [1]
bc95_get_iccid          0x08003e0d    0x48  Code  Gb  bc95.o [1]
bc95_get_imei           0x08003dbb    0x48  Code  Gb  bc95.o [1]
bc95_get_imsi           0x08003d75    0x46  Code  Gb  bc95.o [1]
bc95_get_profile_status
                        0x08003e5b    0x30  Code  Gb  bc95.o [1]
bc95_init               0x08003bc9    0xda  Code  Gb  bc95.o [1]
bc95_open_recv          0x08003d35    0x20  Code  Gb  bc95.o [1]
bc95_read_coap          0x0800409f    0x52  Code  Gb  bc95.o [1]
bc95_reboot             0x08003f6b    0x1c  Code  Gb  bc95.o [1]
bc95_recv               0x20000000   0x134  Data  Gb  bc95.o [1]
bc95_recv_idle_callback
                        0x0800415f    0x5e  Code  Gb  bc95.o [1]
bc95_send_coap          0x08003f91    0xfe  Code  Gb  bc95.o [1]
bc95_send_command       0x08003cb9    0x7c  Code  Gb  bc95.o [1]
bc95_set_server_ip      0x08003ef5    0x6e  Code  Gb  bc95.o [1]
bc95_status             0x20000134    0x3c  Data  Gb  bc95.o [1]
beep                    0x080057dd    0x28  Code  Gb  tools.o [1]
cmd_check               0x20000170     0x8  Data  Gb  bc95.o [1]
cmd_check_recv          0x200001e0     0xc  Data  Gb  bc95.o [1]
cmd_coap_get_data       0x20000238     0xc  Data  Gb  bc95.o [1]
cmd_coap_have_recv      0x20000260     0x8  Data  Gb  bc95.o [1]
cmd_coap_send_ok        0x20000298     0xc  Data  Gb  bc95.o [1]
cmd_disconnect          0x20000244     0xc  Data  Gb  bc95.o [1]
cmd_get_csq             0x200001c8     0xc  Data  Gb  bc95.o [1]
cmd_get_iccid           0x200001d4     0xc  Data  Gb  bc95.o [1]
cmd_get_imei            0x200001bc     0xc  Data  Gb  bc95.o [1]
cmd_get_imsi            0x200001b0     0xc  Data  Gb  bc95.o [1]
cmd_get_profile_status  0x200001a4     0xc  Data  Gb  bc95.o [1]
cmd_get_server_ip       0x2000022c     0xc  Data  Gb  bc95.o [1]
cmd_ok                  0x2000025c     0x4  Data  Gb  bc95.o [1]
cmd_set_fully_funtion   0x20000250     0xc  Data  Gb  bc95.o [1]
cmd_set_pdp             0x20000194    0x10  Data  Gb  bc95.o [1]
cmd_set_pdp_context     0x20000204    0x28  Data  Gb  bc95.o [1]
cmd_set_recv_flag       0x200001f8     0xc  Data  Gb  bc95.o [1]
cmd_set_sended_flag     0x200001ec     0xc  Data  Gb  bc95.o [1]
cmd_unset_back          0x20000178     0xc  Data  Gb  bc95.o [1]
cmd_unset_psm           0x20000184    0x10  Data  Gb  bc95.o [1]
ddiv                    0x0800324b    0x7a  Code  Lc  strto64.o [4]
device_error            0x20004528     0x8  Data  Gb  app.o [1]
device_status           0x20004224    0x58  Data  Gb  app.o [1]
digits                  0x080052d0    0x28  Data  Lc  iar_Stoulx.o [3]
digits                  0x08003120    0x28  Data  Lc  iar_Stoullx.o [3]
dmul                    0x080031d1    0x7a  Code  Lc  strto64.o [4]
ebuf                    0x2000427c    0x50  Data  Lc  xfiles.o [3]
eeprom_2_word           0x080053b7    0x18  Code  Gb  tools.o [1]
eeprom_read_device_status
                        0x0800546d    0x6e  Code  Gb  tools.o [1]
eeprom_save_device_status
                        0x080053cf    0x94  Code  Gb  tools.o [1]
exit                    0x08008c0b     0x4  Code  Gb  exit.o [3]
fclose                  0x08008951    0x7e  Code  Gb  fclose.o [3]
feed_wdi                0x080057d5     0x8  Code  Gb  tools.o [1]
fflush                  0x08008629    0x34  Code  Gb  fflush.o [3]
fflushOne               0x080085b5    0x74  Code  Lc  fflush.o [3]
flow_count              0x20004538     0x4  Data  Gb  tools.o [1]
fputc                   0x08008ad1    0x54  Code  Gb  fputc.o [3]
free                    0x08008a4d     0x4  Code  Gb  heaptramp0.o [3]
frexp                   0x080017bd          Code  Gb  frexp.o [4]
frexpl                  0x080017bd          Code  Gb  frexp.o [4]
fseek                   0x080088a9    0x24  Code  Gb  fseek.o [3]
get_high_switch         0x080054fd     0x4  Code  Gb  tools.o [1]
get_low_switch          0x080054f7     0x6  Code  Gb  tools.o [1]
hadc1                   0x200044e0    0x30  Data  Gb  adc.o [1]
hdma_adc1               0x2000431c    0x44  Data  Gb  adc.o [1]
hdma_usart1_rx          0x20003ef0    0x44  Data  Gb  usart.o [1]
hdma_usart1_tx          0x20003f34    0x44  Data  Gb  usart.o [1]
hdma_usart2_rx          0x20003f78    0x44  Data  Gb  usart.o [1]
hdma_usart2_tx          0x20003fbc    0x44  Data  Gb  usart.o [1]
header                  0x2000027c     0xc  Data  Gb  bc95.o [1]
htim1                   0x200043a0    0x40  Data  Gb  tim.o [1]
htim2                   0x200043e0    0x40  Data  Gb  tim.o [1]
htim3                   0x20004420    0x40  Data  Gb  tim.o [1]
htim4                   0x20004360    0x40  Data  Gb  stm32f1xx_hal_timebase_TIM.o [1]
huart1                  0x20004460    0x40  Data  Gb  usart.o [1]
huart2                  0x200044a0    0x40  Data  Gb  usart.o [1]
isalpha                 0x08003631    0x14  Code  Gb  isalpha.o [3]
isspace                 0x08002f09    0x14  Code  Gb  isspace.o [3]
ldexp                   0x0800188d          Code  Gb  ldexp.o [4]
ldexpl                  0x0800188d          Code  Gb  ldexp.o [4]
localeconv              0x080011f7     0x4  Code  Gb  xlocale_c.o [3]
main                    0x08006ed9    0x76  Code  Gb  main.o [1]
makeFreeRtosPriority    0x08004e9d     0xc  Code  Lc  cmsis_os.o [1]
memchr                  0x080012d5          Code  Gb  memchr.o [5]
ndigs                   0x080052f8    0x28  Data  Lc  iar_Stoulx.o [3]
ndigs                   0x08003148    0x28  Data  Lc  iar_Stoullx.o [3]
obuf                    0x200042cc    0x50  Data  Lc  xfiles.o [3]
open_wdi                0x080057c9     0x4  Code  Gb  tools.o [1]
osDelay                 0x08004ee1     0xe  Code  Gb  cmsis_os.o [1]
osKernelStart           0x08004ea9     0xa  Code  Gb  cmsis_os.o [1]
osSystickHandler        0x08004eef    0x14  Code  Gb  cmsis_os.o [1]
osThreadCreate          0x08004eb3    0x2e  Code  Gb  cmsis_os.o [1]
pows                    0x080035e8    0x48  Data  Lc  strto64.o [4]
printf                  0x08008349    0x28  Code  Gb  printf.o [3]
processing_server_command
                        0x08005553   0x1d4  Code  Gb  tools.o [1]
prvAddCurrentTaskToDelayedList
                        0x08004845    0x64  Code  Lc  tasks.o [1]
prvAddNewTaskToReadyList
                        0x08004339    0xa6  Code  Lc  tasks.o [1]
prvDeleteTCB            0x080047b9    0x14  Code  Lc  tasks.o [1]
prvIdleTask             0x08004751    0x62  Code  Lc  tasks.o [1]
prvInitialiseNewTask    0x080042c1    0x78  Code  Lc  tasks.o [1]
prvInsertBlockIntoFreeList
                        0x080059a9    0x46  Code  Lc  heap_4.o [1]
prvResetNextTaskUnblockTime
                        0x080047cd    0x1c  Code  Lc  tasks.o [1]
prvTaskExitError        0x08005aa5    0x28  Code  Lc  port.o [1]
putchar                 0x08008c35     0xc  Code  Gb  putchar.o [3]
pvPortMalloc            0x08005845   0x102  Code  Gb  heap_4.o [1]
pxCurrentTCB            0x20004028     0x4  Data  Gb  tasks.o [1]
pxDelayedTaskList       0x2000402c     0x4  Data  Lc  tasks.o [1]
pxEnd                   0x20000448     0x4  Data  Lc  heap_4.o [1]
pxOverflowDelayedTaskList
                        0x20004030     0x4  Data  Lc  tasks.o [1]
pxPortInitialiseStack   0x08005a85    0x20  Code  Gb  port.o [1]
pxReadyTasksLists       0x200040a0    0x8c  Data  Lc  tasks.o [1]
ranmatch                0x08002377    0x42  Code  Lc  xscanffull.o [3]
registe_device          0x080048c1    0x24  Code  Gb  app.o [1]
remove                  0x08008a69    0x14  Code  Gb  remove.o [6]
sFileInfo               0x2000412c    0x80  Data  Lc  XShHandles.o [3]
scalbln                 0x0800188d          Code  Gb  ldexp.o [4]
scalblnl                0x0800188d          Code  Gb  ldexp.o [4]
scalbn                  0x0800188d          Code  Gb  ldexp.o [4]
scalbnl                 0x0800188d          Code  Gb  ldexp.o [4]
scale                   0x080008eb    0x46  Code  Lc  xprintffull.o [3]
sec_hand                0x2000453c     0x4  Data  Lc  xfail_s.o [3]
server_ip               0x20000268    0x14  Data  Gb  bc95.o [1]
sprintf                 0x08005341    0x40  Code  Gb  sprintf.o [3]
sscanf                  0x08006e29    0x28  Code  Gb  sscanf.o [3]
start_adc               0x080054db    0x1c  Code  Gb  tools.o [1]
start_create_water      0x0800573d    0x24  Code  Gb  tools.o [1]
start_rinse             0x0800577d    0x26  Code  Gb  tools.o [1]
status_error_led        0x080057a5     0x2  Code  Gb  tools.o [1]
status_network_led      0x080057a3     0x2  Code  Gb  tools.o [1]
stop_create_water       0x08005761    0x16  Code  Gb  tools.o [1]
stop_rinse              0x080057b3     0xa  Code  Gb  tools.o [1]
strcat                  0x08005321    0x20  Code  Gb  strcat.o [3]
strchr                  0x08001205          Code  Gb  strchr.o [5]
strlen                  0x08001281          Code  Gb  strlen.o [5]
strstr                  0x080050e3    0x30  Code  Gb  strstr.o [3]
strtoll                 0x08002fb3     0x2  Code  Gb  iar_Stollx.o [3]
strtoull                0x0800311b     0x2  Code  Gb  iar_Stoullx.o [3]
test                    0x20000288    0x10  Data  Gb  bc95.o [1]
tolower                 0x080036ad    0x14  Code  Gb  tolower.o [3]
ttio_guard              0x20004544     0x1  Data  Lc  XShttio.o [3]
ucHeap                  0x20000458  0x3a98  Data  Lc  heap_4.o [1]
ucMaxSysCallPriority    0x200002a4     0x1  Data  Lc  port.o [1]
ulMaxPRIGROUPValue      0x200002ac     0x4  Data  Lc  port.o [1]
uwTick                  0x200002b4     0x4  Data  Gb  stm32f1xx_hal.o [1]
uwTickFreq              0x200002b0     0x1  Data  Gb  stm32f1xx_hal.o [1]
uwTickPrio              0x200002b8     0x4  Data  Gb  stm32f1xx_hal.o [1]
uxCriticalNesting       0x200002a8     0x4  Data  Lc  port.o [1]
uxCurrentNumberOfTasks  0x2000404c     0x4  Data  Lc  tasks.o [1]
uxDeletedTasksWaitingCleanUp
                        0x20004034     0x4  Data  Lc  tasks.o [1]
uxListRemove            0x08005a5f    0x24  Code  Gb  list.o [1]
uxPendedTicks           0x2000405c     0x4  Data  Lc  tasks.o [1]
uxSchedulerSuspended    0x20004070     0x4  Data  Lc  tasks.o [1]
uxTaskNumber            0x20004068     0x4  Data  Lc  tasks.o [1]
uxTopReadyPriority      0x20004054     0x4  Data  Lc  tasks.o [1]
vListInitialise         0x080059f5    0x1a  Code  Gb  list.o [1]
vListInitialiseItem     0x08005a0f     0x6  Code  Gb  list.o [1]
vListInsert             0x08005a2d    0x32  Code  Gb  list.o [1]
vListInsertEnd          0x08005a15    0x18  Code  Gb  list.o [1]
vPortEnterCritical      0x08005b31    0x32  Code  Gb  port.o [1]
vPortExitCritical       0x08005b63    0x22  Code  Gb  port.o [1]
vPortFree               0x08005955    0x46  Code  Gb  heap_4.o [1]
vPortStartFirstTask     0x08006eb7          Code  Gb  portasm.o [1]
vTaskDelay              0x0800443f    0x2a  Code  Gb  tasks.o [1]
vTaskDelete             0x080043df    0x60  Code  Gb  tasks.o [1]
vTaskStartScheduler     0x08004539    0x54  Code  Gb  tasks.o [1]
vTaskSuspend            0x08004483    0x62  Code  Gb  tasks.o [1]
vTaskSuspendAll         0x0800458d     0xc  Code  Gb  tasks.o [1]
vTaskSwitchContext      0x080046fb    0x56  Code  Gb  tasks.o [1]
wctob                   0x08002ecd    0x32  Code  Gb  wctob.o [3]
word_2_eeprom           0x080053a7    0x10  Code  Gb  tools.o [1]
xBlockAllocatedBit      0x20000454     0x4  Data  Lc  heap_4.o [1]
xDelayedTaskList1       0x20004074    0x14  Data  Lc  tasks.o [1]
xDelayedTaskList2       0x20004088    0x14  Data  Lc  tasks.o [1]
xFreeBytesRemaining     0x2000044c     0x4  Data  Lc  heap_4.o [1]
xIdleTaskHandle         0x2000409c     0x4  Data  Lc  tasks.o [1]
xMinimumEverFreeBytesRemaining
                        0x20000450     0x4  Data  Lc  heap_4.o [1]
xNextTaskUnblockTime    0x2000406c     0x4  Data  Lc  tasks.o [1]
xNumOfOverflows         0x20004064     0x4  Data  Lc  tasks.o [1]
xPendingReadyList       0x20004000    0x14  Data  Lc  tasks.o [1]
xPortStartScheduler     0x08005acd    0x64  Code  Gb  port.o [1]
xPortSysTickHandler     0x08005b85    0x26  Code  Gb  port.o [1]
xSchedulerRunning       0x20004058     0x4  Data  Lc  tasks.o [1]
xStart                  0x20000440     0x8  Data  Lc  heap_4.o [1]
xSuspendedTaskList      0x20004038    0x14  Data  Lc  tasks.o [1]
xTaskCreate             0x08004269    0x58  Code  Gb  tasks.o [1]
xTaskGetSchedulerState  0x080047e9    0x18  Code  Gb  tasks.o [1]
xTaskIncrementTick      0x0800463d    0xbe  Code  Gb  tasks.o [1]
xTaskResumeAll          0x08004599    0x9c  Code  Gb  tasks.o [1]
xTasksWaitingTermination
                        0x20004014    0x14  Data  Lc  tasks.o [1]
xTickCount              0x20004050     0x4  Data  Lc  tasks.o [1]
xYieldPending           0x20004060     0x4  Data  Lc  tasks.o [1]


[1] = C:\Users\orange\iCloudDrive\CH\CH_HOME_RO_CODE\CH_HOME_RO_CODE\EWARM\CH_RHY_HOME_RO_CODE\Obj
[2] = command line
[3] = dl7M_tlf.a
[4] = m7M_tl.a
[5] = rt7M_tl.a
[6] = shb_l.a

  35 950 bytes of readonly  code memory
     505 bytes of readonly  data memory
  19 269 bytes of readwrite data memory

Errors: none
Warnings: none
