###############################################################################
#
# IAR ELF Linker V8.22.2.15995/W32 for ARM                08/Apr/2018  14:51:36
# Copyright 2007-2018 IAR Systems AB.
#
#    Output file  =  
#        C:\Users\orange\iCloudDrive\CH\CH_HOME_RO_CODE\CH_HOME_RO_CODE\EWARM\CH_RHY_HOME_RO_CODE\Exe\CH_RHY_HOME_RO_CODE.out
#    Map file     =  
#        C:\Users\orange\iCloudDrive\CH\CH_HOME_RO_CODE\CH_HOME_RO_CODE\EWARM\CH_RHY_HOME_RO_CODE\List\CH_RHY_HOME_RO_CODE.map
#    Command line =  
#        -f C:\Users\orange\AppData\Local\Temp\EWB25E.tmp
#        (C:\Users\orange\iCloudDrive\CH\CH_HOME_RO_CODE\CH_HOME_RO_CODE\EWARM\CH_RHY_HOME_RO_CODE\Obj\adc.o
#        C:\Users\orange\iCloudDrive\CH\CH_HOME_RO_CODE\CH_HOME_RO_CODE\EWARM\CH_RHY_HOME_RO_CODE\Obj\app.o
#        C:\Users\orange\iCloudDrive\CH\CH_HOME_RO_CODE\CH_HOME_RO_CODE\EWARM\CH_RHY_HOME_RO_CODE\Obj\bc95.o
#        C:\Users\orange\iCloudDrive\CH\CH_HOME_RO_CODE\CH_HOME_RO_CODE\EWARM\CH_RHY_HOME_RO_CODE\Obj\cmsis_os.o
#        C:\Users\orange\iCloudDrive\CH\CH_HOME_RO_CODE\CH_HOME_RO_CODE\EWARM\CH_RHY_HOME_RO_CODE\Obj\config.o
#        C:\Users\orange\iCloudDrive\CH\CH_HOME_RO_CODE\CH_HOME_RO_CODE\EWARM\CH_RHY_HOME_RO_CODE\Obj\croutine.o
#        C:\Users\orange\iCloudDrive\CH\CH_HOME_RO_CODE\CH_HOME_RO_CODE\EWARM\CH_RHY_HOME_RO_CODE\Obj\dma.o
#        C:\Users\orange\iCloudDrive\CH\CH_HOME_RO_CODE\CH_HOME_RO_CODE\EWARM\CH_RHY_HOME_RO_CODE\Obj\event_groups.o
#        C:\Users\orange\iCloudDrive\CH\CH_HOME_RO_CODE\CH_HOME_RO_CODE\EWARM\CH_RHY_HOME_RO_CODE\Obj\freertos.o
#        C:\Users\orange\iCloudDrive\CH\CH_HOME_RO_CODE\CH_HOME_RO_CODE\EWARM\CH_RHY_HOME_RO_CODE\Obj\gpio.o
#        C:\Users\orange\iCloudDrive\CH\CH_HOME_RO_CODE\CH_HOME_RO_CODE\EWARM\CH_RHY_HOME_RO_CODE\Obj\heap_4.o
#        C:\Users\orange\iCloudDrive\CH\CH_HOME_RO_CODE\CH_HOME_RO_CODE\EWARM\CH_RHY_HOME_RO_CODE\Obj\i2c_eeprom.o
#        C:\Users\orange\iCloudDrive\CH\CH_HOME_RO_CODE\CH_HOME_RO_CODE\EWARM\CH_RHY_HOME_RO_CODE\Obj\list.o
#        C:\Users\orange\iCloudDrive\CH\CH_HOME_RO_CODE\CH_HOME_RO_CODE\EWARM\CH_RHY_HOME_RO_CODE\Obj\main.o
#        C:\Users\orange\iCloudDrive\CH\CH_HOME_RO_CODE\CH_HOME_RO_CODE\EWARM\CH_RHY_HOME_RO_CODE\Obj\port.o
#        C:\Users\orange\iCloudDrive\CH\CH_HOME_RO_CODE\CH_HOME_RO_CODE\EWARM\CH_RHY_HOME_RO_CODE\Obj\portasm.o
#        C:\Users\orange\iCloudDrive\CH\CH_HOME_RO_CODE\CH_HOME_RO_CODE\EWARM\CH_RHY_HOME_RO_CODE\Obj\queue.o
#        C:\Users\orange\iCloudDrive\CH\CH_HOME_RO_CODE\CH_HOME_RO_CODE\EWARM\CH_RHY_HOME_RO_CODE\Obj\startup_stm32f103xb.o
#        C:\Users\orange\iCloudDrive\CH\CH_HOME_RO_CODE\CH_HOME_RO_CODE\EWARM\CH_RHY_HOME_RO_CODE\Obj\stm32f1xx_hal.o
#        C:\Users\orange\iCloudDrive\CH\CH_HOME_RO_CODE\CH_HOME_RO_CODE\EWARM\CH_RHY_HOME_RO_CODE\Obj\stm32f1xx_hal_adc.o
#        C:\Users\orange\iCloudDrive\CH\CH_HOME_RO_CODE\CH_HOME_RO_CODE\EWARM\CH_RHY_HOME_RO_CODE\Obj\stm32f1xx_hal_adc_ex.o
#        C:\Users\orange\iCloudDrive\CH\CH_HOME_RO_CODE\CH_HOME_RO_CODE\EWARM\CH_RHY_HOME_RO_CODE\Obj\stm32f1xx_hal_cortex.o
#        C:\Users\orange\iCloudDrive\CH\CH_HOME_RO_CODE\CH_HOME_RO_CODE\EWARM\CH_RHY_HOME_RO_CODE\Obj\stm32f1xx_hal_dma.o
#        C:\Users\orange\iCloudDrive\CH\CH_HOME_RO_CODE\CH_HOME_RO_CODE\EWARM\CH_RHY_HOME_RO_CODE\Obj\stm32f1xx_hal_flash.o
#        C:\Users\orange\iCloudDrive\CH\CH_HOME_RO_CODE\CH_HOME_RO_CODE\EWARM\CH_RHY_HOME_RO_CODE\Obj\stm32f1xx_hal_flash_ex.o
#        C:\Users\orange\iCloudDrive\CH\CH_HOME_RO_CODE\CH_HOME_RO_CODE\EWARM\CH_RHY_HOME_RO_CODE\Obj\stm32f1xx_hal_gpio.o
#        C:\Users\orange\iCloudDrive\CH\CH_HOME_RO_CODE\CH_HOME_RO_CODE\EWARM\CH_RHY_HOME_RO_CODE\Obj\stm32f1xx_hal_gpio_ex.o
#        C:\Users\orange\iCloudDrive\CH\CH_HOME_RO_CODE\CH_HOME_RO_CODE\EWARM\CH_RHY_HOME_RO_CODE\Obj\stm32f1xx_hal_msp.o
#        C:\Users\orange\iCloudDrive\CH\CH_HOME_RO_CODE\CH_HOME_RO_CODE\EWARM\CH_RHY_HOME_RO_CODE\Obj\stm32f1xx_hal_pwr.o
#        C:\Users\orange\iCloudDrive\CH\CH_HOME_RO_CODE\CH_HOME_RO_CODE\EWARM\CH_RHY_HOME_RO_CODE\Obj\stm32f1xx_hal_rcc.o
#        C:\Users\orange\iCloudDrive\CH\CH_HOME_RO_CODE\CH_HOME_RO_CODE\EWARM\CH_RHY_HOME_RO_CODE\Obj\stm32f1xx_hal_rcc_ex.o
#        C:\Users\orange\iCloudDrive\CH\CH_HOME_RO_CODE\CH_HOME_RO_CODE\EWARM\CH_RHY_HOME_RO_CODE\Obj\stm32f1xx_hal_tim.o
#        C:\Users\orange\iCloudDrive\CH\CH_HOME_RO_CODE\CH_HOME_RO_CODE\EWARM\CH_RHY_HOME_RO_CODE\Obj\stm32f1xx_hal_tim_ex.o
#        C:\Users\orange\iCloudDrive\CH\CH_HOME_RO_CODE\CH_HOME_RO_CODE\EWARM\CH_RHY_HOME_RO_CODE\Obj\stm32f1xx_hal_timebase_TIM.o
#        C:\Users\orange\iCloudDrive\CH\CH_HOME_RO_CODE\CH_HOME_RO_CODE\EWARM\CH_RHY_HOME_RO_CODE\Obj\stm32f1xx_hal_uart.o
#        C:\Users\orange\iCloudDrive\CH\CH_HOME_RO_CODE\CH_HOME_RO_CODE\EWARM\CH_RHY_HOME_RO_CODE\Obj\stm32f1xx_it.o
#        C:\Users\orange\iCloudDrive\CH\CH_HOME_RO_CODE\CH_HOME_RO_CODE\EWARM\CH_RHY_HOME_RO_CODE\Obj\system_stm32f1xx.o
#        C:\Users\orange\iCloudDrive\CH\CH_HOME_RO_CODE\CH_HOME_RO_CODE\EWARM\CH_RHY_HOME_RO_CODE\Obj\tasks.o
#        C:\Users\orange\iCloudDrive\CH\CH_HOME_RO_CODE\CH_HOME_RO_CODE\EWARM\CH_RHY_HOME_RO_CODE\Obj\tim.o
#        C:\Users\orange\iCloudDrive\CH\CH_HOME_RO_CODE\CH_HOME_RO_CODE\EWARM\CH_RHY_HOME_RO_CODE\Obj\timers.o
#        C:\Users\orange\iCloudDrive\CH\CH_HOME_RO_CODE\CH_HOME_RO_CODE\EWARM\CH_RHY_HOME_RO_CODE\Obj\tools.o
#        C:\Users\orange\iCloudDrive\CH\CH_HOME_RO_CODE\CH_HOME_RO_CODE\EWARM\CH_RHY_HOME_RO_CODE\Obj\usart.o
#        --redirect _Printf=_PrintfFull --redirect _Scanf=_ScanfFull -o
#        C:\Users\orange\iCloudDrive\CH\CH_HOME_RO_CODE\CH_HOME_RO_CODE\EWARM\CH_RHY_HOME_RO_CODE\Exe\CH_RHY_HOME_RO_CODE.out
#        --map
#        C:\Users\orange\iCloudDrive\CH\CH_HOME_RO_CODE\CH_HOME_RO_CODE\EWARM\CH_RHY_HOME_RO_CODE\List\CH_RHY_HOME_RO_CODE.map
#        --config
#        C:\Users\orange\iCloudDrive\CH\CH_HOME_RO_CODE\CH_HOME_RO_CODE\EWARM/stm32f103xb_flash.icf
#        --semihosting --entry __iar_program_start --vfe --text_out locale)
#
###############################################################################

*******************************************************************************
*** RUNTIME MODEL ATTRIBUTES
***

CppFlavor       = *
__SystemLibrary = DLib
__dlib_version  = 6


*******************************************************************************
*** HEAP SELECTION
***

The basic heap was selected because no calls to memory allocation
functions were found in the application outside of system library
functions, and there are calls to deallocation functions in the
application.


*******************************************************************************
*** PLACEMENT SUMMARY
***

"A0":  place at 0x08000000 { ro section .intvec };
"P1":  place in [from 0x08000000 to 0x0801ffff] { ro };
define block CSTACK with size = 1K, alignment = 8 { };
define block HEAP with size = 512, alignment = 8 { };
"P2":  place in [from 0x20000000 to 0x20004fff] {
          rw, block CSTACK, block HEAP };
initialize by copy { rw };

  Section            Kind        Address    Size  Object
  -------            ----        -------    ----  ------
"A0":                                       0xec
  .intvec            ro code  0x08000000    0xec  startup_stm32f103xb.o [1]
                            - 0x080000ec    0xec

"P1":                                     0x80f4
  .text              ro code  0x080000ec   0xf96  xprintffull.o [3]
  .text              ro code  0x08001082    0x7a  lz77_init_single.o [5]
  .text              ro code  0x080010fc   0x108  xlocale_c.o [3]
  .text              ro code  0x08001204    0x16  strchr.o [5]
  .text              ro code  0x0800121a    0x26  xencoding_8859_1.o [3]
  .text              ro code  0x08001240    0x40  xfail_s.o [3]
  .text              ro code  0x08001280    0x36  strlen.o [5]
  .text              ro code  0x080012b6    0x1e  xsscin.o [3]
  .text              ro code  0x080012d4    0x58  memchr.o [5]
  .text              ro code  0x0800132c     0xa  xmbcurmax.o [3]
  .text              ro code  0x08001336     0xa  xsprout.o [3]
  .text              ro code  0x08001340    0xa6  ABImemcpy.o [5]
  .text              ro code  0x080013e8   0x22e  I64DivMod.o [5]
  .text              ro code  0x08001618   0x1a2  DblMul.o [4]
  .text              ro code  0x080017bc    0x70  frexp.o [4]
  .text              ro code  0x0800182c    0x2e  DblCmpLe.o [4]
  .text              ro code  0x0800185c    0x2e  DblCmpGe.o [4]
  .text              ro code  0x0800188c   0x13a  ldexp.o [4]
  .text              ro code  0x080019c8    0x3a  DblToS32.o [4]
  .text              ro code  0x08001a04    0x22  S32ToDbl.o [4]
  .text              ro code  0x08001a28    0xe2  DblSub.o [4]
  .text              ro code  0x08001b0c   0x246  DblDiv.o [4]
  .text              ro code  0x08001d54    0x28  DblToU32.o [4]
  .text              ro code  0x08001d7c    0x1a  U32ToDbl.o [4]
  .text              ro code  0x08001d96     0x6  abort.o [3]
  .text              ro code  0x08001d9c     0x2  I64DivZer.o [5]
  .text              ro code  0x08001da0   0x178  DblAdd.o [4]
  .text              ro code  0x08001f18    0x14  exit.o [6]
  .text              ro code  0x08001f2c   0xee8  xscanffull.o [3]
  .text              ro code  0x08002e14    0x3c  wctob.o [3]
  .text              ro code  0x08002e50    0x14  isspace.o [3]
  .text              ro code  0x08002e64    0x9c  iar_Stollx.o [3]
  .text              ro code  0x08002f00   0x1b8  iar_Stoullx.o [3]
  .text              ro code  0x080030b8    0x5c  system_stm32f1xx.o [1]
  .text              ro code  0x08003118   0x460  strto64.o [4]
  .text              ro code  0x08003578    0x14  isalpha.o [3]
  .text              ro code  0x0800358c    0x68  DblToFlt.o [4]
  .text              ro code  0x080035f4    0x14  tolower.o [3]
  .text              ro code  0x08003608   0x122  iar_Stopfx.o [3]
  .text              ro code  0x0800372c   0x1c8  iar_Stoflt.o [3]
  .text              ro code  0x080038f4   0x21c  iar_Stoxflt.o [3]
  .text              ro code  0x08003b10   0x6a8  bc95.o [1]
  .text              ro code  0x080041b8   0x658  tasks.o [1]
  .text              ro code  0x08004810    0x30  app.o [1]
  .text              ro code  0x08004840   0x5ac  stm32f1xx_hal_uart.o [1]
  .text              ro code  0x08004dec    0x66  cmsis_os.o [1]
  .text              ro code  0x08004e54   0x1d8  stm32f1xx_hal_gpio.o [1]
  .text              ro code  0x0800502c     0x6  ABImemclr4.o [5]
  .text              ro code  0x08005032    0x30  strstr.o [3]
  .text              ro code  0x08005064    0x96  ABImemmove.o [5]
  .text              ro code  0x080050fc   0x174  iar_Stoulx.o [3]
  .text              ro code  0x08005270    0x20  strcat.o [3]
  .text              ro code  0x08005290    0x40  sprintf.o [3]
  .text              ro code  0x080052d0   0x37c  tools.o [1]
  .text              ro code  0x0800564c   0x1b0  heap_4.o [1]
  .text              ro code  0x080057fc    0x8e  list.o [1]
  .text              ro code  0x0800588c   0x158  port.o [1]
  .text              ro code  0x080059e4   0x254  usart.o [1]
  .text              ro code  0x08005c38   0x32e  stm32f1xx_hal_dma.o [1]
  .text              ro code  0x08005f66     0x2  stm32f1xx_hal_uart.o [1]
  .text              ro code  0x08005f68     0x2  stm32f1xx_hal_uart.o [1]
  .text              ro code  0x08005f6a     0x2  stm32f1xx_hal_uart.o [1]
  .text              ro code  0x08005f6c     0x2  stm32f1xx_hal_uart.o [1]
  .text              ro code  0x08005f6e     0x2  stm32f1xx_hal_uart.o [1]
  .text              ro code  0x08005f70   0x516  stm32f1xx_hal_rcc.o [1]
  .text              ro code  0x08006488    0x32  ABImemset48.o [5]
  .text              ro code  0x080064bc    0xd4  stm32f1xx_hal_adc_ex.o [1]
  .text              ro code  0x08006590   0x436  stm32f1xx_hal_adc.o [1]
  .text              ro code  0x080069c8    0x28  sscanf.o [3]
  CODE               ro code  0x080069f0    0x88  portasm.o [1]
  .text              ro code  0x08006a78   0x106  main.o [1]
  .text              ro code  0x08006b80    0xe0  stm32f1xx_hal_cortex.o [1]
  .text              ro code  0x08006c60     0xc  stm32f1xx_hal.o [1]
  .text              ro code  0x08006c6c    0x78  stm32f1xx_hal_timebase_TIM.o [1]
  .text              ro code  0x08006ce4   0x1b2  stm32f1xx_hal_rcc_ex.o [1]
  .text              ro code  0x08006e98   0x170  adc.o [1]
  .text              ro code  0x08007008     0x2  stm32f1xx_hal_adc.o [1]
  .text              ro code  0x0800700a     0x2  stm32f1xx_hal_adc.o [1]
  .text              ro code  0x0800700c     0x2  stm32f1xx_hal_adc.o [1]
  .text              ro code  0x08007010    0x24  stm32f1xx_hal.o [1]
  .text              ro code  0x08007034   0x11a  gpio.o [1]
  .text              ro code  0x08007150    0x70  dma.o [1]
  .text              ro code  0x080071c0   0x220  tim.o [1]
  .text              ro code  0x080073e0   0x5ce  stm32f1xx_hal_tim.o [1]
  .text              ro code  0x080079b0   0x3dc  freertos.o [1]
  .text              ro code  0x08007d8c    0x10  stm32f1xx_hal.o [1]
  .text              ro code  0x08007d9c    0x88  stm32f1xx_hal_msp.o [1]
  .text              ro code  0x08007e24    0x4a  stm32f1xx_hal_tim_ex.o [1]
  .text              ro code  0x08007e6e     0x2  stm32f1xx_hal_tim.o [1]
  .text              ro code  0x08007e70     0x2  stm32f1xx_hal_tim_ex.o [1]
  .text              ro code  0x08007e72     0x2  stm32f1xx_hal_tim.o [1]
  .text              ro code  0x08007e74     0x2  stm32f1xx_hal_tim_ex.o [1]
  .text              ro code  0x08007e76     0x2  stm32f1xx_hal_tim.o [1]
  .text              ro code  0x08007e78    0x84  stm32f1xx_it.o [1]
  .rodata            const    0x08007efc    0x54  freertos.o [1]
  .text              ro code  0x08007f50    0x40  zero_init3.o [5]
  .text              ro code  0x08007f90    0x28  data_init.o [5]
  .iar.init_table    const    0x08007fb8    0x20  - Linker created -
  .text              ro code  0x08007fd8    0x1e  cmain.o [5]
  .text              ro code  0x08007ff6     0x4  low_level_init.o [3]
  .text              ro code  0x08007ffa     0x4  exit.o [3]
  .text              ro code  0x08008000     0xa  cexit.o [5]
  .text              ro code  0x0800800c    0x10  startup_stm32f103xb.o [1]
  .text              ro code  0x0800801c     0xc  cstartup_M.o [5]
  .rodata            const    0x08008028     0x8  system_stm32f1xx.o [1]
  .rodata            const    0x08008030     0x6  xlocale_c.o [3]
  .text              ro code  0x08008036     0x4  startup_stm32f103xb.o [1]
  .text              ro code  0x0800803a     0x4  startup_stm32f103xb.o [1]
  .text              ro code  0x0800803e     0x4  startup_stm32f103xb.o [1]
  .text              ro code  0x08008042     0x4  startup_stm32f103xb.o [1]
  .text              ro code  0x08008046     0x4  startup_stm32f103xb.o [1]
  .text              ro code  0x0800804a     0x4  startup_stm32f103xb.o [1]
  .text              ro code  0x0800804e     0x4  startup_stm32f103xb.o [1]
  .text              ro code  0x08008052     0x4  startup_stm32f103xb.o [1]
  .text              ro code  0x08008056     0x4  startup_stm32f103xb.o [1]
  .text              ro code  0x0800805a     0x4  startup_stm32f103xb.o [1]
  .text              ro code  0x0800805e     0x4  startup_stm32f103xb.o [1]
  .text              ro code  0x08008062     0x4  startup_stm32f103xb.o [1]
  .text              ro code  0x08008066     0x4  startup_stm32f103xb.o [1]
  .text              ro code  0x0800806a     0x4  startup_stm32f103xb.o [1]
  .text              ro code  0x0800806e     0x4  startup_stm32f103xb.o [1]
  .text              ro code  0x08008072     0x4  startup_stm32f103xb.o [1]
  .text              ro code  0x08008076     0x4  startup_stm32f103xb.o [1]
  .text              ro code  0x0800807a     0x4  startup_stm32f103xb.o [1]
  .text              ro code  0x0800807e     0x4  startup_stm32f103xb.o [1]
  .text              ro code  0x08008082     0x4  startup_stm32f103xb.o [1]
  .text              ro code  0x08008086     0x4  startup_stm32f103xb.o [1]
  .text              ro code  0x0800808a     0x4  startup_stm32f103xb.o [1]
  .text              ro code  0x0800808e     0x4  startup_stm32f103xb.o [1]
  .text              ro code  0x08008092     0x4  startup_stm32f103xb.o [1]
  .text              ro code  0x08008096     0x4  startup_stm32f103xb.o [1]
  .text              ro code  0x0800809a     0x4  startup_stm32f103xb.o [1]
  .text              ro code  0x0800809e     0x4  startup_stm32f103xb.o [1]
  .text              ro code  0x080080a2     0x4  startup_stm32f103xb.o [1]
  .text              ro code  0x080080a6     0x4  startup_stm32f103xb.o [1]
  .text              ro code  0x080080aa     0x4  startup_stm32f103xb.o [1]
  .text              ro code  0x080080ae     0x4  startup_stm32f103xb.o [1]
  .text              ro code  0x080080b2     0x4  startup_stm32f103xb.o [1]
  .text              ro code  0x080080b6     0x4  startup_stm32f103xb.o [1]
  .rodata            const    0x080080ba     0x0  zero_init3.o [5]
  .rodata            const    0x080080ba     0x0  lz77_init_single.o [5]
  Initializer bytes  const    0x080080ba   0x126  <for P2-1>
                            - 0x080081e0  0x80f4

"P2", part 1 of 3:                         0x46c
  P2-1                        0x20000000   0x46c  <Init block>
    .data            inited   0x20000000   0x3c4  bc95.o [1]
    .data            inited   0x200003c4     0xc  bc95.o [1]
    .data            inited   0x200003d0     0xc  port.o [1]
    .data            inited   0x200003dc     0xc  stm32f1xx_hal.o [1]
    .data            inited   0x200003e8     0x4  system_stm32f1xx.o [1]
    .data            inited   0x200003ec    0x38  xlocale_c.o [3]
    .data            inited   0x20000424    0x48  xlocale_c.o [3]
                            - 0x2000046c   0x46c

"P2", part 2 of 3:                        0x406c
  .bss               zero     0x2000046c  0x3ab0  heap_4.o [1]
  .bss               zero     0x20003f1c   0x110  usart.o [1]
  .bss               zero     0x2000402c    0xf0  tools.o [1]
  .bss               zero     0x2000411c    0xa0  tasks.o [1]
  .bss               zero     0x200041bc    0x8c  tasks.o [1]
  .bss               zero     0x20004248    0x78  app.o [1]
  .bss               zero     0x200042c0    0x44  adc.o [1]
  .bss               zero     0x20004304    0x40  stm32f1xx_hal_timebase_TIM.o [1]
  .bss               zero     0x20004344    0x40  tim.o [1]
  .bss               zero     0x20004384    0x40  tim.o [1]
  .bss               zero     0x200043c4    0x40  tim.o [1]
  .bss               zero     0x20004404    0x40  usart.o [1]
  .bss               zero     0x20004444    0x40  usart.o [1]
  .bss               zero     0x20004484    0x30  adc.o [1]
  .bss               zero     0x200044b4    0x10  freertos.o [1]
  .bss               zero     0x200044c4     0x8  app.o [1]
  .bss               zero     0x200044cc     0x8  freertos.o [1]
  .bss               zero     0x200044d4     0x4  xfail_s.o [3]
                            - 0x200044d8  0x406c

"P2", part 3 of 3:                         0x400
  CSTACK                      0x200044d8   0x400  <Block>
    CSTACK           uninit   0x200044d8   0x400  <Block tail>
                            - 0x200048d8   0x400


*******************************************************************************
*** INIT TABLE
***

          Address     Size
          -------     ----
Zero (__iar_zero_init3)
    1 destination range, total size 0x406c:
          0x2000046c  0x406c

Copy/lz77 (__iar_lz77_init_single3)
    1 source range, total size 0x126 (25% of destination):
          0x080080ba   0x126
    1 destination range, total size 0x46c:
          0x20000000   0x46c



*******************************************************************************
*** MODULE SUMMARY
***

    Module                        ro code  ro data  rw data
    ------                        -------  -------  -------
C:\Users\orange\iCloudDrive\CH\CH_HOME_RO_CODE\CH_HOME_RO_CODE\EWARM\CH_RHY_HOME_RO_CODE\Obj: [1]
    adc.o                             368               116
    app.o                              48               128
    bc95.o                          1 704      253      976
    cmsis_os.o                        102
    dma.o                             112
    freertos.o                        988       84       24
    gpio.o                            282
    heap_4.o                          432            15 024
    list.o                            142
    main.o                            262
    port.o                            344        3       12
    portasm.o                         136
    startup_stm32f103xb.o             384
    stm32f1xx_hal.o                    64        3       12
    stm32f1xx_hal_adc.o             1 084
    stm32f1xx_hal_adc_ex.o            212
    stm32f1xx_hal_cortex.o            224
    stm32f1xx_hal_dma.o               814
    stm32f1xx_hal_gpio.o              472
    stm32f1xx_hal_msp.o               136
    stm32f1xx_hal_rcc.o             1 302
    stm32f1xx_hal_rcc_ex.o            434
    stm32f1xx_hal_tim.o             1 492
    stm32f1xx_hal_tim_ex.o             78
    stm32f1xx_hal_timebase_TIM.o      120                64
    stm32f1xx_hal_uart.o            1 462
    stm32f1xx_it.o                    132
    system_stm32f1xx.o                 92        9        4
    tasks.o                         1 624               300
    tim.o                             544               192
    tools.o                           892               240
    usart.o                           596               400
    -------------------------------------------------------
    Total:                         17 078      352   17 492

command line: [2]
    -------------------------------------------------------
    Total:

dl7M_tlf.a: [3]
    abort.o                             6
    exit.o                              4
    iar_Stoflt.o                      456
    iar_Stollx.o                      156
    iar_Stopfx.o                      290
    iar_Stoullx.o                     440
    iar_Stoulx.o                      372
    iar_Stoxflt.o                     540
    isalpha.o                          20
    isspace.o                          20
    low_level_init.o                    4
    sprintf.o                          64
    sscanf.o                           40
    strcat.o                           32
    strstr.o                           48
    tolower.o                          20
    wctob.o                            60
    xencoding_8859_1.o                 38
    xfail_s.o                          64                 4
    xlocale_c.o                       264       40      128
    xmbcurmax.o                        10
    xprintffull.o                   3 990
    xscanffull.o                    3 816
    xsprout.o                          10
    xsscin.o                           30
    -------------------------------------------------------
    Total:                         10 794       40      132

m7M_tl.a: [4]
    DblAdd.o                          376
    DblCmpGe.o                         46
    DblCmpLe.o                         46
    DblDiv.o                          582
    DblMul.o                          418
    DblSub.o                          226
    DblToFlt.o                        104
    DblToS32.o                         58
    DblToU32.o                         40
    S32ToDbl.o                         34
    U32ToDbl.o                         26
    frexp.o                           112
    ldexp.o                           314
    strto64.o                       1 120
    -------------------------------------------------------
    Total:                          3 502

rt7M_tl.a: [5]
    ABImemclr4.o                        6
    ABImemcpy.o                       166
    ABImemmove.o                      150
    ABImemset48.o                      50
    I64DivMod.o                       558
    I64DivZer.o                         2
    cexit.o                            10
    cmain.o                            30
    cstartup_M.o                       12
    data_init.o                        40
    lz77_init_single.o                122
    memchr.o                           88
    strchr.o                           22
    strlen.o                           54
    zero_init3.o                       64
    -------------------------------------------------------
    Total:                          1 374

shb_l.a: [6]
    exit.o                             20
    -------------------------------------------------------
    Total:                             20

    Gaps                               56
    Linker created                              32    1 024
-----------------------------------------------------------
    Grand Total:                   32 824      424   18 648


*******************************************************************************
*** ENTRY LIST
***

Entry                      Address    Size  Type      Object
-----                      -------    ----  ----      ------
.iar.init_table$$Base   0x08007fb8           --   Gb  - Linker created -
.iar.init_table$$Limit  0x08007fd8           --   Gb  - Linker created -
?main                   0x08007fd9          Code  Gb  cmain.o [5]
ADC_ConversionStop_Disable
                        0x0800691d    0x44  Code  Gb  stm32f1xx_hal_adc.o [1]
ADC_DMAConvCplt         0x08006961    0x48  Code  Gb  stm32f1xx_hal_adc.o [1]
ADC_DMAError            0x080069b1    0x16  Code  Gb  stm32f1xx_hal_adc.o [1]
ADC_DMAHalfConvCplt     0x080069a9     0x6  Code  Gb  stm32f1xx_hal_adc.o [1]
ADC_Enable              0x0800688f    0x6a  Code  Gb  stm32f1xx_hal_adc.o [1]
AHBPrescTable           0x08003104    0x10  Data  Gb  system_stm32f1xx.o [1]
APBPrescTable           0x08008028     0x8  Data  Gb  system_stm32f1xx.o [1]
AppTaskHandle           0x200044b4     0x4  Data  Gb  freertos.o [1]
Bc95InitTaskHandle      0x200044b8     0x4  Data  Gb  freertos.o [1]
Bc95RecvTaskHandle      0x200044d0     0x4  Data  Gb  freertos.o [1]
Bc95SendTaskHandle      0x200044c0     0x4  Data  Gb  freertos.o [1]
BusFault_Handler        0x08007e7f     0x2  Code  Gb  stm32f1xx_it.o [1]
ByteToHexStr            0x08005315    0x4a  Code  Gb  tools.o [1]
CSTACK$$Base            0x200044d8           --   Gb  - Linker created -
CSTACK$$Limit           0x200048d8           --   Gb  - Linker created -
CacheMore               0x0800113d    0x24  Code  Lc  xlocale_c.o [3]
ControlTaskHandle       0x200044bc     0x4  Data  Gb  freertos.o [1]
DMA1_Channel1_IRQHandler
                        0x08007e89     0x6  Code  Gb  stm32f1xx_it.o [1]
DMA1_Channel4_IRQHandler
                        0x08007e8f     0x6  Code  Gb  stm32f1xx_it.o [1]
DMA1_Channel5_IRQHandler
                        0x08007e95     0x6  Code  Gb  stm32f1xx_it.o [1]
DMA1_Channel6_IRQHandler
                        0x08007e9b     0x6  Code  Gb  stm32f1xx_it.o [1]
DMA1_Channel7_IRQHandler
                        0x08007ea1     0x6  Code  Gb  stm32f1xx_it.o [1]
DMA_SetConfig           0x08005f45    0x22  Code  Lc  stm32f1xx_hal_dma.o [1]
DebugMon_Handler        0x08007e83     0x2  Code  Gb  stm32f1xx_it.o [1]
Dtentox                 0x08003225   0x18c  Code  Lc  strto64.o [4]
ErrorCheckTaskHandle    0x200044cc     0x4  Data  Gb  freertos.o [1]
HAL_ADCEx_Calibration_Start
                        0x080064bd    0xba  Code  Gb  stm32f1xx_hal_adc_ex.o [1]
HAL_ADC_ConfigChannel   0x08006793    0xe4  Code  Gb  stm32f1xx_hal_adc.o [1]
HAL_ADC_Init            0x08006591    0xf4  Code  Gb  stm32f1xx_hal_adc.o [1]
HAL_ADC_MspInit         0x08006f21    0x7e  Code  Gb  adc.o [1]
HAL_ADC_Start_DMA       0x08006699    0xfa  Code  Gb  stm32f1xx_hal_adc.o [1]
HAL_DMA_Abort           0x08005d19    0x2c  Code  Gb  stm32f1xx_hal_dma.o [1]
HAL_DMA_Abort_IT        0x08005d45    0x9a  Code  Gb  stm32f1xx_hal_dma.o [1]
HAL_DMA_IRQHandler      0x08005ddf   0x140  Code  Gb  stm32f1xx_hal_dma.o [1]
HAL_DMA_Init            0x08005c39    0x64  Code  Gb  stm32f1xx_hal_dma.o [1]
HAL_DMA_Start_IT        0x08005ca5    0x74  Code  Gb  stm32f1xx_hal_dma.o [1]
HAL_GPIO_Init           0x08004e55   0x182  Code  Gb  stm32f1xx_hal_gpio.o [1]
HAL_GPIO_ReadPin        0x08004fd7     0xc  Code  Gb  stm32f1xx_hal_gpio.o [1]
HAL_GPIO_TogglePin      0x08004fef     0x8  Code  Gb  stm32f1xx_hal_gpio.o [1]
HAL_GPIO_WritePin       0x08004fe3     0xc  Code  Gb  stm32f1xx_hal_gpio.o [1]
HAL_GetTick             0x08006c61     0xc  Code  Wk  stm32f1xx_hal.o [1]
HAL_IncTick             0x08007d8d    0x10  Code  Wk  stm32f1xx_hal.o [1]
HAL_Init                0x08007011    0x20  Code  Gb  stm32f1xx_hal.o [1]
HAL_InitTick            0x08006c6d    0x68  Code  Gb  stm32f1xx_hal_timebase_TIM.o [1]
HAL_MspInit             0x08007d9d    0x88  Code  Gb  stm32f1xx_hal_msp.o [1]
HAL_NVIC_EnableIRQ      0x08006bf3     0xa  Code  Gb  stm32f1xx_hal_cortex.o [1]
HAL_NVIC_SetPriority    0x08006bb9    0x3a  Code  Gb  stm32f1xx_hal_cortex.o [1]
HAL_NVIC_SetPriorityGrouping
                        0x08006b9f    0x1a  Code  Gb  stm32f1xx_hal_cortex.o [1]
HAL_RCCEx_GetPeriphCLKFreq
                        0x08006dc1    0xaa  Code  Gb  stm32f1xx_hal_rcc_ex.o [1]
HAL_RCCEx_GetPeriphCLKFreq::aPLLMULFactorTable
                        0x08006e84    0x10  Data  Lc  stm32f1xx_hal_rcc_ex.o [1]
HAL_RCCEx_GetPeriphCLKFreq::aPredivFactorTable
                        0x08006e94     0x2  Data  Lc  stm32f1xx_hal_rcc_ex.o [1]
HAL_RCCEx_PeriphCLKConfig
                        0x08006ce5    0xda  Code  Gb  stm32f1xx_hal_rcc_ex.o [1]
HAL_RCC_ClockConfig     0x0800628d   0x10c  Code  Gb  stm32f1xx_hal_rcc.o [1]
HAL_RCC_GetClockConfig  0x08006413    0x36  Code  Gb  stm32f1xx_hal_rcc.o [1]
HAL_RCC_GetHCLKFreq     0x080063e9     0x6  Code  Gb  stm32f1xx_hal_rcc.o [1]
HAL_RCC_GetPCLK1Freq    0x080063ef    0x10  Code  Gb  stm32f1xx_hal_rcc.o [1]
HAL_RCC_GetPCLK2Freq    0x080063ff     0xe  Code  Gb  stm32f1xx_hal_rcc.o [1]
HAL_RCC_GetSysClockFreq
                        0x080063ad    0x3c  Code  Gb  stm32f1xx_hal_rcc.o [1]
HAL_RCC_GetSysClockFreq::aPLLMULFactorTable
                        0x08006474    0x10  Data  Lc  stm32f1xx_hal_rcc.o [1]
HAL_RCC_GetSysClockFreq::aPredivFactorTable
                        0x08006484     0x2  Data  Lc  stm32f1xx_hal_rcc.o [1]
HAL_RCC_OscConfig       0x08005f71   0x314  Code  Gb  stm32f1xx_hal_rcc.o [1]
HAL_SYSTICK_CLKSourceConfig
                        0x08006c2f    0x1a  Code  Gb  stm32f1xx_hal_cortex.o [1]
HAL_SYSTICK_Config      0x08006c07    0x28  Code  Gb  stm32f1xx_hal_cortex.o [1]
HAL_TIMEx_BreakCallback
                        0x08007e71     0x2  Code  Wk  stm32f1xx_hal_tim_ex.o [1]
HAL_TIMEx_CommutationCallback
                        0x08007e75     0x2  Code  Wk  stm32f1xx_hal_tim_ex.o [1]
HAL_TIMEx_MasterConfigSynchronization
                        0x08007e25    0x4a  Code  Gb  stm32f1xx_hal_tim_ex.o [1]
HAL_TIM_Base_Init       0x080073e1    0x1a  Code  Gb  stm32f1xx_hal_tim.o [1]
HAL_TIM_Base_MspInit    0x080072df    0x4e  Code  Gb  tim.o [1]
HAL_TIM_Base_Start_IT   0x080073fb    0x16  Code  Gb  stm32f1xx_hal_tim.o [1]
HAL_TIM_ConfigClockSource
                        0x08007763    0xac  Code  Gb  stm32f1xx_hal_tim.o [1]
HAL_TIM_IC_CaptureCallback
                        0x080052d1    0x16  Code  Gb  tools.o [1]
HAL_TIM_IC_ConfigChannel
                        0x08007631   0x104  Code  Gb  stm32f1xx_hal_tim.o [1]
HAL_TIM_IC_Init         0x0800746d    0x1a  Code  Gb  stm32f1xx_hal_tim.o [1]
HAL_TIM_IC_MspInit      0x0800732d    0x48  Code  Gb  tim.o [1]
HAL_TIM_IC_Start_IT     0x08007497    0x3a  Code  Gb  stm32f1xx_hal_tim.o [1]
HAL_TIM_IRQHandler      0x080074e9   0x142  Code  Gb  stm32f1xx_hal_tim.o [1]
HAL_TIM_PeriodElapsedCallback
                        0x08006b5f     0xe  Code  Gb  main.o [1]
HAL_UART_DMAStop        0x080049c3    0x48  Code  Gb  stm32f1xx_hal_uart.o [1]
HAL_UART_IRQHandler     0x08004a23   0x152  Code  Gb  stm32f1xx_hal_uart.o [1]
HAL_UART_Init           0x08004841    0x1e  Code  Gb  stm32f1xx_hal_uart.o [1]
HAL_UART_MspInit        0x08005a57   0x14c  Code  Gb  usart.o [1]
HAL_UART_Receive_DMA    0x08004931    0x92  Code  Gb  stm32f1xx_hal_uart.o [1]
HAL_UART_Transmit_DMA   0x080048b9    0x78  Code  Gb  stm32f1xx_hal_uart.o [1]
HardFault_Handler       0x08007e7b     0x2  Code  Gb  stm32f1xx_it.o [1]
LoadInt                 0x080002db    0x7a  Code  Lc  xprintffull.o [3]
MX_ADC1_Init            0x08006e99    0x74  Code  Gb  adc.o [1]
MX_DMA_Init             0x08007151    0x70  Code  Gb  dma.o [1]
MX_FREERTOS_Init        0x080079b1    0x5c  Code  Gb  freertos.o [1]
MX_GPIO_Init            0x08007035    0xfa  Code  Gb  gpio.o [1]
MX_TIM1_Init            0x080071c1    0x40  Code  Gb  tim.o [1]
MX_TIM2_Init            0x08007201    0x4e  Code  Gb  tim.o [1]
MX_TIM3_Init            0x08007271    0x62  Code  Gb  tim.o [1]
MX_USART1_UART_Init     0x080059e5    0x34  Code  Gb  usart.o [1]
MX_USART2_UART_Init     0x08005a19    0x3e  Code  Gb  usart.o [1]
MemManage_Handler       0x08007e7d     0x2  Code  Gb  stm32f1xx_it.o [1]
NMI_Handler             0x08007e79     0x2  Code  Gb  stm32f1xx_it.o [1]
NVIC_SetPriority        0x08006b81    0x1e  Code  Lc  stm32f1xx_hal_cortex.o [1]
PendSV_Handler          0x080069f1          Code  Gb  portasm.o [1]
Region$$Table$$Base     0x08007fb8           --   Gb  - Linker created -
Region$$Table$$Limit    0x08007fd8           --   Gb  - Linker created -
SVC_Handler             0x08006a37          Code  Gb  portasm.o [1]
StartAppTask            0x08007a0d    0x3c  Code  Gb  freertos.o [1]
StartBc95InitTask       0x08007a49    0x72  Code  Gb  freertos.o [1]
StartBc95RecvTask       0x08007c2d    0x4a  Code  Gb  freertos.o [1]
StartBc95SendTask       0x08007c77    0x52  Code  Gb  freertos.o [1]
StartControlTask        0x08007acb    0x82  Code  Gb  freertos.o [1]
StartErrorCheckTask     0x08007b4d    0xe0  Code  Gb  freertos.o [1]
SysTick_Handler         0x08007e85     0x4  Code  Gb  stm32f1xx_it.o [1]
SystemClock_Config      0x08006ad9    0x86  Code  Gb  main.o [1]
SystemCoreClock         0x200003e8     0x4  Data  Gb  system_stm32f1xx.o [1]
SystemInit              0x080030b9    0x3a  Code  Gb  system_stm32f1xx.o [1]
TIM2_IRQHandler         0x08007ea7     0x6  Code  Gb  stm32f1xx_it.o [1]
TIM3_IRQHandler         0x08007ead     0x6  Code  Gb  stm32f1xx_it.o [1]
TIM4_IRQHandler         0x08007eb3     0x6  Code  Gb  stm32f1xx_it.o [1]
TIM_Base_SetConfig      0x08007839    0x5e  Code  Gb  stm32f1xx_hal_tim.o [1]
TIM_CCxChannelCmd       0x08007997    0x12  Code  Gb  stm32f1xx_hal_tim.o [1]
TIM_ETR_SetConfig       0x08007983    0x14  Code  Lc  stm32f1xx_hal_tim.o [1]
TIM_ITRx_SetConfig      0x08007973    0x10  Code  Lc  stm32f1xx_hal_tim.o [1]
TIM_TI1_ConfigInputStage
                        0x080078fd    0x1e  Code  Lc  stm32f1xx_hal_tim.o [1]
TIM_TI1_SetConfig       0x08007897    0x4e  Code  Gb  stm32f1xx_hal_tim.o [1]
TIM_TI2_ConfigInputStage
                        0x0800794f    0x24  Code  Lc  stm32f1xx_hal_tim.o [1]
TIM_TI2_SetConfig       0x0800791b    0x34  Code  Lc  stm32f1xx_hal_tim.o [1]
UART_DMAAbortOnError    0x08004c61     0xc  Code  Lc  stm32f1xx_hal_uart.o [1]
UART_DMAError           0x08004be9    0x4a  Code  Lc  stm32f1xx_hal_uart.o [1]
UART_DMAReceiveCplt     0x08004ba9    0x38  Code  Lc  stm32f1xx_hal_uart.o [1]
UART_DMARxHalfCplt      0x08004be1     0x6  Code  Lc  stm32f1xx_hal_uart.o [1]
UART_DMATransmitCplt    0x08004b75    0x2a  Code  Lc  stm32f1xx_hal_uart.o [1]
UART_DMATxHalfCplt      0x08004ba1     0x6  Code  Lc  stm32f1xx_hal_uart.o [1]
UART_EndRxTransfer      0x08004c45    0x1c  Code  Lc  stm32f1xx_hal_uart.o [1]
UART_EndTxTransfer      0x08004c33    0x12  Code  Lc  stm32f1xx_hal_uart.o [1]
UART_Receive_IT         0x08004c6d    0x96  Code  Lc  stm32f1xx_hal_uart.o [1]
UART_SetConfig          0x08004d03    0xde  Code  Lc  stm32f1xx_hal_uart.o [1]
USART1_IRQHandler       0x08007eb9     0x6  Code  Gb  stm32f1xx_it.o [1]
USART2_IRQHandler       0x08007ebf     0x4  Code  Gb  stm32f1xx_it.o [1]
UsageFault_Handler      0x08007e81     0x2  Code  Gb  stm32f1xx_it.o [1]
_Encoding_8859_1_Mbrlen
                        0x08001235     0x2  Code  Gb  xencoding_8859_1.o [3]
_Encoding_8859_1_Mbtowc
                        0x0800122d     0x8  Code  Gb  xencoding_8859_1.o [3]
_Encoding_8859_1_Wctomb
                        0x0800121b    0x12  Code  Gb  xencoding_8859_1.o [3]
_Error_Handler          0x08006b7d     0x2  Code  Gb  main.o [1]
_GenldFull              0x08000d5d   0x274  Code  Lc  xprintffull.o [3]
_GetN                   0x08001f2d    0x22  Code  Lc  xscanffull.o [3]
_GetfldFull             0x0800218d   0x132  Code  Lc  xscanffull.o [3]
_GetfloatFull           0x080027e5   0x54c  Code  Lc  xscanffull.o [3]
_GetintFull             0x080025b9   0x224  Code  Lc  xscanffull.o [3]
_GetstrFull             0x08002301   0x2b2  Code  Lc  xscanffull.o [3]
_LdtobFull              0x08000931   0x3fe  Code  Lc  xprintffull.o [3]
_LitobFull              0x080007d9   0x112  Code  Lc  xprintffull.o [3]
_LocaleC_isalpha        0x08001103     0xc  Code  Gb  xlocale_c.o [3]
_LocaleC_islower        0x080010fd     0x4  Code  Gb  xlocale_c.o [3]
_LocaleC_isspace        0x08001119    0x14  Code  Gb  xlocale_c.o [3]
_LocaleC_isupper        0x08001101     0x2  Code  Gb  xlocale_c.o [3]
_LocaleC_tolower        0x0800112d     0xc  Code  Gb  xlocale_c.o [3]
_Locale_lconv           0x200003ec    0x38  Data  Lc  xlocale_c.o [3]
_PrintfFull             0x080000ed   0x1d6  Code  Gb  xprintffull.o [3]
_PutcharsFull           0x08000fd1    0x2e  Code  Lc  xprintffull.o [3]
_PutfldFull             0x08000355   0x2d0  Code  Lc  xprintffull.o [3]
_PutstrFull             0x0800071b    0xbe  Code  Lc  xprintffull.o [3]
_PuttxtFull             0x08000625    0xf6  Code  Lc  xprintffull.o [3]
_SProut                 0x08001337     0xa  Code  Gb  xsprout.o [3]
_SScin                  0x080012b7    0x1e  Code  Gb  xsscin.o [3]
_ScanfFull              0x08001f69   0x200  Code  Gb  xscanffull.o [3]
_UngetN                 0x08001f4f    0x1a  Code  Lc  xscanffull.o [3]
__aeabi_cdcmple         0x0800182d          Code  Gb  DblCmpLe.o [4]
__aeabi_cdrcmple        0x0800185d          Code  Gb  DblCmpGe.o [4]
__aeabi_d2f             0x0800358d          Code  Gb  DblToFlt.o [4]
__aeabi_d2iz            0x080019c9          Code  Gb  DblToS32.o [4]
__aeabi_d2uiz           0x08001d55          Code  Gb  DblToU32.o [4]
__aeabi_dadd            0x08001da1          Code  Gb  DblAdd.o [4]
__aeabi_ddiv            0x08001b0d          Code  Gb  DblDiv.o [4]
__aeabi_dmul            0x08001619          Code  Gb  DblMul.o [4]
__aeabi_dsub            0x08001a29          Code  Gb  DblSub.o [4]
__aeabi_i2d             0x08001a05          Code  Gb  S32ToDbl.o [4]
__aeabi_ldiv0           0x08001d9d          Code  Gb  I64DivZer.o [5]
__aeabi_memclr4         0x0800502d          Code  Gb  ABImemclr4.o [5]
__aeabi_memcpy          0x08001341          Code  Gb  ABImemcpy.o [5]
__aeabi_memcpy4         0x08001361          Code  Gb  ABImemcpy.o [5]
__aeabi_memcpy8         0x08001361          Code  Gb  ABImemcpy.o [5]
__aeabi_memmove         0x08005065          Code  Gb  ABImemmove.o [5]
__aeabi_memmove4        0x08005065          Code  Gb  ABImemmove.o [5]
__aeabi_memmove8        0x08005065          Code  Gb  ABImemmove.o [5]
__aeabi_ui2d            0x08001d7d          Code  Gb  U32ToDbl.o [4]
__aeabi_uldivmod        0x080013e9          Code  Gb  I64DivMod.o [5]
__cmain                 0x08007fd9          Code  Gb  cmain.o [5]
__exit                  0x08001f19    0x14  Code  Gb  exit.o [6]
__iar_Fail_s            0x08001241    0x1c  Code  Gb  xfail_s.o [3]
__iar_Mbcurmax          0x0800132d     0xa  Code  Gb  xmbcurmax.o [3]
__iar_Memchr            0x080012d5          Code  Gb  memchr.o [5]
__iar_Memset4_word      0x08006489          Code  Gb  ABImemset48.o [5]
__iar_Memset8_word      0x08006489          Code  Gb  ABImemset48.o [5]
__iar_Sto64             0x080033b1   0x154  Code  Gb  strto64.o [4]
__iar_Stoflt            0x0800372d   0x1c8  Code  Gb  iar_Stoflt.o [3]
__iar_Stollx            0x08002e65    0x96  Code  Gb  iar_Stollx.o [3]
__iar_Stopfx            0x08003609   0x122  Code  Gb  iar_Stopfx.o [3]
__iar_Stoullx           0x08002f01   0x15c  Code  Gb  iar_Stoullx.o [3]
__iar_Stoulx            0x080050fd   0x112  Code  Gb  iar_Stoulx.o [3]
__iar_Stoxflt           0x080038f5   0x1e6  Code  Gb  iar_Stoxflt.o [3]
__iar_Stoxflt::digits   0x08003ae0    0x18  Data  Lc  iar_Stoxflt.o [3]
__iar_Stoxflt::vals     0x08003af8    0x18  Data  Lc  iar_Stoxflt.o [3]
__iar_Strchr            0x08001205          Code  Gb  strchr.o [5]
__iar_dadd              0x08001a39          Code  Gb  DblSub.o [4]
__iar_data_init3        0x08007f91    0x28  Code  Gb  data_init.o [5]
__iar_dsub              0x08001db1          Code  Gb  DblAdd.o [4]
__iar_dsubStart         0x08001dc3          Code  Gb  DblAdd.o [4]
__iar_frexp             0x080017c9          Code  Gb  frexp.o [4]
__iar_frexp64           0x080017bd          Code  Gb  frexp.o [4]
__iar_frexpl            0x080017c9          Code  Gb  frexp.o [4]
__iar_globLocale        0x20000424    0x48  Data  Lc  xlocale_c.o [3]
__iar_global_Locale     0x08001139     0x4  Code  Gb  xlocale_c.o [3]
__iar_ldexp64           0x0800188d          Code  Gb  ldexp.o [4]
__iar_lz77_init_single3
                        0x08001083    0x7a  Code  Gb  lz77_init_single.o [5]
__iar_program_start     0x0800801d          Code  Gb  cstartup_M.o [5]
__iar_scalbln64         0x0800188d          Code  Gb  ldexp.o [4]
__iar_scalbn64          0x0800188d          Code  Gb  ldexp.o [4]
__iar_systems$$module {Abs}
                        0x00000001          Data  Gb  command line/config [2]
__iar_zero_init3        0x08007f51    0x40  Code  Gb  zero_init3.o [5]
__low_level_init        0x08007ff7     0x4  Code  Gb  low_level_init.o [3]
__vector_table          0x08000000          Data  Gb  startup_stm32f103xb.o [1]
_call_main              0x08007fe5          Code  Gb  cmain.o [5]
_exit                   0x08008001          Code  Gb  cexit.o [5]
_gLocale_mblen          0x080011e3     0x4  Code  Gb  xlocale_c.o [3]
_gLocale_mblenInt       0x08001161    0x34  Code  Gb  xlocale_c.o [3]
_gLocale_mbtowc         0x080011e7     0xc  Code  Gb  xlocale_c.o [3]
_gLocale_mbtowcInt      0x08001195    0x4a  Code  Gb  xlocale_c.o [3]
_gLocale_wctomb         0x080011f3     0x4  Code  Gb  xlocale_c.o [3]
_gLocale_wctombInt      0x080011df     0x4  Code  Gb  xlocale_c.o [3]
_main                   0x08007ff3          Code  Gb  cmain.o [5]
abort                   0x08001d97     0x6  Code  Gb  abort.o [3]
adc_value               0x2000402c    0xf0  Data  Gb  tools.o [1]
atoi                    0x08005215     0x2  Code  Gb  iar_Stoulx.o [3]
bc95_check_ack          0x08003c9f    0x20  Code  Gb  bc95.o [1]
bc95_check_recv         0x08004045    0x66  Code  Gb  bc95.o [1]
bc95_get_csq            0x08003ddf    0x60  Code  Gb  bc95.o [1]
bc95_get_iccid          0x08003d57    0x48  Code  Gb  bc95.o [1]
bc95_get_imei           0x08003d05    0x48  Code  Gb  bc95.o [1]
bc95_get_imsi           0x08003cbf    0x46  Code  Gb  bc95.o [1]
bc95_get_profile_status
                        0x08003da5    0x30  Code  Gb  bc95.o [1]
bc95_init               0x08003b11    0xda  Code  Gb  bc95.o [1]
bc95_open_recv          0x08003c7d    0x22  Code  Gb  bc95.o [1]
bc95_read_coap          0x08003feb    0x52  Code  Gb  bc95.o [1]
bc95_reboot             0x08003eb7    0x1c  Code  Gb  bc95.o [1]
bc95_recv               0x20000000   0x260  Data  Gb  bc95.o [1]
bc95_recv_idle_callback
                        0x080040ab    0x60  Code  Gb  bc95.o [1]
bc95_send_coap          0x08003edd    0xfe  Code  Gb  bc95.o [1]
bc95_send_command       0x08003c01    0x7c  Code  Gb  bc95.o [1]
bc95_set_server_ip      0x08003e41    0x6e  Code  Gb  bc95.o [1]
bc95_status             0x20000260    0x3c  Data  Gb  bc95.o [1]
beep                    0x080055e9    0x28  Code  Gb  tools.o [1]
cmd_check               0x2000029c     0x8  Data  Gb  bc95.o [1]
cmd_check_recv          0x2000030c     0xc  Data  Gb  bc95.o [1]
cmd_coap_get_data       0x20000364     0xc  Data  Gb  bc95.o [1]
cmd_coap_have_recv      0x2000038c     0x8  Data  Gb  bc95.o [1]
cmd_coap_send_ok        0x200003c4     0xc  Data  Gb  bc95.o [1]
cmd_disconnect          0x20000370     0xc  Data  Gb  bc95.o [1]
cmd_get_csq             0x200002f4     0xc  Data  Gb  bc95.o [1]
cmd_get_iccid           0x20000300     0xc  Data  Gb  bc95.o [1]
cmd_get_imei            0x200002e8     0xc  Data  Gb  bc95.o [1]
cmd_get_imsi            0x200002dc     0xc  Data  Gb  bc95.o [1]
cmd_get_profile_status  0x200002d0     0xc  Data  Gb  bc95.o [1]
cmd_get_server_ip       0x20000358     0xc  Data  Gb  bc95.o [1]
cmd_ok                  0x20000388     0x4  Data  Gb  bc95.o [1]
cmd_set_fully_funtion   0x2000037c     0xc  Data  Gb  bc95.o [1]
cmd_set_pdp             0x200002c0    0x10  Data  Gb  bc95.o [1]
cmd_set_pdp_context     0x20000330    0x28  Data  Gb  bc95.o [1]
cmd_set_recv_flag       0x20000324     0xc  Data  Gb  bc95.o [1]
cmd_set_sended_flag     0x20000318     0xc  Data  Gb  bc95.o [1]
cmd_unset_back          0x200002a4     0xc  Data  Gb  bc95.o [1]
cmd_unset_psm           0x200002b0    0x10  Data  Gb  bc95.o [1]
ddiv                    0x08003193    0x7a  Code  Lc  strto64.o [4]
device_error            0x200044c4     0x8  Data  Gb  app.o [1]
device_status           0x20004248    0x78  Data  Gb  app.o [1]
digits                  0x08005220    0x28  Data  Lc  iar_Stoulx.o [3]
digits                  0x08003068    0x28  Data  Lc  iar_Stoullx.o [3]
dmul                    0x08003119    0x7a  Code  Lc  strto64.o [4]
exit                    0x08007ffb     0x4  Code  Gb  exit.o [3]
feed_wdi                0x080055e1     0x8  Code  Gb  tools.o [1]
frexp                   0x080017bd          Code  Gb  frexp.o [4]
frexpl                  0x080017bd          Code  Gb  frexp.o [4]
get_high_switch         0x08005309     0x4  Code  Gb  tools.o [1]
get_low_switch          0x08005303     0x6  Code  Gb  tools.o [1]
hadc1                   0x20004484    0x30  Data  Gb  adc.o [1]
hdma_adc1               0x200042c0    0x44  Data  Gb  adc.o [1]
hdma_usart1_rx          0x20003f1c    0x44  Data  Gb  usart.o [1]
hdma_usart1_tx          0x20003f60    0x44  Data  Gb  usart.o [1]
hdma_usart2_rx          0x20003fa4    0x44  Data  Gb  usart.o [1]
hdma_usart2_tx          0x20003fe8    0x44  Data  Gb  usart.o [1]
header                  0x200003a8     0xc  Data  Gb  bc95.o [1]
htim1                   0x20004344    0x40  Data  Gb  tim.o [1]
htim2                   0x20004384    0x40  Data  Gb  tim.o [1]
htim3                   0x200043c4    0x40  Data  Gb  tim.o [1]
htim4                   0x20004304    0x40  Data  Gb  stm32f1xx_hal_timebase_TIM.o [1]
huart1                  0x20004404    0x40  Data  Gb  usart.o [1]
huart2                  0x20004444    0x40  Data  Gb  usart.o [1]
isalpha                 0x08003579    0x14  Code  Gb  isalpha.o [3]
isspace                 0x08002e51    0x14  Code  Gb  isspace.o [3]
ldexp                   0x0800188d          Code  Gb  ldexp.o [4]
ldexpl                  0x0800188d          Code  Gb  ldexp.o [4]
localeconv              0x080011f7     0x4  Code  Gb  xlocale_c.o [3]
main                    0x08006a79    0x60  Code  Gb  main.o [1]
makeFreeRtosPriority    0x08004ded     0xc  Code  Lc  cmsis_os.o [1]
memchr                  0x080012d5          Code  Gb  memchr.o [5]
ndigs                   0x08005248    0x28  Data  Lc  iar_Stoulx.o [3]
ndigs                   0x08003090    0x28  Data  Lc  iar_Stoullx.o [3]
open_wdi                0x080055d5     0x4  Code  Gb  tools.o [1]
osDelay                 0x08004e31     0xe  Code  Gb  cmsis_os.o [1]
osKernelStart           0x08004df9     0xa  Code  Gb  cmsis_os.o [1]
osSystickHandler        0x08004e3f    0x14  Code  Gb  cmsis_os.o [1]
osThreadCreate          0x08004e03    0x2e  Code  Gb  cmsis_os.o [1]
pows                    0x08003530    0x48  Data  Lc  strto64.o [4]
processing_server_command
                        0x08005361   0x1d2  Code  Gb  tools.o [1]
prvAddCurrentTaskToDelayedList
                        0x08004795    0x64  Code  Lc  tasks.o [1]
prvAddNewTaskToReadyList
                        0x08004289    0xa6  Code  Lc  tasks.o [1]
prvDeleteTCB            0x08004709    0x14  Code  Lc  tasks.o [1]
prvIdleTask             0x080046a1    0x62  Code  Lc  tasks.o [1]
prvInitialiseNewTask    0x08004211    0x78  Code  Lc  tasks.o [1]
prvInsertBlockIntoFreeList
                        0x080057b1    0x46  Code  Lc  heap_4.o [1]
prvResetNextTaskUnblockTime
                        0x0800471d    0x1c  Code  Lc  tasks.o [1]
prvTaskExitError        0x080058ad    0x28  Code  Lc  port.o [1]
pvPortMalloc            0x0800564d   0x102  Code  Gb  heap_4.o [1]
pxCurrentTCB            0x20004144     0x4  Data  Gb  tasks.o [1]
pxDelayedTaskList       0x20004148     0x4  Data  Lc  tasks.o [1]
pxEnd                   0x20000474     0x4  Data  Lc  heap_4.o [1]
pxOverflowDelayedTaskList
                        0x2000414c     0x4  Data  Lc  tasks.o [1]
pxPortInitialiseStack   0x0800588d    0x20  Code  Gb  port.o [1]
pxReadyTasksLists       0x200041bc    0x8c  Data  Lc  tasks.o [1]
ranmatch                0x080022bf    0x42  Code  Lc  xscanffull.o [3]
registe_device          0x08004811    0x24  Code  Gb  app.o [1]
scalbln                 0x0800188d          Code  Gb  ldexp.o [4]
scalblnl                0x0800188d          Code  Gb  ldexp.o [4]
scalbn                  0x0800188d          Code  Gb  ldexp.o [4]
scalbnl                 0x0800188d          Code  Gb  ldexp.o [4]
scale                   0x080008eb    0x46  Code  Lc  xprintffull.o [3]
sec_hand                0x200044d4     0x4  Data  Lc  xfail_s.o [3]
server_ip               0x20000394    0x14  Data  Gb  bc95.o [1]
sprintf                 0x08005291    0x40  Code  Gb  sprintf.o [3]
sscanf                  0x080069c9    0x28  Code  Gb  sscanf.o [3]
start_adc               0x080052e7    0x1c  Code  Gb  tools.o [1]
start_create_water      0x08005549    0x24  Code  Gb  tools.o [1]
start_rinse             0x08005589    0x26  Code  Gb  tools.o [1]
status_error_led        0x080055b1     0x2  Code  Gb  tools.o [1]
status_network_led      0x080055af     0x2  Code  Gb  tools.o [1]
stop_create_water       0x0800556d    0x16  Code  Gb  tools.o [1]
stop_rinse              0x080055bf     0xa  Code  Gb  tools.o [1]
strcat                  0x08005271    0x20  Code  Gb  strcat.o [3]
strchr                  0x08001205          Code  Gb  strchr.o [5]
strlen                  0x08001281          Code  Gb  strlen.o [5]
strstr                  0x08005033    0x30  Code  Gb  strstr.o [3]
strtoll                 0x08002efb     0x2  Code  Gb  iar_Stollx.o [3]
strtoull                0x08003063     0x2  Code  Gb  iar_Stoullx.o [3]
test                    0x200003b4    0x10  Data  Gb  bc95.o [1]
tolower                 0x080035f5    0x14  Code  Gb  tolower.o [3]
ucHeap                  0x20000484  0x3a98  Data  Lc  heap_4.o [1]
ucMaxSysCallPriority    0x200003d0     0x1  Data  Lc  port.o [1]
ulMaxPRIGROUPValue      0x200003d8     0x4  Data  Lc  port.o [1]
uwTick                  0x200003e0     0x4  Data  Gb  stm32f1xx_hal.o [1]
uwTickFreq              0x200003dc     0x1  Data  Gb  stm32f1xx_hal.o [1]
uwTickPrio              0x200003e4     0x4  Data  Gb  stm32f1xx_hal.o [1]
uxCriticalNesting       0x200003d4     0x4  Data  Lc  port.o [1]
uxCurrentNumberOfTasks  0x20004168     0x4  Data  Lc  tasks.o [1]
uxDeletedTasksWaitingCleanUp
                        0x20004150     0x4  Data  Lc  tasks.o [1]
uxListRemove            0x08005867    0x24  Code  Gb  list.o [1]
uxPendedTicks           0x20004178     0x4  Data  Lc  tasks.o [1]
uxSchedulerSuspended    0x2000418c     0x4  Data  Lc  tasks.o [1]
uxTaskNumber            0x20004184     0x4  Data  Lc  tasks.o [1]
uxTopReadyPriority      0x20004170     0x4  Data  Lc  tasks.o [1]
vListInitialise         0x080057fd    0x1a  Code  Gb  list.o [1]
vListInitialiseItem     0x08005817     0x6  Code  Gb  list.o [1]
vListInsert             0x08005835    0x32  Code  Gb  list.o [1]
vListInsertEnd          0x0800581d    0x18  Code  Gb  list.o [1]
vPortEnterCritical      0x08005939    0x32  Code  Gb  port.o [1]
vPortExitCritical       0x0800596b    0x22  Code  Gb  port.o [1]
vPortFree               0x0800575d    0x46  Code  Gb  heap_4.o [1]
vPortStartFirstTask     0x08006a57          Code  Gb  portasm.o [1]
vTaskDelay              0x0800438f    0x2a  Code  Gb  tasks.o [1]
vTaskDelete             0x0800432f    0x60  Code  Gb  tasks.o [1]
vTaskStartScheduler     0x08004489    0x54  Code  Gb  tasks.o [1]
vTaskSuspend            0x080043d3    0x62  Code  Gb  tasks.o [1]
vTaskSuspendAll         0x080044dd     0xc  Code  Gb  tasks.o [1]
vTaskSwitchContext      0x0800464b    0x56  Code  Gb  tasks.o [1]
wctob                   0x08002e15    0x32  Code  Gb  wctob.o [3]
xBlockAllocatedBit      0x20000480     0x4  Data  Lc  heap_4.o [1]
xDelayedTaskList1       0x20004190    0x14  Data  Lc  tasks.o [1]
xDelayedTaskList2       0x200041a4    0x14  Data  Lc  tasks.o [1]
xFreeBytesRemaining     0x20000478     0x4  Data  Lc  heap_4.o [1]
xIdleTaskHandle         0x200041b8     0x4  Data  Lc  tasks.o [1]
xMinimumEverFreeBytesRemaining
                        0x2000047c     0x4  Data  Lc  heap_4.o [1]
xNextTaskUnblockTime    0x20004188     0x4  Data  Lc  tasks.o [1]
xNumOfOverflows         0x20004180     0x4  Data  Lc  tasks.o [1]
xPendingReadyList       0x2000411c    0x14  Data  Lc  tasks.o [1]
xPortStartScheduler     0x080058d5    0x64  Code  Gb  port.o [1]
xPortSysTickHandler     0x0800598d    0x26  Code  Gb  port.o [1]
xSchedulerRunning       0x20004174     0x4  Data  Lc  tasks.o [1]
xStart                  0x2000046c     0x8  Data  Lc  heap_4.o [1]
xSuspendedTaskList      0x20004154    0x14  Data  Lc  tasks.o [1]
xTaskCreate             0x080041b9    0x58  Code  Gb  tasks.o [1]
xTaskGetSchedulerState  0x08004739    0x18  Code  Gb  tasks.o [1]
xTaskIncrementTick      0x0800458d    0xbe  Code  Gb  tasks.o [1]
xTaskResumeAll          0x080044e9    0x9c  Code  Gb  tasks.o [1]
xTasksWaitingTermination
                        0x20004130    0x14  Data  Lc  tasks.o [1]
xTickCount              0x2000416c     0x4  Data  Lc  tasks.o [1]
xYieldPending           0x2000417c     0x4  Data  Lc  tasks.o [1]


[1] = C:\Users\orange\iCloudDrive\CH\CH_HOME_RO_CODE\CH_HOME_RO_CODE\EWARM\CH_RHY_HOME_RO_CODE\Obj
[2] = command line
[3] = dl7M_tlf.a
[4] = m7M_tl.a
[5] = rt7M_tl.a
[6] = shb_l.a

  32 824 bytes of readonly  code memory
     424 bytes of readonly  data memory
  18 648 bytes of readwrite data memory

Errors: none
Warnings: none
